running egg_info
writing build/agv/agv.egg-info/PKG-INFO
writing dependency_links to build/agv/agv.egg-info/dependency_links.txt
writing entry points to build/agv/agv.egg-info/entry_points.txt
writing requirements to build/agv/agv.egg-info/requires.txt
writing top-level names to build/agv/agv.egg-info/top_level.txt
reading manifest file 'build/agv/agv.egg-info/SOURCES.txt'
writing manifest file 'build/agv/agv.egg-info/SOURCES.txt'
running build
running build_py
running install
running install_lib
running install_data
copying AGV.urdf -> /home/sanket/Documents/XP_Robotics/StepFile_gazebo/AGV/install/agv/share/agv
running install_egg_info
removing '/home/sanket/Documents/XP_Robotics/StepFile_gazebo/AGV/install/agv/lib/python3.10/site-packages/agv-0.0.0-py3.10.egg-info' (and everything under it)
Copying build/agv/agv.egg-info to /home/sanket/Documents/XP_Robotics/StepFile_gazebo/AGV/install/agv/lib/python3.10/site-packages/agv-0.0.0-py3.10.egg-info
running install_scripts
Installing analyze_results script to /home/sanket/Documents/XP_Robotics/StepFile_gazebo/AGV/install/agv/lib/agv
Installing goal_pid_controller script to /home/sanket/Documents/XP_Robotics/StepFile_gazebo/AGV/install/agv/lib/agv
Installing run_tests script to /home/sanket/Documents/XP_Robotics/StepFile_gazebo/AGV/install/agv/lib/agv
writing list of installed files to '/home/sanket/Documents/XP_Robotics/StepFile_gazebo/AGV/build/agv/install.log'
