[0.918s] Invoking command in '/home/sanket/Documents/XP_Robotics/StepFile_gazebo/AGV/agv_simulation_workspace/src/agv': PYTHONPATH=/home/sanket/Documents/XP_Robotics/StepFile_gazebo/AGV/agv_simulation_workspace/build/agv/prefix_override:/usr/lib/python3/dist-packages/colcon_core/task/python/colcon_distutils_commands:/home/sanket/Documents/XP_Robotics/StepFile_gazebo/AGV/agv_simulation_workspace/install/agv/lib/python3.10/site-packages:${PYTHONPATH} /usr/bin/python3 -W ignore:setup.py install is deprecated -W ignore:easy_install command is deprecated setup.py egg_info --egg-base ../../build/agv build --build-base /home/sanket/Documents/XP_Robotics/StepFile_gazebo/AGV/agv_simulation_workspace/build/agv/build install --record /home/sanket/Documents/XP_Robotics/StepFile_gazebo/AGV/agv_simulation_workspace/build/agv/install.log --install-scripts $base/lib/agv --single-version-externally-managed install_data
[1.244s] running egg_info
[1.245s] writing ../../build/agv/agv.egg-info/PKG-INFO
[1.245s] writing dependency_links to ../../build/agv/agv.egg-info/dependency_links.txt
[1.245s] writing entry points to ../../build/agv/agv.egg-info/entry_points.txt
[1.245s] writing requirements to ../../build/agv/agv.egg-info/requires.txt
[1.245s] writing top-level names to ../../build/agv/agv.egg-info/top_level.txt
[1.248s] reading manifest file '../../build/agv/agv.egg-info/SOURCES.txt'
[1.248s] writing manifest file '../../build/agv/agv.egg-info/SOURCES.txt'
[1.249s] running build
[1.249s] running build_py
[1.249s] copying agv/test_orchestrator.py -> /home/sanket/Documents/XP_Robotics/StepFile_gazebo/AGV/agv_simulation_workspace/build/agv/build/lib/agv
[1.249s] running install
[1.250s] running install_lib
[1.250s] copying /home/sanket/Documents/XP_Robotics/StepFile_gazebo/AGV/agv_simulation_workspace/build/agv/build/lib/agv/test_orchestrator.py -> /home/sanket/Documents/XP_Robotics/StepFile_gazebo/AGV/agv_simulation_workspace/install/agv/lib/python3.10/site-packages/agv
[1.251s] byte-compiling /home/sanket/Documents/XP_Robotics/StepFile_gazebo/AGV/agv_simulation_workspace/install/agv/lib/python3.10/site-packages/agv/test_orchestrator.py to test_orchestrator.cpython-310.pyc
[1.252s] running install_data
[1.253s] running install_egg_info
[1.255s] removing '/home/sanket/Documents/XP_Robotics/StepFile_gazebo/AGV/agv_simulation_workspace/install/agv/lib/python3.10/site-packages/agv-0.0.0-py3.10.egg-info' (and everything under it)
[1.255s] Copying ../../build/agv/agv.egg-info to /home/sanket/Documents/XP_Robotics/StepFile_gazebo/AGV/agv_simulation_workspace/install/agv/lib/python3.10/site-packages/agv-0.0.0-py3.10.egg-info
[1.256s] running install_scripts
[1.277s] Installing analyze_results script to /home/sanket/Documents/XP_Robotics/StepFile_gazebo/AGV/agv_simulation_workspace/install/agv/lib/agv
[1.277s] Installing goal_pid_controller script to /home/sanket/Documents/XP_Robotics/StepFile_gazebo/AGV/agv_simulation_workspace/install/agv/lib/agv
[1.277s] Installing random_orchestrator script to /home/sanket/Documents/XP_Robotics/StepFile_gazebo/AGV/agv_simulation_workspace/install/agv/lib/agv
[1.277s] Installing run_tests script to /home/sanket/Documents/XP_Robotics/StepFile_gazebo/AGV/agv_simulation_workspace/install/agv/lib/agv
[1.277s] Installing test_orchestrator script to /home/sanket/Documents/XP_Robotics/StepFile_gazebo/AGV/agv_simulation_workspace/install/agv/lib/agv
[1.278s] Installing tf_to_odom script to /home/sanket/Documents/XP_Robotics/StepFile_gazebo/AGV/agv_simulation_workspace/install/agv/lib/agv
[1.278s] writing list of installed files to '/home/sanket/Documents/XP_Robotics/StepFile_gazebo/AGV/agv_simulation_workspace/build/agv/install.log'
[1.318s] Invoked command in '/home/sanket/Documents/XP_Robotics/StepFile_gazebo/AGV/agv_simulation_workspace/src/agv' returned '0': PYTHONPATH=/home/sanket/Documents/XP_Robotics/StepFile_gazebo/AGV/agv_simulation_workspace/build/agv/prefix_override:/usr/lib/python3/dist-packages/colcon_core/task/python/colcon_distutils_commands:/home/sanket/Documents/XP_Robotics/StepFile_gazebo/AGV/agv_simulation_workspace/install/agv/lib/python3.10/site-packages:${PYTHONPATH} /usr/bin/python3 -W ignore:setup.py install is deprecated -W ignore:easy_install command is deprecated setup.py egg_info --egg-base ../../build/agv build --build-base /home/sanket/Documents/XP_Robotics/StepFile_gazebo/AGV/agv_simulation_workspace/build/agv/build install --record /home/sanket/Documents/XP_Robotics/StepFile_gazebo/AGV/agv_simulation_workspace/build/agv/install.log --install-scripts $base/lib/agv --single-version-externally-managed install_data
