running egg_info
creating build/agv/agv.egg-info
writing build/agv/agv.egg-info/PKG-INFO
writing dependency_links to build/agv/agv.egg-info/dependency_links.txt
writing entry points to build/agv/agv.egg-info/entry_points.txt
writing requirements to build/agv/agv.egg-info/requires.txt
writing top-level names to build/agv/agv.egg-info/top_level.txt
writing manifest file 'build/agv/agv.egg-info/SOURCES.txt'
reading manifest file 'build/agv/agv.egg-info/SOURCES.txt'
writing manifest file 'build/agv/agv.egg-info/SOURCES.txt'
running build
running build_py
creating /home/sanket/Documents/XP_Robotics/StepFile_gazebo/AGV/build/agv/build
creating /home/sanket/Documents/XP_Robotics/StepFile_gazebo/AGV/build/agv/build/lib
creating /home/sanket/Documents/XP_Robotics/StepFile_gazebo/AGV/build/agv/build/lib/agv
copying agv/goal_pid_controller.py -> /home/sanket/Documents/XP_Robotics/StepFile_gazebo/AGV/build/agv/build/lib/agv
copying agv/__init__.py -> /home/sanket/Documents/XP_Robotics/StepFile_gazebo/AGV/build/agv/build/lib/agv
running install
running install_lib
creating /home/sanket/Documents/XP_Robotics/StepFile_gazebo/AGV/install/agv/lib/python3.10/site-packages/agv
copying /home/sanket/Documents/XP_Robotics/StepFile_gazebo/AGV/build/agv/build/lib/agv/goal_pid_controller.py -> /home/sanket/Documents/XP_Robotics/StepFile_gazebo/AGV/install/agv/lib/python3.10/site-packages/agv
copying /home/sanket/Documents/XP_Robotics/StepFile_gazebo/AGV/build/agv/build/lib/agv/__init__.py -> /home/sanket/Documents/XP_Robotics/StepFile_gazebo/AGV/install/agv/lib/python3.10/site-packages/agv
byte-compiling /home/sanket/Documents/XP_Robotics/StepFile_gazebo/AGV/install/agv/lib/python3.10/site-packages/agv/goal_pid_controller.py to goal_pid_controller.cpython-310.pyc
byte-compiling /home/sanket/Documents/XP_Robotics/StepFile_gazebo/AGV/install/agv/lib/python3.10/site-packages/agv/__init__.py to __init__.cpython-310.pyc
running install_data
creating /home/sanket/Documents/XP_Robotics/StepFile_gazebo/AGV/install/agv/share/ament_index
creating /home/sanket/Documents/XP_Robotics/StepFile_gazebo/AGV/install/agv/share/ament_index/resource_index
creating /home/sanket/Documents/XP_Robotics/StepFile_gazebo/AGV/install/agv/share/ament_index/resource_index/packages
copying resource/agv -> /home/sanket/Documents/XP_Robotics/StepFile_gazebo/AGV/install/agv/share/ament_index/resource_index/packages
copying package.xml -> /home/sanket/Documents/XP_Robotics/StepFile_gazebo/AGV/install/agv/share/agv
creating /home/sanket/Documents/XP_Robotics/StepFile_gazebo/AGV/install/agv/share/agv/launch
copying launch/agv_bringup.launch.py -> /home/sanket/Documents/XP_Robotics/StepFile_gazebo/AGV/install/agv/share/agv/launch
creating /home/sanket/Documents/XP_Robotics/StepFile_gazebo/AGV/install/agv/share/agv/config
copying config/agv.rviz -> /home/sanket/Documents/XP_Robotics/StepFile_gazebo/AGV/install/agv/share/agv/config
copying AGV.urdf -> /home/sanket/Documents/XP_Robotics/StepFile_gazebo/AGV/install/agv/share/agv
copying AGV.sdf -> /home/sanket/Documents/XP_Robotics/StepFile_gazebo/AGV/install/agv/share/agv
copying AGV.world -> /home/sanket/Documents/XP_Robotics/StepFile_gazebo/AGV/install/agv/share/agv
creating /home/sanket/Documents/XP_Robotics/StepFile_gazebo/AGV/install/agv/share/agv/meshes
copying meshes/scanner-v2.stl -> /home/sanket/Documents/XP_Robotics/StepFile_gazebo/AGV/install/agv/share/agv/meshes
copying meshes/ZLtech_6.5inch-v3-1.stl -> /home/sanket/Documents/XP_Robotics/StepFile_gazebo/AGV/install/agv/share/agv/meshes
copying meshes/AGV_Body-v1.stl -> /home/sanket/Documents/XP_Robotics/StepFile_gazebo/AGV/install/agv/share/agv/meshes
copying meshes/ZLtech_6.5inch-v3.stl -> /home/sanket/Documents/XP_Robotics/StepFile_gazebo/AGV/install/agv/share/agv/meshes
running install_egg_info
Copying build/agv/agv.egg-info to /home/sanket/Documents/XP_Robotics/StepFile_gazebo/AGV/install/agv/lib/python3.10/site-packages/agv-0.0.0-py3.10.egg-info
running install_scripts
Installing goal_pid_controller script to /home/sanket/Documents/XP_Robotics/StepFile_gazebo/AGV/install/agv/lib/agv
writing list of installed files to '/home/sanket/Documents/XP_Robotics/StepFile_gazebo/AGV/build/agv/install.log'
