[0.665s] Invoking command in '/home/sanket/Documents/XP_Robotics/StepFile_gazebo/AGV': PYTHONPATH=/home/sanket/Documents/XP_Robotics/StepFile_gazebo/AGV/build/agv/prefix_override:/usr/lib/python3/dist-packages/colcon_core/task/python/colcon_distutils_commands:/home/sanket/Documents/XP_Robotics/StepFile_gazebo/AGV/install/agv/lib/python3.10/site-packages:${PYTHONPATH} /usr/bin/python3 -W ignore:setup.py install is deprecated -W ignore:easy_install command is deprecated setup.py egg_info --egg-base build/agv build --build-base /home/sanket/Documents/XP_Robotics/StepFile_gazebo/AGV/build/agv/build install --record /home/sanket/Documents/XP_Robotics/StepFile_gazebo/AGV/build/agv/install.log --install-scripts $base/lib/agv --single-version-externally-managed install_data
[0.888s] running egg_info
[0.888s] creating build/agv/agv.egg-info
[0.889s] writing build/agv/agv.egg-info/PKG-INFO
[0.889s] writing dependency_links to build/agv/agv.egg-info/dependency_links.txt
[0.889s] writing entry points to build/agv/agv.egg-info/entry_points.txt
[0.889s] writing requirements to build/agv/agv.egg-info/requires.txt
[0.889s] writing top-level names to build/agv/agv.egg-info/top_level.txt
[0.889s] writing manifest file 'build/agv/agv.egg-info/SOURCES.txt'
[0.890s] reading manifest file 'build/agv/agv.egg-info/SOURCES.txt'
[0.891s] writing manifest file 'build/agv/agv.egg-info/SOURCES.txt'
[0.891s] running build
[0.891s] running build_py
[0.891s] creating /home/sanket/Documents/XP_Robotics/StepFile_gazebo/AGV/build/agv/build
[0.891s] creating /home/sanket/Documents/XP_Robotics/StepFile_gazebo/AGV/build/agv/build/lib
[0.891s] creating /home/sanket/Documents/XP_Robotics/StepFile_gazebo/AGV/build/agv/build/lib/agv
[0.891s] copying agv/goal_pid_controller.py -> /home/sanket/Documents/XP_Robotics/StepFile_gazebo/AGV/build/agv/build/lib/agv
[0.891s] copying agv/__init__.py -> /home/sanket/Documents/XP_Robotics/StepFile_gazebo/AGV/build/agv/build/lib/agv
[0.891s] running install
[0.891s] running install_lib
[0.892s] creating /home/sanket/Documents/XP_Robotics/StepFile_gazebo/AGV/install/agv/lib/python3.10/site-packages/agv
[0.892s] copying /home/sanket/Documents/XP_Robotics/StepFile_gazebo/AGV/build/agv/build/lib/agv/goal_pid_controller.py -> /home/sanket/Documents/XP_Robotics/StepFile_gazebo/AGV/install/agv/lib/python3.10/site-packages/agv
[0.892s] copying /home/sanket/Documents/XP_Robotics/StepFile_gazebo/AGV/build/agv/build/lib/agv/__init__.py -> /home/sanket/Documents/XP_Robotics/StepFile_gazebo/AGV/install/agv/lib/python3.10/site-packages/agv
[0.892s] byte-compiling /home/sanket/Documents/XP_Robotics/StepFile_gazebo/AGV/install/agv/lib/python3.10/site-packages/agv/goal_pid_controller.py to goal_pid_controller.cpython-310.pyc
[0.893s] byte-compiling /home/sanket/Documents/XP_Robotics/StepFile_gazebo/AGV/install/agv/lib/python3.10/site-packages/agv/__init__.py to __init__.cpython-310.pyc
[0.893s] running install_data
[0.893s] creating /home/sanket/Documents/XP_Robotics/StepFile_gazebo/AGV/install/agv/share/ament_index
[0.893s] creating /home/sanket/Documents/XP_Robotics/StepFile_gazebo/AGV/install/agv/share/ament_index/resource_index
[0.893s] creating /home/sanket/Documents/XP_Robotics/StepFile_gazebo/AGV/install/agv/share/ament_index/resource_index/packages
[0.893s] copying resource/agv -> /home/sanket/Documents/XP_Robotics/StepFile_gazebo/AGV/install/agv/share/ament_index/resource_index/packages
[0.893s] copying package.xml -> /home/sanket/Documents/XP_Robotics/StepFile_gazebo/AGV/install/agv/share/agv
[0.893s] creating /home/sanket/Documents/XP_Robotics/StepFile_gazebo/AGV/install/agv/share/agv/launch
[0.893s] copying launch/agv_bringup.launch.py -> /home/sanket/Documents/XP_Robotics/StepFile_gazebo/AGV/install/agv/share/agv/launch
[0.893s] creating /home/sanket/Documents/XP_Robotics/StepFile_gazebo/AGV/install/agv/share/agv/config
[0.893s] copying config/agv.rviz -> /home/sanket/Documents/XP_Robotics/StepFile_gazebo/AGV/install/agv/share/agv/config
[0.893s] copying AGV.urdf -> /home/sanket/Documents/XP_Robotics/StepFile_gazebo/AGV/install/agv/share/agv
[0.896s] copying AGV.sdf -> /home/sanket/Documents/XP_Robotics/StepFile_gazebo/AGV/install/agv/share/agv
[0.896s] copying AGV.world -> /home/sanket/Documents/XP_Robotics/StepFile_gazebo/AGV/install/agv/share/agv
[0.896s] creating /home/sanket/Documents/XP_Robotics/StepFile_gazebo/AGV/install/agv/share/agv/meshes
[0.896s] copying meshes/scanner-v2.stl -> /home/sanket/Documents/XP_Robotics/StepFile_gazebo/AGV/install/agv/share/agv/meshes
[0.896s] copying meshes/ZLtech_6.5inch-v3-1.stl -> /home/sanket/Documents/XP_Robotics/StepFile_gazebo/AGV/install/agv/share/agv/meshes
[0.897s] copying meshes/AGV_Body-v1.stl -> /home/sanket/Documents/XP_Robotics/StepFile_gazebo/AGV/install/agv/share/agv/meshes
[0.903s] copying meshes/ZLtech_6.5inch-v3.stl -> /home/sanket/Documents/XP_Robotics/StepFile_gazebo/AGV/install/agv/share/agv/meshes
[0.904s] running install_egg_info
[0.905s] Copying build/agv/agv.egg-info to /home/sanket/Documents/XP_Robotics/StepFile_gazebo/AGV/install/agv/lib/python3.10/site-packages/agv-0.0.0-py3.10.egg-info
[0.906s] running install_scripts
[0.920s] Installing goal_pid_controller script to /home/sanket/Documents/XP_Robotics/StepFile_gazebo/AGV/install/agv/lib/agv
[0.921s] writing list of installed files to '/home/sanket/Documents/XP_Robotics/StepFile_gazebo/AGV/build/agv/install.log'
[0.945s] Invoked command in '/home/sanket/Documents/XP_Robotics/StepFile_gazebo/AGV' returned '0': PYTHONPATH=/home/sanket/Documents/XP_Robotics/StepFile_gazebo/AGV/build/agv/prefix_override:/usr/lib/python3/dist-packages/colcon_core/task/python/colcon_distutils_commands:/home/sanket/Documents/XP_Robotics/StepFile_gazebo/AGV/install/agv/lib/python3.10/site-packages:${PYTHONPATH} /usr/bin/python3 -W ignore:setup.py install is deprecated -W ignore:easy_install command is deprecated setup.py egg_info --egg-base build/agv build --build-base /home/sanket/Documents/XP_Robotics/StepFile_gazebo/AGV/build/agv/build install --record /home/sanket/Documents/XP_Robotics/StepFile_gazebo/AGV/build/agv/install.log --install-scripts $base/lib/agv --single-version-externally-managed install_data
