running develop
Removing /home/sanket/Documents/XP_Robotics/StepFile_gazebo/AGV/agv_simulation_workspace/install/agv/lib/python3.10/site-packages/agv.egg-link (link to .)
running egg_info
writing ../../build/agv/agv.egg-info/PKG-INFO
writing dependency_links to ../../build/agv/agv.egg-info/dependency_links.txt
writing entry points to ../../build/agv/agv.egg-info/entry_points.txt
writing requirements to ../../build/agv/agv.egg-info/requires.txt
writing top-level names to ../../build/agv/agv.egg-info/top_level.txt
reading manifest file '../../build/agv/agv.egg-info/SOURCES.txt'
writing manifest file '../../build/agv/agv.egg-info/SOURCES.txt'
running build
running build_py
creating /home/sanket/Documents/XP_Robotics/StepFile_gazebo/AGV/agv_simulation_workspace/build/agv/build
creating /home/sanket/Documents/XP_Robotics/StepFile_gazebo/AGV/agv_simulation_workspace/build/agv/build/lib
creating /home/sanket/Documents/XP_Robotics/StepFile_gazebo/AGV/agv_simulation_workspace/build/agv/build/lib/agv
copying agv/analyze_results.py -> /home/sanket/Documents/XP_Robotics/StepFile_gazebo/AGV/agv_simulation_workspace/build/agv/build/lib/agv
copying agv/tf_to_odom.py -> /home/sanket/Documents/XP_Robotics/StepFile_gazebo/AGV/agv_simulation_workspace/build/agv/build/lib/agv
copying agv/random_orchestrator.py -> /home/sanket/Documents/XP_Robotics/StepFile_gazebo/AGV/agv_simulation_workspace/build/agv/build/lib/agv
copying agv/goal_pid_controller.py -> /home/sanket/Documents/XP_Robotics/StepFile_gazebo/AGV/agv_simulation_workspace/build/agv/build/lib/agv
copying agv/__init__.py -> /home/sanket/Documents/XP_Robotics/StepFile_gazebo/AGV/agv_simulation_workspace/build/agv/build/lib/agv
copying agv/run_tests.py -> /home/sanket/Documents/XP_Robotics/StepFile_gazebo/AGV/agv_simulation_workspace/build/agv/build/lib/agv
copying agv/test_orchestrator.py -> /home/sanket/Documents/XP_Robotics/StepFile_gazebo/AGV/agv_simulation_workspace/build/agv/build/lib/agv
running install
running install_lib
creating /home/sanket/Documents/XP_Robotics/StepFile_gazebo/AGV/agv_simulation_workspace/install/agv/lib/python3.10/site-packages/agv
copying /home/sanket/Documents/XP_Robotics/StepFile_gazebo/AGV/agv_simulation_workspace/build/agv/build/lib/agv/analyze_results.py -> /home/sanket/Documents/XP_Robotics/StepFile_gazebo/AGV/agv_simulation_workspace/install/agv/lib/python3.10/site-packages/agv
copying /home/sanket/Documents/XP_Robotics/StepFile_gazebo/AGV/agv_simulation_workspace/build/agv/build/lib/agv/tf_to_odom.py -> /home/sanket/Documents/XP_Robotics/StepFile_gazebo/AGV/agv_simulation_workspace/install/agv/lib/python3.10/site-packages/agv
copying /home/sanket/Documents/XP_Robotics/StepFile_gazebo/AGV/agv_simulation_workspace/build/agv/build/lib/agv/random_orchestrator.py -> /home/sanket/Documents/XP_Robotics/StepFile_gazebo/AGV/agv_simulation_workspace/install/agv/lib/python3.10/site-packages/agv
copying /home/sanket/Documents/XP_Robotics/StepFile_gazebo/AGV/agv_simulation_workspace/build/agv/build/lib/agv/goal_pid_controller.py -> /home/sanket/Documents/XP_Robotics/StepFile_gazebo/AGV/agv_simulation_workspace/install/agv/lib/python3.10/site-packages/agv
copying /home/sanket/Documents/XP_Robotics/StepFile_gazebo/AGV/agv_simulation_workspace/build/agv/build/lib/agv/__init__.py -> /home/sanket/Documents/XP_Robotics/StepFile_gazebo/AGV/agv_simulation_workspace/install/agv/lib/python3.10/site-packages/agv
copying /home/sanket/Documents/XP_Robotics/StepFile_gazebo/AGV/agv_simulation_workspace/build/agv/build/lib/agv/run_tests.py -> /home/sanket/Documents/XP_Robotics/StepFile_gazebo/AGV/agv_simulation_workspace/install/agv/lib/python3.10/site-packages/agv
copying /home/sanket/Documents/XP_Robotics/StepFile_gazebo/AGV/agv_simulation_workspace/build/agv/build/lib/agv/test_orchestrator.py -> /home/sanket/Documents/XP_Robotics/StepFile_gazebo/AGV/agv_simulation_workspace/install/agv/lib/python3.10/site-packages/agv
byte-compiling /home/sanket/Documents/XP_Robotics/StepFile_gazebo/AGV/agv_simulation_workspace/install/agv/lib/python3.10/site-packages/agv/analyze_results.py to analyze_results.cpython-310.pyc
byte-compiling /home/sanket/Documents/XP_Robotics/StepFile_gazebo/AGV/agv_simulation_workspace/install/agv/lib/python3.10/site-packages/agv/tf_to_odom.py to tf_to_odom.cpython-310.pyc
byte-compiling /home/sanket/Documents/XP_Robotics/StepFile_gazebo/AGV/agv_simulation_workspace/install/agv/lib/python3.10/site-packages/agv/random_orchestrator.py to random_orchestrator.cpython-310.pyc
byte-compiling /home/sanket/Documents/XP_Robotics/StepFile_gazebo/AGV/agv_simulation_workspace/install/agv/lib/python3.10/site-packages/agv/goal_pid_controller.py to goal_pid_controller.cpython-310.pyc
byte-compiling /home/sanket/Documents/XP_Robotics/StepFile_gazebo/AGV/agv_simulation_workspace/install/agv/lib/python3.10/site-packages/agv/__init__.py to __init__.cpython-310.pyc
byte-compiling /home/sanket/Documents/XP_Robotics/StepFile_gazebo/AGV/agv_simulation_workspace/install/agv/lib/python3.10/site-packages/agv/run_tests.py to run_tests.cpython-310.pyc
byte-compiling /home/sanket/Documents/XP_Robotics/StepFile_gazebo/AGV/agv_simulation_workspace/install/agv/lib/python3.10/site-packages/agv/test_orchestrator.py to test_orchestrator.cpython-310.pyc
running install_data
copying resource/agv -> /home/sanket/Documents/XP_Robotics/StepFile_gazebo/AGV/agv_simulation_workspace/install/agv/share/ament_index/resource_index/packages
copying package.xml -> /home/sanket/Documents/XP_Robotics/StepFile_gazebo/AGV/agv_simulation_workspace/install/agv/share/agv
copying launch/my_navigation_launch.py -> /home/sanket/Documents/XP_Robotics/StepFile_gazebo/AGV/agv_simulation_workspace/install/agv/share/agv/launch
copying launch/nav2_robot3_launch.py -> /home/sanket/Documents/XP_Robotics/StepFile_gazebo/AGV/agv_simulation_workspace/install/agv/share/agv/launch
copying launch/multi_robot_bringup.launch.py -> /home/sanket/Documents/XP_Robotics/StepFile_gazebo/AGV/agv_simulation_workspace/install/agv/share/agv/launch
copying launch/multi_robot_navigation.launch.py -> /home/sanket/Documents/XP_Robotics/StepFile_gazebo/AGV/agv_simulation_workspace/install/agv/share/agv/launch
copying launch/agv_bringup.launch.py -> /home/sanket/Documents/XP_Robotics/StepFile_gazebo/AGV/agv_simulation_workspace/install/agv/share/agv/launch
copying config/ekf.yaml -> /home/sanket/Documents/XP_Robotics/StepFile_gazebo/AGV/agv_simulation_workspace/install/agv/share/agv/config
copying config/nav2_params.yaml -> /home/sanket/Documents/XP_Robotics/StepFile_gazebo/AGV/agv_simulation_workspace/install/agv/share/agv/config
copying config/agv.rviz -> /home/sanket/Documents/XP_Robotics/StepFile_gazebo/AGV/agv_simulation_workspace/install/agv/share/agv/config
copying AGV.urdf -> /home/sanket/Documents/XP_Robotics/StepFile_gazebo/AGV/agv_simulation_workspace/install/agv/share/agv
copying agv.urdf.xacro -> /home/sanket/Documents/XP_Robotics/StepFile_gazebo/AGV/agv_simulation_workspace/install/agv/share/agv
copying AGV.sdf -> /home/sanket/Documents/XP_Robotics/StepFile_gazebo/AGV/agv_simulation_workspace/install/agv/share/agv
copying AGV.world -> /home/sanket/Documents/XP_Robotics/StepFile_gazebo/AGV/agv_simulation_workspace/install/agv/share/agv
copying meshes/scanner-v2.stl -> /home/sanket/Documents/XP_Robotics/StepFile_gazebo/AGV/agv_simulation_workspace/install/agv/share/agv/meshes
copying meshes/ZLtech_6.5inch-v3-1.stl -> /home/sanket/Documents/XP_Robotics/StepFile_gazebo/AGV/agv_simulation_workspace/install/agv/share/agv/meshes
copying meshes/AGV_Body-v1.stl -> /home/sanket/Documents/XP_Robotics/StepFile_gazebo/AGV/agv_simulation_workspace/install/agv/share/agv/meshes
copying meshes/ZLtech_6.5inch-v3.stl -> /home/sanket/Documents/XP_Robotics/StepFile_gazebo/AGV/agv_simulation_workspace/install/agv/share/agv/meshes
copying maps/final_test_map.pgm -> /home/sanket/Documents/XP_Robotics/StepFile_gazebo/AGV/agv_simulation_workspace/install/agv/share/agv/maps
copying maps/my_new_map_flipped.pgm -> /home/sanket/Documents/XP_Robotics/StepFile_gazebo/AGV/agv_simulation_workspace/install/agv/share/agv/maps
copying maps/room_map.pgm -> /home/sanket/Documents/XP_Robotics/StepFile_gazebo/AGV/agv_simulation_workspace/install/agv/share/agv/maps
copying maps/my_new_map.pgm -> /home/sanket/Documents/XP_Robotics/StepFile_gazebo/AGV/agv_simulation_workspace/install/agv/share/agv/maps
copying maps/my_new_map_flipped.yaml -> /home/sanket/Documents/XP_Robotics/StepFile_gazebo/AGV/agv_simulation_workspace/install/agv/share/agv/maps
copying maps/my_new_map.yaml -> /home/sanket/Documents/XP_Robotics/StepFile_gazebo/AGV/agv_simulation_workspace/install/agv/share/agv/maps
copying maps/final_test_map.yaml -> /home/sanket/Documents/XP_Robotics/StepFile_gazebo/AGV/agv_simulation_workspace/install/agv/share/agv/maps
copying maps/room_map.yaml -> /home/sanket/Documents/XP_Robotics/StepFile_gazebo/AGV/agv_simulation_workspace/install/agv/share/agv/maps
running install_egg_info
Copying ../../build/agv/agv.egg-info to /home/sanket/Documents/XP_Robotics/StepFile_gazebo/AGV/agv_simulation_workspace/install/agv/lib/python3.10/site-packages/agv-0.0.0-py3.10.egg-info
running install_scripts
Installing analyze_results script to /home/sanket/Documents/XP_Robotics/StepFile_gazebo/AGV/agv_simulation_workspace/install/agv/lib/agv
Installing goal_pid_controller script to /home/sanket/Documents/XP_Robotics/StepFile_gazebo/AGV/agv_simulation_workspace/install/agv/lib/agv
Installing random_orchestrator script to /home/sanket/Documents/XP_Robotics/StepFile_gazebo/AGV/agv_simulation_workspace/install/agv/lib/agv
Installing run_tests script to /home/sanket/Documents/XP_Robotics/StepFile_gazebo/AGV/agv_simulation_workspace/install/agv/lib/agv
Installing test_orchestrator script to /home/sanket/Documents/XP_Robotics/StepFile_gazebo/AGV/agv_simulation_workspace/install/agv/lib/agv
Installing tf_to_odom script to /home/sanket/Documents/XP_Robotics/StepFile_gazebo/AGV/agv_simulation_workspace/install/agv/lib/agv
writing list of installed files to '/home/sanket/Documents/XP_Robotics/StepFile_gazebo/AGV/agv_simulation_workspace/build/agv/install.log'
