[0.000000] (-) TimerEvent: {}
[0.001448] (agv) JobQueued: {'identifier': 'agv', 'dependencies': OrderedDict()}
[0.001519] (agv) JobStarted: {'identifier': 'agv'}
[0.099289] (-) TimerEvent: {}
[0.199820] (-) TimerEvent: {}
[0.300187] (-) TimerEvent: {}
[0.401647] (-) TimerEvent: {}
[0.502088] (-) TimerEvent: {}
[0.602451] (-) TimerEvent: {}
[0.706692] (-) TimerEvent: {}
[0.807340] (-) TimerEvent: {}
[0.914656] (-) TimerEvent: {}
[1.016829] (-) TimerEvent: {}
[1.118147] (-) TimerEvent: {}
[1.218658] (-) TimerEvent: {}
[1.320721] (-) TimerEvent: {}
[1.421169] (-) TimerEvent: {}
[1.521567] (-) TimerEvent: {}
[1.621979] (-) TimerEvent: {}
[1.722360] (-) TimerEvent: {}
[1.822879] (-) TimerEvent: {}
[1.923332] (-) TimerEvent: {}
[2.024317] (-) TimerEvent: {}
[2.127437] (-) TimerEvent: {}
[2.228440] (-) TimerEvent: {}
[2.328871] (-) TimerEvent: {}
[2.429274] (-) TimerEvent: {}
[2.529701] (-) TimerEvent: {}
[2.631183] (-) TimerEvent: {}
[2.734500] (-) TimerEvent: {}
[2.835216] (-) TimerEvent: {}
[2.937852] (-) TimerEvent: {}
[3.039933] (-) TimerEvent: {}
[3.140386] (-) TimerEvent: {}
[3.185211] (agv) Command: {'cmd': ['/usr/bin/python3', '-W', 'ignore:setup.py install is deprecated', '-W', 'ignore:easy_install command is deprecated', 'setup.py', 'develop', '--editable', '--build-directory', '/home/sanket/Documents/XP_Robotics/StepFile_gazebo/AGV/agv_simulation_workspace/build/agv/build', '--no-deps', 'symlink_data', '--force'], 'cwd': '/home/sanket/Documents/XP_Robotics/StepFile_gazebo/AGV/agv_simulation_workspace/build/agv', 'env': {'GJS_DEBUG_TOPICS': 'JS ERROR;JS LOG', 'LESSOPEN': '| /usr/bin/lesspipe %s', 'VSCODE_CWD': '/home/sanket', 'LANGUAGE': 'en_IN:en', 'USER': 'sanket', 'VSCODE_NLS_CONFIG': '{"userLocale":"en-gb","osLocale":"en-in","resolvedLanguage":"en","defaultMessagesFile":"/usr/share/antigravity/resources/app/out/nls.messages.json","locale":"en-gb","availableLanguages":{}}', 'XDG_SESSION_TYPE': 'x11', 'SHLVL': '0', 'LD_LIBRARY_PATH': '/usr/lib/x86_64-linux-gnu/gazebo-11/plugins:/opt/ros/humble/opt/rviz_ogre_vendor/lib:/opt/ros/humble/lib/x86_64-linux-gnu:/opt/ros/humble/lib', 'HOME': '/home/sanket', 'CHROME_DESKTOP': 'antigravity.desktop', 'DESKTOP_SESSION': 'ubuntu', 'NVM_BIN': '/home/sanket/.nvm/versions/node/v20.19.4/bin', 'NVM_INC': '/home/sanket/.nvm/versions/node/v20.19.4/include/node', 'VSCODE_IPC_HOOK': '/run/user/1000/vscode-bf2a475c-1.10-main.sock', 'GIO_LAUNCHED_DESKTOP_FILE': '/usr/share/applications/antigravity.desktop', 'ROS_PYTHON_VERSION': '3', 'GNOME_SHELL_SESSION_MODE': 'ubuntu', 'GTK_MODULES': 'gail:atk-bridge', 'PAGER': 'cat', 'MANAGERPID': '2369', 'SYSTEMD_EXEC_PID': '2703', 'DBUS_SESSION_BUS_ADDRESS': 'unix:path=/run/user/1000/bus', 'ANTIGRAVITY_AGENT': '1', 'GIO_LAUNCHED_DESKTOP_FILE_PID': '7488', 'NVM_DIR': '/home/sanket/.nvm', 'MANDATORY_PATH': '/usr/share/gconf/ubuntu.mandatory.path', 'IM_CONFIG_PHASE': '1', 'WAYLAND_DISPLAY': '', 'COLCON_PREFIX_PATH': '/home/sanket/stair_robot_ws/install:/home/sanket/ros2_ws/install:/home/sanket/robot_ws/install', 'ROS_DISTRO': 'humble', 'GTK_IM_MODULE': 'ibus', 'LOGNAME': 'sanket', '_': '/usr/bin/colcon', 'JOURNAL_STREAM': '8:24629', 'ROS_VERSION': '2', 'XDG_SESSION_CLASS': 'user', 'DEFAULTS_PATH': '/usr/share/gconf/ubuntu.default.path', 'USERNAME': 'sanket', 'TERM': 'dumb', 'GNOME_DESKTOP_SESSION_ID': 'this-is-deprecated', 'FC_FONTATIONS': '1', 'ROS_LOCALHOST_ONLY': '0', 'WINDOWPATH': '2', 'ANTIGRAVITY_EDITOR_APP_ROOT': '/usr/share/antigravity/resources/app', 'PATH': '/home/sanket/.local/bin:/home/sanket/bin:/home/sanket/.npm-global/bin:/home/sanket/.nvm/versions/node/v20.19.4/bin:/home/sanket/robot_ws/install/slam_robot/bin:/opt/ros/humble/bin:/home/sanket/.local/bin:/home/sanket/bin:/usr/local/sbin:/usr/local/bin:/usr/sbin:/usr/bin:/sbin:/bin:/usr/games:/usr/local/games:/snap/bin:/snap/bin', 'SESSION_MANAGER': 'local/sanket-Victus-by-HP-Laptop-16-d0xxx:@/tmp/.ICE-unix/2670,unix/sanket-Victus-by-HP-Laptop-16-d0xxx:/tmp/.ICE-unix/2670', 'INVOCATION_ID': 'ea6a2bca89b24ab4ba76817a3543b337', 'XDG_MENU_PREFIX': 'gnome-', 'XDG_RUNTIME_DIR': '/run/user/1000', 'GDK_BACKEND': 'x11', 'DISPLAY': ':0', 'LANG': 'en_US.UTF-8', 'XDG_CURRENT_DESKTOP': 'ubuntu:GNOME', 'XMODIFIERS': '@im=ibus', 'XDG_SESSION_DESKTOP': 'ubuntu', 'XAUTHORITY': '/run/user/1000/gdm/Xauthority', 'LS_COLORS': '', 'SSH_AGENT_LAUNCHER': 'gnome-keyring', 'SSH_AUTH_SOCK': '/run/user/1000/keyring/ssh', 'AMENT_PREFIX_PATH': '/home/sanket/stair_robot_ws/install/stair_robot:/home/sanket/ros2_ws/install/qt_gui_ros2:/home/sanket/ros2_ws/install/my_robot_controller:/home/sanket/robot_ws/install/slam_robot:/opt/ros/humble', 'SHELL': '/bin/bash', 'QT_ACCESSIBILITY': '1', 'GDMSESSION': 'ubuntu', 'LESSCLOSE': '/usr/bin/lesspipe %s %s', 'GPG_AGENT_INFO': '/run/user/1000/gnupg/S.gpg-agent:0:1', 'GJS_DEBUG_OUTPUT': 'stderr', 'QT_IM_MODULE': 'ibus', 'ANTIGRAVITY_TRAJECTORY_ID': '23d682e8-beb5-4243-80cb-3d17c6575139', 'PWD': '/home/sanket/Documents/XP_Robotics/StepFile_gazebo/AGV/agv_simulation_workspace/build/agv', 'QT_QPA_PLATFORM': 'xcb', 'TURTLEBOT3_MODEL': 'waffle', 'LC_ALL': 'en_US.UTF-8', 'XDG_CONFIG_DIRS': '/etc/xdg/xdg-ubuntu:/etc/xdg', 'VSCODE_CODE_CACHE_PATH': '/home/sanket/.config/Antigravity/CachedData/15487b3041e65228cae24980a3f796c905ef582c', 'NVM_CD_FLAGS': '', 'XDG_DATA_DIRS': '/usr/share/ubuntu:/usr/share/gnome:/usr/local/share/:/usr/share/:/var/lib/snapd/desktop', 'PYTHONPATH': '/home/sanket/Documents/XP_Robotics/StepFile_gazebo/AGV/agv_simulation_workspace/build/agv/prefix_override:/usr/lib/python3/dist-packages/colcon_core/task/python/colcon_distutils_commands:/home/sanket/Documents/XP_Robotics/StepFile_gazebo/AGV/agv_simulation_workspace/install/agv/lib/python3.10/site-packages:/home/sanket/ros2_ws/install/my_robot_controller/lib/python3.10/site-packages:/home/sanket/robot_ws/install/slam_robot/lib/python3.10/site-packages:/opt/ros/humble/lib/python3.10/site-packages:/opt/ros/humble/local/lib/python3.10/dist-packages', 'COLCON': '1', 'CMAKE_PREFIX_PATH': '/home/sanket/stair_robot_ws/install/stair_robot:/home/sanket/ros2_ws/install/qt_gui_ros2', 'VSCODE_PID': '7488'}, 'shell': False}
[3.240596] (-) TimerEvent: {}
[3.340934] (-) TimerEvent: {}
[3.441262] (-) TimerEvent: {}
[3.541599] (-) TimerEvent: {}
[3.641915] (-) TimerEvent: {}
[3.743484] (-) TimerEvent: {}
[3.844098] (-) TimerEvent: {}
[3.944488] (-) TimerEvent: {}
[4.023073] (agv) StdoutLine: {'line': b'running develop\n'}
[4.044699] (-) TimerEvent: {}
[4.145131] (-) TimerEvent: {}
[4.245579] (-) TimerEvent: {}
[4.346060] (-) TimerEvent: {}
[4.382567] (agv) StdoutLine: {'line': b'running egg_info\n'}
[4.387853] (agv) StdoutLine: {'line': b'writing agv.egg-info/PKG-INFO\n'}
[4.388243] (agv) StdoutLine: {'line': b'writing dependency_links to agv.egg-info/dependency_links.txt\n'}
[4.388348] (agv) StdoutLine: {'line': b'writing entry points to agv.egg-info/entry_points.txt\n'}
[4.388427] (agv) StdoutLine: {'line': b'writing requirements to agv.egg-info/requires.txt\n'}
[4.388503] (agv) StdoutLine: {'line': b'writing top-level names to agv.egg-info/top_level.txt\n'}
[4.392725] (agv) StdoutLine: {'line': b"reading manifest file 'agv.egg-info/SOURCES.txt'\n"}
[4.395178] (agv) StdoutLine: {'line': b"writing manifest file 'agv.egg-info/SOURCES.txt'\n"}
[4.398160] (agv) StdoutLine: {'line': b'running build_ext\n'}
[4.398647] (agv) StdoutLine: {'line': b'Creating /home/sanket/Documents/XP_Robotics/StepFile_gazebo/AGV/agv_simulation_workspace/install/agv/lib/python3.10/site-packages/agv.egg-link (link to .)\n'}
[4.399199] (agv) StdoutLine: {'line': b'Installing analyze_results script to /home/sanket/Documents/XP_Robotics/StepFile_gazebo/AGV/agv_simulation_workspace/install/agv/lib/agv\n'}
[4.399393] (agv) StdoutLine: {'line': b'Installing goal_pid_controller script to /home/sanket/Documents/XP_Robotics/StepFile_gazebo/AGV/agv_simulation_workspace/install/agv/lib/agv\n'}
[4.399514] (agv) StdoutLine: {'line': b'Installing random_orchestrator script to /home/sanket/Documents/XP_Robotics/StepFile_gazebo/AGV/agv_simulation_workspace/install/agv/lib/agv\n'}
[4.399663] (agv) StdoutLine: {'line': b'Installing run_tests script to /home/sanket/Documents/XP_Robotics/StepFile_gazebo/AGV/agv_simulation_workspace/install/agv/lib/agv\n'}
[4.399773] (agv) StdoutLine: {'line': b'Installing test_orchestrator script to /home/sanket/Documents/XP_Robotics/StepFile_gazebo/AGV/agv_simulation_workspace/install/agv/lib/agv\n'}
[4.399852] (agv) StdoutLine: {'line': b'Installing tf_to_odom script to /home/sanket/Documents/XP_Robotics/StepFile_gazebo/AGV/agv_simulation_workspace/install/agv/lib/agv\n'}
[4.399977] (agv) StdoutLine: {'line': b'\n'}
[4.400054] (agv) StdoutLine: {'line': b'Installed /home/sanket/Documents/XP_Robotics/StepFile_gazebo/AGV/agv_simulation_workspace/build/agv\n'}
[4.400137] (agv) StdoutLine: {'line': b'running symlink_data\n'}
[4.400478] (agv) StdoutLine: {'line': b'symbolically linking /home/sanket/Documents/XP_Robotics/StepFile_gazebo/AGV/agv_simulation_workspace/build/agv/resource/agv -> /home/sanket/Documents/XP_Robotics/StepFile_gazebo/AGV/agv_simulation_workspace/install/agv/share/ament_index/resource_index/packages\n'}
[4.400619] (agv) StdoutLine: {'line': b'symbolically linking /home/sanket/Documents/XP_Robotics/StepFile_gazebo/AGV/agv_simulation_workspace/build/agv/package.xml -> /home/sanket/Documents/XP_Robotics/StepFile_gazebo/AGV/agv_simulation_workspace/install/agv/share/agv\n'}
[4.400727] (agv) StdoutLine: {'line': b'symbolically linking /home/sanket/Documents/XP_Robotics/StepFile_gazebo/AGV/agv_simulation_workspace/build/agv/launch/multi_robot_bringup.launch.py -> /home/sanket/Documents/XP_Robotics/StepFile_gazebo/AGV/agv_simulation_workspace/install/agv/share/agv/launch\n'}
[4.400927] (agv) StdoutLine: {'line': b'symbolically linking /home/sanket/Documents/XP_Robotics/StepFile_gazebo/AGV/agv_simulation_workspace/build/agv/launch/multi_robot_navigation.launch.py -> /home/sanket/Documents/XP_Robotics/StepFile_gazebo/AGV/agv_simulation_workspace/install/agv/share/agv/launch\n'}
[4.401122] (agv) StdoutLine: {'line': b'symbolically linking /home/sanket/Documents/XP_Robotics/StepFile_gazebo/AGV/agv_simulation_workspace/build/agv/launch/agv_bringup.launch.py -> /home/sanket/Documents/XP_Robotics/StepFile_gazebo/AGV/agv_simulation_workspace/install/agv/share/agv/launch\n'}
[4.401274] (agv) StdoutLine: {'line': b'symbolically linking /home/sanket/Documents/XP_Robotics/StepFile_gazebo/AGV/agv_simulation_workspace/build/agv/config/ekf.yaml -> /home/sanket/Documents/XP_Robotics/StepFile_gazebo/AGV/agv_simulation_workspace/install/agv/share/agv/config\n'}
[4.401390] (agv) StdoutLine: {'line': b'symbolically linking /home/sanket/Documents/XP_Robotics/StepFile_gazebo/AGV/agv_simulation_workspace/build/agv/config/agv.rviz -> /home/sanket/Documents/XP_Robotics/StepFile_gazebo/AGV/agv_simulation_workspace/install/agv/share/agv/config\n'}
[4.401508] (agv) StdoutLine: {'line': b'symbolically linking /home/sanket/Documents/XP_Robotics/StepFile_gazebo/AGV/agv_simulation_workspace/build/agv/AGV.urdf -> /home/sanket/Documents/XP_Robotics/StepFile_gazebo/AGV/agv_simulation_workspace/install/agv/share/agv\n'}
[4.401652] (agv) StdoutLine: {'line': b'symbolically linking /home/sanket/Documents/XP_Robotics/StepFile_gazebo/AGV/agv_simulation_workspace/build/agv/agv.urdf.xacro -> /home/sanket/Documents/XP_Robotics/StepFile_gazebo/AGV/agv_simulation_workspace/install/agv/share/agv\n'}
[4.401746] (agv) StdoutLine: {'line': b'symbolically linking /home/sanket/Documents/XP_Robotics/StepFile_gazebo/AGV/agv_simulation_workspace/build/agv/AGV.sdf -> /home/sanket/Documents/XP_Robotics/StepFile_gazebo/AGV/agv_simulation_workspace/install/agv/share/agv\n'}
[4.401838] (agv) StdoutLine: {'line': b'symbolically linking /home/sanket/Documents/XP_Robotics/StepFile_gazebo/AGV/agv_simulation_workspace/build/agv/AGV.world -> /home/sanket/Documents/XP_Robotics/StepFile_gazebo/AGV/agv_simulation_workspace/install/agv/share/agv\n'}
[4.402008] (agv) StdoutLine: {'line': b'symbolically linking /home/sanket/Documents/XP_Robotics/StepFile_gazebo/AGV/agv_simulation_workspace/build/agv/meshes/scanner-v2.stl -> /home/sanket/Documents/XP_Robotics/StepFile_gazebo/AGV/agv_simulation_workspace/install/agv/share/agv/meshes\n'}
[4.402082] (agv) StdoutLine: {'line': b'symbolically linking /home/sanket/Documents/XP_Robotics/StepFile_gazebo/AGV/agv_simulation_workspace/build/agv/meshes/ZLtech_6.5inch-v3-1.stl -> /home/sanket/Documents/XP_Robotics/StepFile_gazebo/AGV/agv_simulation_workspace/install/agv/share/agv/meshes\n'}
[4.402309] (agv) StdoutLine: {'line': b'symbolically linking /home/sanket/Documents/XP_Robotics/StepFile_gazebo/AGV/agv_simulation_workspace/build/agv/meshes/AGV_Body-v1.stl -> /home/sanket/Documents/XP_Robotics/StepFile_gazebo/AGV/agv_simulation_workspace/install/agv/share/agv/meshes\n'}
[4.402475] (agv) StdoutLine: {'line': b'symbolically linking /home/sanket/Documents/XP_Robotics/StepFile_gazebo/AGV/agv_simulation_workspace/build/agv/meshes/ZLtech_6.5inch-v3.stl -> /home/sanket/Documents/XP_Robotics/StepFile_gazebo/AGV/agv_simulation_workspace/install/agv/share/agv/meshes\n'}
[4.402733] (agv) StdoutLine: {'line': b'symbolically linking /home/sanket/Documents/XP_Robotics/StepFile_gazebo/AGV/agv_simulation_workspace/build/agv/maps/final_test_map.pgm -> /home/sanket/Documents/XP_Robotics/StepFile_gazebo/AGV/agv_simulation_workspace/install/agv/share/agv/maps\n'}
[4.403098] (agv) StdoutLine: {'line': b'symbolically linking /home/sanket/Documents/XP_Robotics/StepFile_gazebo/AGV/agv_simulation_workspace/build/agv/maps/room_map.pgm -> /home/sanket/Documents/XP_Robotics/StepFile_gazebo/AGV/agv_simulation_workspace/install/agv/share/agv/maps\n'}
[4.403310] (agv) StdoutLine: {'line': b'symbolically linking /home/sanket/Documents/XP_Robotics/StepFile_gazebo/AGV/agv_simulation_workspace/build/agv/maps/my_new_map.pgm -> /home/sanket/Documents/XP_Robotics/StepFile_gazebo/AGV/agv_simulation_workspace/install/agv/share/agv/maps\n'}
[4.403476] (agv) StdoutLine: {'line': b'symbolically linking /home/sanket/Documents/XP_Robotics/StepFile_gazebo/AGV/agv_simulation_workspace/build/agv/maps/my_new_map.yaml -> /home/sanket/Documents/XP_Robotics/StepFile_gazebo/AGV/agv_simulation_workspace/install/agv/share/agv/maps\n'}
[4.403629] (agv) StdoutLine: {'line': b'symbolically linking /home/sanket/Documents/XP_Robotics/StepFile_gazebo/AGV/agv_simulation_workspace/build/agv/maps/final_test_map.yaml -> /home/sanket/Documents/XP_Robotics/StepFile_gazebo/AGV/agv_simulation_workspace/install/agv/share/agv/maps\n'}
[4.403793] (agv) StdoutLine: {'line': b'symbolically linking /home/sanket/Documents/XP_Robotics/StepFile_gazebo/AGV/agv_simulation_workspace/build/agv/maps/room_map.yaml -> /home/sanket/Documents/XP_Robotics/StepFile_gazebo/AGV/agv_simulation_workspace/install/agv/share/agv/maps\n'}
[4.446195] (-) TimerEvent: {}
[4.497476] (agv) CommandEnded: {'returncode': 0}
[4.526964] (agv) JobEnded: {'identifier': 'agv', 'rc': 0}
[4.527778] (-) EventReactorShutdown: {}
