[0.663s] Invoking command in '/home/sanket/Documents/XP_Robotics/StepFile_gazebo/AGV': PYTHONPATH=/home/sanket/Documents/XP_Robotics/StepFile_gazebo/AGV/build/agv/prefix_override:/usr/lib/python3/dist-packages/colcon_core/task/python/colcon_distutils_commands:/home/sanket/Documents/XP_Robotics/StepFile_gazebo/AGV/install/agv/lib/python3.10/site-packages:${PYTHONPATH} /usr/bin/python3 -W ignore:setup.py install is deprecated -W ignore:easy_install command is deprecated setup.py egg_info --egg-base build/agv build --build-base /home/sanket/Documents/XP_Robotics/StepFile_gazebo/AGV/build/agv/build install --record /home/sanket/Documents/XP_Robotics/StepFile_gazebo/AGV/build/agv/install.log --install-scripts $base/lib/agv --single-version-externally-managed install_data
[0.907s] running egg_info
[0.908s] writing build/agv/agv.egg-info/PKG-INFO
[0.908s] writing dependency_links to build/agv/agv.egg-info/dependency_links.txt
[0.908s] writing entry points to build/agv/agv.egg-info/entry_points.txt
[0.909s] writing requirements to build/agv/agv.egg-info/requires.txt
[0.909s] writing top-level names to build/agv/agv.egg-info/top_level.txt
[0.911s] reading manifest file 'build/agv/agv.egg-info/SOURCES.txt'
[0.912s] writing manifest file 'build/agv/agv.egg-info/SOURCES.txt'
[0.912s] running build
[0.912s] running build_py
[0.912s] copying agv/analyze_results.py -> /home/sanket/Documents/XP_Robotics/StepFile_gazebo/AGV/build/agv/build/lib/agv
[0.912s] running install
[0.913s] running install_lib
[0.913s] copying /home/sanket/Documents/XP_Robotics/StepFile_gazebo/AGV/build/agv/build/lib/agv/analyze_results.py -> /home/sanket/Documents/XP_Robotics/StepFile_gazebo/AGV/install/agv/lib/python3.10/site-packages/agv
[0.914s] byte-compiling /home/sanket/Documents/XP_Robotics/StepFile_gazebo/AGV/install/agv/lib/python3.10/site-packages/agv/analyze_results.py to analyze_results.cpython-310.pyc
[0.915s] running install_data
[0.915s] running install_egg_info
[0.917s] removing '/home/sanket/Documents/XP_Robotics/StepFile_gazebo/AGV/install/agv/lib/python3.10/site-packages/agv-0.0.0-py3.10.egg-info' (and everything under it)
[0.917s] Copying build/agv/agv.egg-info to /home/sanket/Documents/XP_Robotics/StepFile_gazebo/AGV/install/agv/lib/python3.10/site-packages/agv-0.0.0-py3.10.egg-info
[0.918s] running install_scripts
[0.937s] Installing analyze_results script to /home/sanket/Documents/XP_Robotics/StepFile_gazebo/AGV/install/agv/lib/agv
[0.938s] Installing goal_pid_controller script to /home/sanket/Documents/XP_Robotics/StepFile_gazebo/AGV/install/agv/lib/agv
[0.938s] Installing run_tests script to /home/sanket/Documents/XP_Robotics/StepFile_gazebo/AGV/install/agv/lib/agv
[0.938s] writing list of installed files to '/home/sanket/Documents/XP_Robotics/StepFile_gazebo/AGV/build/agv/install.log'
[0.974s] Invoked command in '/home/sanket/Documents/XP_Robotics/StepFile_gazebo/AGV' returned '0': PYTHONPATH=/home/sanket/Documents/XP_Robotics/StepFile_gazebo/AGV/build/agv/prefix_override:/usr/lib/python3/dist-packages/colcon_core/task/python/colcon_distutils_commands:/home/sanket/Documents/XP_Robotics/StepFile_gazebo/AGV/install/agv/lib/python3.10/site-packages:${PYTHONPATH} /usr/bin/python3 -W ignore:setup.py install is deprecated -W ignore:easy_install command is deprecated setup.py egg_info --egg-base build/agv build --build-base /home/sanket/Documents/XP_Robotics/StepFile_gazebo/AGV/build/agv/build install --record /home/sanket/Documents/XP_Robotics/StepFile_gazebo/AGV/build/agv/install.log --install-scripts $base/lib/agv --single-version-externally-managed install_data
