[0.000000] (-) TimerEvent: {}
[0.000863] (agv) JobQueued: {'identifier': 'agv', 'dependencies': OrderedDict()}
[0.001119] (agv) JobStarted: {'identifier': 'agv'}
[0.099737] (-) TimerEvent: {}
[0.200114] (-) TimerEvent: {}
[0.300532] (-) TimerEvent: {}
[0.401335] (-) TimerEvent: {}
[0.502129] (-) TimerEvent: {}
[0.602569] (-) TimerEvent: {}
[0.703704] (-) TimerEvent: {}
[0.804240] (-) TimerEvent: {}
[0.904681] (-) TimerEvent: {}
[1.005078] (-) TimerEvent: {}
[1.105526] (-) TimerEvent: {}
[1.206032] (-) TimerEvent: {}
[1.308419] (-) TimerEvent: {}
[1.393497] (agv) Command: {'cmd': ['/usr/bin/python3', '-W', 'ignore:setup.py install is deprecated', '-W', 'ignore:easy_install command is deprecated', 'setup.py', 'develop', '--uninstall', '--editable', '--build-directory', '/home/sanket/Documents/XP_Robotics/StepFile_gazebo/AGV/agv_simulation_workspace/build/agv/build'], 'cwd': '/home/sanket/Documents/XP_Robotics/StepFile_gazebo/AGV/agv_simulation_workspace/build/agv', 'env': {'GJS_DEBUG_TOPICS': 'JS ERROR;JS LOG', 'LESSOPEN': '| /usr/bin/lesspipe %s', 'VSCODE_CWD': '/home/sanket', 'LANGUAGE': 'en_IN:en', 'USER': 'sanket', 'VSCODE_NLS_CONFIG': '{"userLocale":"en-gb","osLocale":"en-in","resolvedLanguage":"en","defaultMessagesFile":"/usr/share/antigravity/resources/app/out/nls.messages.json","locale":"en-gb","availableLanguages":{}}', 'XDG_SESSION_TYPE': 'x11', 'SHLVL': '0', 'LD_LIBRARY_PATH': '/usr/lib/x86_64-linux-gnu/gazebo-11/plugins:/opt/ros/humble/opt/rviz_ogre_vendor/lib:/opt/ros/humble/lib/x86_64-linux-gnu:/opt/ros/humble/lib', 'HOME': '/home/sanket', 'CHROME_DESKTOP': 'antigravity.desktop', 'OLDPWD': '/home/sanket/Documents/XP_Robotics/StepFile_gazebo/AGV/agv_simulation_workspace', 'DESKTOP_SESSION': 'ubuntu', 'NVM_BIN': '/home/sanket/.nvm/versions/node/v20.19.4/bin', 'NVM_INC': '/home/sanket/.nvm/versions/node/v20.19.4/include/node', 'VSCODE_IPC_HOOK': '/run/user/1000/vscode-bf2a475c-1.10-main.sock', 'GIO_LAUNCHED_DESKTOP_FILE': '/usr/share/applications/antigravity.desktop', 'ROS_PYTHON_VERSION': '3', 'GNOME_SHELL_SESSION_MODE': 'ubuntu', 'GTK_MODULES': 'gail:atk-bridge', 'PAGER': 'cat', 'MANAGERPID': '2369', 'SYSTEMD_EXEC_PID': '2702', 'DBUS_SESSION_BUS_ADDRESS': 'unix:path=/run/user/1000/bus', 'ANTIGRAVITY_AGENT': '1', 'GIO_LAUNCHED_DESKTOP_FILE_PID': '4313', 'NVM_DIR': '/home/sanket/.nvm', 'MANDATORY_PATH': '/usr/share/gconf/ubuntu.mandatory.path', 'IM_CONFIG_PHASE': '1', 'COLCON_PREFIX_PATH': '/home/sanket/stair_robot_ws/install:/home/sanket/ros2_ws/install:/home/sanket/robot_ws/install', 'ROS_DISTRO': 'humble', 'GTK_IM_MODULE': 'ibus', 'LOGNAME': 'sanket', 'JOURNAL_STREAM': '8:26875', '_': '/usr/bin/colcon', 'ROS_VERSION': '2', 'XDG_SESSION_CLASS': 'user', 'DEFAULTS_PATH': '/usr/share/gconf/ubuntu.default.path', 'USERNAME': 'sanket', 'TERM': 'dumb', 'GNOME_DESKTOP_SESSION_ID': 'this-is-deprecated', 'FC_FONTATIONS': '1', 'ROS_LOCALHOST_ONLY': '0', 'WINDOWPATH': '2', 'ANTIGRAVITY_EDITOR_APP_ROOT': '/usr/share/antigravity/resources/app', 'PATH': '/home/sanket/.local/bin:/home/sanket/bin:/home/sanket/.npm-global/bin:/home/sanket/.nvm/versions/node/v20.19.4/bin:/home/sanket/robot_ws/install/slam_robot/bin:/opt/ros/humble/bin:/home/sanket/.local/bin:/home/sanket/bin:/usr/local/sbin:/usr/local/bin:/usr/sbin:/usr/bin:/sbin:/bin:/usr/games:/usr/local/games:/snap/bin:/snap/bin', 'SESSION_MANAGER': 'local/sanket-Victus-by-HP-Laptop-16-d0xxx:@/tmp/.ICE-unix/2670,unix/sanket-Victus-by-HP-Laptop-16-d0xxx:/tmp/.ICE-unix/2670', 'INVOCATION_ID': '503b096a9c0748829a80cee3e124d3c6', 'XDG_MENU_PREFIX': 'gnome-', 'XDG_RUNTIME_DIR': '/run/user/1000', 'GDK_BACKEND': 'x11', 'DISPLAY': ':1', 'LANG': 'en_US.UTF-8', 'XDG_CURRENT_DESKTOP': 'ubuntu:GNOME', 'XMODIFIERS': '@im=ibus', 'XDG_SESSION_DESKTOP': 'ubuntu', 'XAUTHORITY': '/run/user/1000/gdm/Xauthority', 'LS_COLORS': '', 'SSH_AGENT_LAUNCHER': 'gnome-keyring', 'SSH_AUTH_SOCK': '/run/user/1000/keyring/ssh', 'AMENT_PREFIX_PATH': '/home/sanket/stair_robot_ws/install/stair_robot:/home/sanket/ros2_ws/install/qt_gui_ros2:/home/sanket/ros2_ws/install/my_robot_controller:/home/sanket/robot_ws/install/slam_robot:/opt/ros/humble', 'SHELL': '/bin/bash', 'QT_ACCESSIBILITY': '1', 'GDMSESSION': 'ubuntu', 'LESSCLOSE': '/usr/bin/lesspipe %s %s', 'GPG_AGENT_INFO': '/run/user/1000/gnupg/S.gpg-agent:0:1', 'GJS_DEBUG_OUTPUT': 'stderr', 'QT_IM_MODULE': 'ibus', 'ANTIGRAVITY_TRAJECTORY_ID': '51fa2713-362c-42c1-94b5-edc1ea927781', 'PWD': '/home/sanket/Documents/XP_Robotics/StepFile_gazebo/AGV/agv_simulation_workspace/build/agv', 'TURTLEBOT3_MODEL': 'waffle', 'LC_ALL': 'en_US.UTF-8', 'XDG_CONFIG_DIRS': '/etc/xdg/xdg-ubuntu:/etc/xdg', 'VSCODE_CODE_CACHE_PATH': '/home/sanket/.config/Antigravity/CachedData/15487b3041e65228cae24980a3f796c905ef582c', 'NVM_CD_FLAGS': '', 'XDG_DATA_DIRS': '/usr/share/ubuntu:/usr/share/gnome:/usr/local/share/:/usr/share/:/var/lib/snapd/desktop', 'PYTHONPATH': '/home/sanket/Documents/XP_Robotics/StepFile_gazebo/AGV/agv_simulation_workspace/build/agv/prefix_override:/usr/lib/python3/dist-packages/colcon_core/task/python/colcon_distutils_commands:/home/sanket/Documents/XP_Robotics/StepFile_gazebo/AGV/agv_simulation_workspace/install/agv/lib/python3.10/site-packages:/home/sanket/ros2_ws/install/my_robot_controller/lib/python3.10/site-packages:/home/sanket/robot_ws/install/slam_robot/lib/python3.10/site-packages:/opt/ros/humble/lib/python3.10/site-packages:/opt/ros/humble/local/lib/python3.10/dist-packages', 'COLCON': '1', 'CMAKE_PREFIX_PATH': '/home/sanket/stair_robot_ws/install/stair_robot:/home/sanket/ros2_ws/install/qt_gui_ros2', 'VSCODE_PID': '4313'}, 'shell': False}
[1.414440] (-) TimerEvent: {}
[1.515506] (-) TimerEvent: {}
[1.615917] (-) TimerEvent: {}
[1.716319] (-) TimerEvent: {}
[1.816766] (-) TimerEvent: {}
[1.853849] (agv) StdoutLine: {'line': b'running develop\n'}
[1.916922] (-) TimerEvent: {}
[2.017516] (-) TimerEvent: {}
[2.118704] (-) TimerEvent: {}
[2.219171] (-) TimerEvent: {}
[2.228845] (agv) StdoutLine: {'line': b'Removing /home/sanket/Documents/XP_Robotics/StepFile_gazebo/AGV/agv_simulation_workspace/install/agv/lib/python3.10/site-packages/agv.egg-link (link to .)\n'}
[2.316805] (agv) CommandEnded: {'returncode': 0}
[2.318684] (agv) Command: {'cmd': ['/usr/bin/python3', '-W', 'ignore:setup.py install is deprecated', '-W', 'ignore:easy_install command is deprecated', 'setup.py', 'egg_info', '--egg-base', '../../build/agv', 'build', '--build-base', '/home/sanket/Documents/XP_Robotics/StepFile_gazebo/AGV/agv_simulation_workspace/build/agv/build', 'install', '--record', '/home/sanket/Documents/XP_Robotics/StepFile_gazebo/AGV/agv_simulation_workspace/build/agv/install.log', '--install-scripts', '$base/lib/agv', '--single-version-externally-managed', 'install_data', '--force'], 'cwd': '/home/sanket/Documents/XP_Robotics/StepFile_gazebo/AGV/agv_simulation_workspace/src/agv', 'env': {'GJS_DEBUG_TOPICS': 'JS ERROR;JS LOG', 'LESSOPEN': '| /usr/bin/lesspipe %s', 'VSCODE_CWD': '/home/sanket', 'LANGUAGE': 'en_IN:en', 'USER': 'sanket', 'VSCODE_NLS_CONFIG': '{"userLocale":"en-gb","osLocale":"en-in","resolvedLanguage":"en","defaultMessagesFile":"/usr/share/antigravity/resources/app/out/nls.messages.json","locale":"en-gb","availableLanguages":{}}', 'XDG_SESSION_TYPE': 'x11', 'SHLVL': '0', 'LD_LIBRARY_PATH': '/usr/lib/x86_64-linux-gnu/gazebo-11/plugins:/opt/ros/humble/opt/rviz_ogre_vendor/lib:/opt/ros/humble/lib/x86_64-linux-gnu:/opt/ros/humble/lib', 'HOME': '/home/sanket', 'CHROME_DESKTOP': 'antigravity.desktop', 'OLDPWD': '/home/sanket/Documents/XP_Robotics/StepFile_gazebo/AGV/agv_simulation_workspace', 'DESKTOP_SESSION': 'ubuntu', 'NVM_BIN': '/home/sanket/.nvm/versions/node/v20.19.4/bin', 'NVM_INC': '/home/sanket/.nvm/versions/node/v20.19.4/include/node', 'VSCODE_IPC_HOOK': '/run/user/1000/vscode-bf2a475c-1.10-main.sock', 'GIO_LAUNCHED_DESKTOP_FILE': '/usr/share/applications/antigravity.desktop', 'ROS_PYTHON_VERSION': '3', 'GNOME_SHELL_SESSION_MODE': 'ubuntu', 'GTK_MODULES': 'gail:atk-bridge', 'PAGER': 'cat', 'MANAGERPID': '2369', 'SYSTEMD_EXEC_PID': '2702', 'DBUS_SESSION_BUS_ADDRESS': 'unix:path=/run/user/1000/bus', 'ANTIGRAVITY_AGENT': '1', 'GIO_LAUNCHED_DESKTOP_FILE_PID': '4313', 'NVM_DIR': '/home/sanket/.nvm', 'MANDATORY_PATH': '/usr/share/gconf/ubuntu.mandatory.path', 'IM_CONFIG_PHASE': '1', 'COLCON_PREFIX_PATH': '/home/sanket/stair_robot_ws/install:/home/sanket/ros2_ws/install:/home/sanket/robot_ws/install', 'ROS_DISTRO': 'humble', 'GTK_IM_MODULE': 'ibus', 'LOGNAME': 'sanket', 'JOURNAL_STREAM': '8:26875', '_': '/usr/bin/colcon', 'ROS_VERSION': '2', 'XDG_SESSION_CLASS': 'user', 'DEFAULTS_PATH': '/usr/share/gconf/ubuntu.default.path', 'USERNAME': 'sanket', 'TERM': 'dumb', 'GNOME_DESKTOP_SESSION_ID': 'this-is-deprecated', 'FC_FONTATIONS': '1', 'ROS_LOCALHOST_ONLY': '0', 'WINDOWPATH': '2', 'ANTIGRAVITY_EDITOR_APP_ROOT': '/usr/share/antigravity/resources/app', 'PATH': '/home/sanket/.local/bin:/home/sanket/bin:/home/sanket/.npm-global/bin:/home/sanket/.nvm/versions/node/v20.19.4/bin:/home/sanket/robot_ws/install/slam_robot/bin:/opt/ros/humble/bin:/home/sanket/.local/bin:/home/sanket/bin:/usr/local/sbin:/usr/local/bin:/usr/sbin:/usr/bin:/sbin:/bin:/usr/games:/usr/local/games:/snap/bin:/snap/bin', 'SESSION_MANAGER': 'local/sanket-Victus-by-HP-Laptop-16-d0xxx:@/tmp/.ICE-unix/2670,unix/sanket-Victus-by-HP-Laptop-16-d0xxx:/tmp/.ICE-unix/2670', 'INVOCATION_ID': '503b096a9c0748829a80cee3e124d3c6', 'XDG_MENU_PREFIX': 'gnome-', 'XDG_RUNTIME_DIR': '/run/user/1000', 'GDK_BACKEND': 'x11', 'DISPLAY': ':1', 'LANG': 'en_US.UTF-8', 'XDG_CURRENT_DESKTOP': 'ubuntu:GNOME', 'XMODIFIERS': '@im=ibus', 'XDG_SESSION_DESKTOP': 'ubuntu', 'XAUTHORITY': '/run/user/1000/gdm/Xauthority', 'LS_COLORS': '', 'SSH_AGENT_LAUNCHER': 'gnome-keyring', 'SSH_AUTH_SOCK': '/run/user/1000/keyring/ssh', 'AMENT_PREFIX_PATH': '/home/sanket/stair_robot_ws/install/stair_robot:/home/sanket/ros2_ws/install/qt_gui_ros2:/home/sanket/ros2_ws/install/my_robot_controller:/home/sanket/robot_ws/install/slam_robot:/opt/ros/humble', 'SHELL': '/bin/bash', 'QT_ACCESSIBILITY': '1', 'GDMSESSION': 'ubuntu', 'LESSCLOSE': '/usr/bin/lesspipe %s %s', 'GPG_AGENT_INFO': '/run/user/1000/gnupg/S.gpg-agent:0:1', 'GJS_DEBUG_OUTPUT': 'stderr', 'QT_IM_MODULE': 'ibus', 'ANTIGRAVITY_TRAJECTORY_ID': '51fa2713-362c-42c1-94b5-edc1ea927781', 'PWD': '/home/sanket/Documents/XP_Robotics/StepFile_gazebo/AGV/agv_simulation_workspace/build/agv', 'TURTLEBOT3_MODEL': 'waffle', 'LC_ALL': 'en_US.UTF-8', 'XDG_CONFIG_DIRS': '/etc/xdg/xdg-ubuntu:/etc/xdg', 'VSCODE_CODE_CACHE_PATH': '/home/sanket/.config/Antigravity/CachedData/15487b3041e65228cae24980a3f796c905ef582c', 'NVM_CD_FLAGS': '', 'XDG_DATA_DIRS': '/usr/share/ubuntu:/usr/share/gnome:/usr/local/share/:/usr/share/:/var/lib/snapd/desktop', 'PYTHONPATH': '/home/sanket/Documents/XP_Robotics/StepFile_gazebo/AGV/agv_simulation_workspace/build/agv/prefix_override:/usr/lib/python3/dist-packages/colcon_core/task/python/colcon_distutils_commands:/home/sanket/Documents/XP_Robotics/StepFile_gazebo/AGV/agv_simulation_workspace/install/agv/lib/python3.10/site-packages:/home/sanket/ros2_ws/install/my_robot_controller/lib/python3.10/site-packages:/home/sanket/robot_ws/install/slam_robot/lib/python3.10/site-packages:/opt/ros/humble/lib/python3.10/site-packages:/opt/ros/humble/local/lib/python3.10/dist-packages', 'COLCON': '1', 'CMAKE_PREFIX_PATH': '/home/sanket/stair_robot_ws/install/stair_robot:/home/sanket/ros2_ws/install/qt_gui_ros2', 'VSCODE_PID': '4313'}, 'shell': False}
[2.322315] (-) TimerEvent: {}
[2.422693] (-) TimerEvent: {}
[2.523202] (-) TimerEvent: {}
[2.623555] (-) TimerEvent: {}
[2.723993] (-) TimerEvent: {}
[2.787759] (agv) StdoutLine: {'line': b'running egg_info\n'}
[2.788705] (agv) StdoutLine: {'line': b'writing ../../build/agv/agv.egg-info/PKG-INFO\n'}
[2.788995] (agv) StdoutLine: {'line': b'writing dependency_links to ../../build/agv/agv.egg-info/dependency_links.txt\n'}
[2.789909] (agv) StdoutLine: {'line': b'writing entry points to ../../build/agv/agv.egg-info/entry_points.txt\n'}
[2.790188] (agv) StdoutLine: {'line': b'writing requirements to ../../build/agv/agv.egg-info/requires.txt\n'}
[2.790303] (agv) StdoutLine: {'line': b'writing top-level names to ../../build/agv/agv.egg-info/top_level.txt\n'}
[2.792844] (agv) StdoutLine: {'line': b"reading manifest file '../../build/agv/agv.egg-info/SOURCES.txt'\n"}
[2.794515] (agv) StdoutLine: {'line': b"writing manifest file '../../build/agv/agv.egg-info/SOURCES.txt'\n"}
[2.794774] (agv) StdoutLine: {'line': b'running build\n'}
[2.794888] (agv) StdoutLine: {'line': b'running build_py\n'}
[2.795071] (agv) StdoutLine: {'line': b'creating /home/sanket/Documents/XP_Robotics/StepFile_gazebo/AGV/agv_simulation_workspace/build/agv/build\n'}
[2.795240] (agv) StdoutLine: {'line': b'creating /home/sanket/Documents/XP_Robotics/StepFile_gazebo/AGV/agv_simulation_workspace/build/agv/build/lib\n'}
[2.795353] (agv) StdoutLine: {'line': b'creating /home/sanket/Documents/XP_Robotics/StepFile_gazebo/AGV/agv_simulation_workspace/build/agv/build/lib/agv\n'}
[2.795420] (agv) StdoutLine: {'line': b'copying agv/analyze_results.py -> /home/sanket/Documents/XP_Robotics/StepFile_gazebo/AGV/agv_simulation_workspace/build/agv/build/lib/agv\n'}
[2.795636] (agv) StdoutLine: {'line': b'copying agv/tf_to_odom.py -> /home/sanket/Documents/XP_Robotics/StepFile_gazebo/AGV/agv_simulation_workspace/build/agv/build/lib/agv\n'}
[2.795802] (agv) StdoutLine: {'line': b'copying agv/random_orchestrator.py -> /home/sanket/Documents/XP_Robotics/StepFile_gazebo/AGV/agv_simulation_workspace/build/agv/build/lib/agv\n'}
[2.795952] (agv) StdoutLine: {'line': b'copying agv/goal_pid_controller.py -> /home/sanket/Documents/XP_Robotics/StepFile_gazebo/AGV/agv_simulation_workspace/build/agv/build/lib/agv\n'}
[2.796075] (agv) StdoutLine: {'line': b'copying agv/__init__.py -> /home/sanket/Documents/XP_Robotics/StepFile_gazebo/AGV/agv_simulation_workspace/build/agv/build/lib/agv\n'}
[2.796195] (agv) StdoutLine: {'line': b'copying agv/run_tests.py -> /home/sanket/Documents/XP_Robotics/StepFile_gazebo/AGV/agv_simulation_workspace/build/agv/build/lib/agv\n'}
[2.796375] (agv) StdoutLine: {'line': b'copying agv/test_orchestrator.py -> /home/sanket/Documents/XP_Robotics/StepFile_gazebo/AGV/agv_simulation_workspace/build/agv/build/lib/agv\n'}
[2.796726] (agv) StdoutLine: {'line': b'running install\n'}
[2.797164] (agv) StdoutLine: {'line': b'running install_lib\n'}
[2.799624] (agv) StdoutLine: {'line': b'creating /home/sanket/Documents/XP_Robotics/StepFile_gazebo/AGV/agv_simulation_workspace/install/agv/lib/python3.10/site-packages/agv\n'}
[2.799924] (agv) StdoutLine: {'line': b'copying /home/sanket/Documents/XP_Robotics/StepFile_gazebo/AGV/agv_simulation_workspace/build/agv/build/lib/agv/analyze_results.py -> /home/sanket/Documents/XP_Robotics/StepFile_gazebo/AGV/agv_simulation_workspace/install/agv/lib/python3.10/site-packages/agv\n'}
[2.800048] (agv) StdoutLine: {'line': b'copying /home/sanket/Documents/XP_Robotics/StepFile_gazebo/AGV/agv_simulation_workspace/build/agv/build/lib/agv/tf_to_odom.py -> /home/sanket/Documents/XP_Robotics/StepFile_gazebo/AGV/agv_simulation_workspace/install/agv/lib/python3.10/site-packages/agv\n'}
[2.800142] (agv) StdoutLine: {'line': b'copying /home/sanket/Documents/XP_Robotics/StepFile_gazebo/AGV/agv_simulation_workspace/build/agv/build/lib/agv/random_orchestrator.py -> /home/sanket/Documents/XP_Robotics/StepFile_gazebo/AGV/agv_simulation_workspace/install/agv/lib/python3.10/site-packages/agv\n'}
[2.800238] (agv) StdoutLine: {'line': b'copying /home/sanket/Documents/XP_Robotics/StepFile_gazebo/AGV/agv_simulation_workspace/build/agv/build/lib/agv/goal_pid_controller.py -> /home/sanket/Documents/XP_Robotics/StepFile_gazebo/AGV/agv_simulation_workspace/install/agv/lib/python3.10/site-packages/agv\n'}
[2.800322] (agv) StdoutLine: {'line': b'copying /home/sanket/Documents/XP_Robotics/StepFile_gazebo/AGV/agv_simulation_workspace/build/agv/build/lib/agv/__init__.py -> /home/sanket/Documents/XP_Robotics/StepFile_gazebo/AGV/agv_simulation_workspace/install/agv/lib/python3.10/site-packages/agv\n'}
[2.800410] (agv) StdoutLine: {'line': b'copying /home/sanket/Documents/XP_Robotics/StepFile_gazebo/AGV/agv_simulation_workspace/build/agv/build/lib/agv/run_tests.py -> /home/sanket/Documents/XP_Robotics/StepFile_gazebo/AGV/agv_simulation_workspace/install/agv/lib/python3.10/site-packages/agv\n'}
[2.800508] (agv) StdoutLine: {'line': b'copying /home/sanket/Documents/XP_Robotics/StepFile_gazebo/AGV/agv_simulation_workspace/build/agv/build/lib/agv/test_orchestrator.py -> /home/sanket/Documents/XP_Robotics/StepFile_gazebo/AGV/agv_simulation_workspace/install/agv/lib/python3.10/site-packages/agv\n'}
[2.800596] (agv) StdoutLine: {'line': b'byte-compiling /home/sanket/Documents/XP_Robotics/StepFile_gazebo/AGV/agv_simulation_workspace/install/agv/lib/python3.10/site-packages/agv/analyze_results.py to analyze_results.cpython-310.pyc\n'}
[2.802189] (agv) StdoutLine: {'line': b'byte-compiling /home/sanket/Documents/XP_Robotics/StepFile_gazebo/AGV/agv_simulation_workspace/install/agv/lib/python3.10/site-packages/agv/tf_to_odom.py to tf_to_odom.cpython-310.pyc\n'}
[2.802963] (agv) StdoutLine: {'line': b'byte-compiling /home/sanket/Documents/XP_Robotics/StepFile_gazebo/AGV/agv_simulation_workspace/install/agv/lib/python3.10/site-packages/agv/random_orchestrator.py to random_orchestrator.cpython-310.pyc\n'}
[2.803801] (agv) StdoutLine: {'line': b'byte-compiling /home/sanket/Documents/XP_Robotics/StepFile_gazebo/AGV/agv_simulation_workspace/install/agv/lib/python3.10/site-packages/agv/goal_pid_controller.py to goal_pid_controller.cpython-310.pyc\n'}
[2.806063] (agv) StdoutLine: {'line': b'byte-compiling /home/sanket/Documents/XP_Robotics/StepFile_gazebo/AGV/agv_simulation_workspace/install/agv/lib/python3.10/site-packages/agv/__init__.py to __init__.cpython-310.pyc\n'}
[2.806328] (agv) StdoutLine: {'line': b'byte-compiling /home/sanket/Documents/XP_Robotics/StepFile_gazebo/AGV/agv_simulation_workspace/install/agv/lib/python3.10/site-packages/agv/run_tests.py to run_tests.cpython-310.pyc\n'}
[2.808078] (agv) StdoutLine: {'line': b'byte-compiling /home/sanket/Documents/XP_Robotics/StepFile_gazebo/AGV/agv_simulation_workspace/install/agv/lib/python3.10/site-packages/agv/test_orchestrator.py to test_orchestrator.cpython-310.pyc\n'}
[2.809961] (agv) StdoutLine: {'line': b'running install_data\n'}
[2.810179] (agv) StdoutLine: {'line': b'copying resource/agv -> /home/sanket/Documents/XP_Robotics/StepFile_gazebo/AGV/agv_simulation_workspace/install/agv/share/ament_index/resource_index/packages\n'}
[2.811376] (agv) StdoutLine: {'line': b'copying package.xml -> /home/sanket/Documents/XP_Robotics/StepFile_gazebo/AGV/agv_simulation_workspace/install/agv/share/agv\n'}
[2.811546] (agv) StdoutLine: {'line': b'copying launch/my_navigation_launch.py -> /home/sanket/Documents/XP_Robotics/StepFile_gazebo/AGV/agv_simulation_workspace/install/agv/share/agv/launch\n'}
[2.811862] (agv) StdoutLine: {'line': b'copying launch/nav2_robot3_launch.py -> /home/sanket/Documents/XP_Robotics/StepFile_gazebo/AGV/agv_simulation_workspace/install/agv/share/agv/launch\n'}
[2.812173] (agv) StdoutLine: {'line': b'copying launch/multi_robot_bringup.launch.py -> /home/sanket/Documents/XP_Robotics/StepFile_gazebo/AGV/agv_simulation_workspace/install/agv/share/agv/launch\n'}
[2.812659] (agv) StdoutLine: {'line': b'copying launch/multi_robot_navigation.launch.py -> /home/sanket/Documents/XP_Robotics/StepFile_gazebo/AGV/agv_simulation_workspace/install/agv/share/agv/launch\n'}
[2.813090] (agv) StdoutLine: {'line': b'copying launch/agv_bringup.launch.py -> /home/sanket/Documents/XP_Robotics/StepFile_gazebo/AGV/agv_simulation_workspace/install/agv/share/agv/launch\n'}
[2.813492] (agv) StdoutLine: {'line': b'copying config/ekf.yaml -> /home/sanket/Documents/XP_Robotics/StepFile_gazebo/AGV/agv_simulation_workspace/install/agv/share/agv/config\n'}
[2.813658] (agv) StdoutLine: {'line': b'copying config/nav2_params.yaml -> /home/sanket/Documents/XP_Robotics/StepFile_gazebo/AGV/agv_simulation_workspace/install/agv/share/agv/config\n'}
[2.813867] (agv) StdoutLine: {'line': b'copying config/agv.rviz -> /home/sanket/Documents/XP_Robotics/StepFile_gazebo/AGV/agv_simulation_workspace/install/agv/share/agv/config\n'}
[2.814061] (agv) StdoutLine: {'line': b'copying AGV.urdf -> /home/sanket/Documents/XP_Robotics/StepFile_gazebo/AGV/agv_simulation_workspace/install/agv/share/agv\n'}
[2.814439] (agv) StdoutLine: {'line': b'copying agv.urdf.xacro -> /home/sanket/Documents/XP_Robotics/StepFile_gazebo/AGV/agv_simulation_workspace/install/agv/share/agv\n'}
[2.814616] (agv) StdoutLine: {'line': b'copying AGV.sdf -> /home/sanket/Documents/XP_Robotics/StepFile_gazebo/AGV/agv_simulation_workspace/install/agv/share/agv\n'}
[2.814946] (agv) StdoutLine: {'line': b'copying AGV.world -> /home/sanket/Documents/XP_Robotics/StepFile_gazebo/AGV/agv_simulation_workspace/install/agv/share/agv\n'}
[2.815113] (agv) StdoutLine: {'line': b'copying meshes/scanner-v2.stl -> /home/sanket/Documents/XP_Robotics/StepFile_gazebo/AGV/agv_simulation_workspace/install/agv/share/agv/meshes\n'}
[2.816387] (agv) StdoutLine: {'line': b'copying meshes/ZLtech_6.5inch-v3-1.stl -> /home/sanket/Documents/XP_Robotics/StepFile_gazebo/AGV/agv_simulation_workspace/install/agv/share/agv/meshes\n'}
[2.817290] (agv) StdoutLine: {'line': b'copying meshes/AGV_Body-v1.stl -> /home/sanket/Documents/XP_Robotics/StepFile_gazebo/AGV/agv_simulation_workspace/install/agv/share/agv/meshes\n'}
[2.824101] (-) TimerEvent: {}
[2.824365] (agv) StdoutLine: {'line': b'copying meshes/ZLtech_6.5inch-v3.stl -> /home/sanket/Documents/XP_Robotics/StepFile_gazebo/AGV/agv_simulation_workspace/install/agv/share/agv/meshes\n'}
[2.825134] (agv) StdoutLine: {'line': b'copying maps/final_test_map.pgm -> /home/sanket/Documents/XP_Robotics/StepFile_gazebo/AGV/agv_simulation_workspace/install/agv/share/agv/maps\n'}
[2.827312] (agv) StdoutLine: {'line': b'copying maps/my_new_map_flipped.pgm -> /home/sanket/Documents/XP_Robotics/StepFile_gazebo/AGV/agv_simulation_workspace/install/agv/share/agv/maps\n'}
[2.828020] (agv) StdoutLine: {'line': b'copying maps/room_map.pgm -> /home/sanket/Documents/XP_Robotics/StepFile_gazebo/AGV/agv_simulation_workspace/install/agv/share/agv/maps\n'}
[2.828929] (agv) StdoutLine: {'line': b'copying maps/my_new_map.pgm -> /home/sanket/Documents/XP_Robotics/StepFile_gazebo/AGV/agv_simulation_workspace/install/agv/share/agv/maps\n'}
[2.829624] (agv) StdoutLine: {'line': b'copying maps/my_new_map_flipped.yaml -> /home/sanket/Documents/XP_Robotics/StepFile_gazebo/AGV/agv_simulation_workspace/install/agv/share/agv/maps\n'}
[2.829923] (agv) StdoutLine: {'line': b'copying maps/my_new_map.yaml -> /home/sanket/Documents/XP_Robotics/StepFile_gazebo/AGV/agv_simulation_workspace/install/agv/share/agv/maps\n'}
[2.830068] (agv) StdoutLine: {'line': b'copying maps/final_test_map.yaml -> /home/sanket/Documents/XP_Robotics/StepFile_gazebo/AGV/agv_simulation_workspace/install/agv/share/agv/maps\n'}
[2.830512] (agv) StdoutLine: {'line': b'copying maps/room_map.yaml -> /home/sanket/Documents/XP_Robotics/StepFile_gazebo/AGV/agv_simulation_workspace/install/agv/share/agv/maps\n'}
[2.830888] (agv) StdoutLine: {'line': b'running install_egg_info\n'}
[2.833263] (agv) StdoutLine: {'line': b'Copying ../../build/agv/agv.egg-info to /home/sanket/Documents/XP_Robotics/StepFile_gazebo/AGV/agv_simulation_workspace/install/agv/lib/python3.10/site-packages/agv-0.0.0-py3.10.egg-info\n'}
[2.834195] (agv) StdoutLine: {'line': b'running install_scripts\n'}
[2.857546] (agv) StdoutLine: {'line': b'Installing analyze_results script to /home/sanket/Documents/XP_Robotics/StepFile_gazebo/AGV/agv_simulation_workspace/install/agv/lib/agv\n'}
[2.859873] (agv) StdoutLine: {'line': b'Installing goal_pid_controller script to /home/sanket/Documents/XP_Robotics/StepFile_gazebo/AGV/agv_simulation_workspace/install/agv/lib/agv\n'}
[2.860155] (agv) StdoutLine: {'line': b'Installing random_orchestrator script to /home/sanket/Documents/XP_Robotics/StepFile_gazebo/AGV/agv_simulation_workspace/install/agv/lib/agv\n'}
[2.860268] (agv) StdoutLine: {'line': b'Installing run_tests script to /home/sanket/Documents/XP_Robotics/StepFile_gazebo/AGV/agv_simulation_workspace/install/agv/lib/agv\n'}
[2.860377] (agv) StdoutLine: {'line': b'Installing test_orchestrator script to /home/sanket/Documents/XP_Robotics/StepFile_gazebo/AGV/agv_simulation_workspace/install/agv/lib/agv\n'}
[2.860486] (agv) StdoutLine: {'line': b'Installing tf_to_odom script to /home/sanket/Documents/XP_Robotics/StepFile_gazebo/AGV/agv_simulation_workspace/install/agv/lib/agv\n'}
[2.860617] (agv) StdoutLine: {'line': b"writing list of installed files to '/home/sanket/Documents/XP_Robotics/StepFile_gazebo/AGV/agv_simulation_workspace/build/agv/install.log'\n"}
[2.903783] (agv) CommandEnded: {'returncode': 0}
[2.925299] (-) TimerEvent: {}
[2.927319] (agv) JobEnded: {'identifier': 'agv', 'rc': 0}
[2.928725] (-) EventReactorShutdown: {}
