[0.000000] (-) TimerEvent: {}
[0.000346] (-) JobUnselected: {'identifier': 'agv'}
[0.000537] (grid_navigation) JobQueued: {'identifier': 'grid_navigation', 'dependencies': OrderedDict()}
[0.000576] (grid_navigation) JobStarted: {'identifier': 'grid_navigation'}
[0.099862] (-) TimerEvent: {}
[0.200130] (-) TimerEvent: {}
[0.300379] (-) TimerEvent: {}
[0.400634] (-) TimerEvent: {}
[0.500909] (-) TimerEvent: {}
[0.552628] (grid_navigation) Command: {'cmd': ['/usr/bin/python3', '-W', 'ignore:setup.py install is deprecated', '-W', 'ignore:easy_install command is deprecated', 'setup.py', 'egg_info', '--egg-base', '../../build/grid_navigation', 'build', '--build-base', '/home/sanket/Documents/XP_Robotics/StepFile_gazebo/AGV/agv_simulation_workspace/build/grid_navigation/build', 'install', '--record', '/home/sanket/Documents/XP_Robotics/StepFile_gazebo/AGV/agv_simulation_workspace/build/grid_navigation/install.log', '--install-scripts', '$base/lib/grid_navigation', '--single-version-externally-managed', 'install_data'], 'cwd': '/home/sanket/Documents/XP_Robotics/StepFile_gazebo/AGV/agv_simulation_workspace/src/grid_navigation', 'env': {'GJS_DEBUG_TOPICS': 'JS ERROR;JS LOG', 'LESSOPEN': '| /usr/bin/lesspipe %s', 'VSCODE_CWD': '/home/sanket', 'LANGUAGE': 'en_IN:en', 'USER': 'sanket', 'VSCODE_NLS_CONFIG': '{"userLocale":"en-gb","osLocale":"en-in","resolvedLanguage":"en","defaultMessagesFile":"/usr/share/antigravity/resources/app/out/nls.messages.json","locale":"en-gb","availableLanguages":{}}', 'XDG_SESSION_TYPE': 'wayland', 'SHLVL': '0', 'LD_LIBRARY_PATH': '/usr/lib/x86_64-linux-gnu/gazebo-11/plugins:/opt/ros/humble/opt/rviz_ogre_vendor/lib:/opt/ros/humble/lib/x86_64-linux-gnu:/opt/ros/humble/lib', 'HOME': '/home/sanket', 'CHROME_DESKTOP': 'antigravity.desktop', 'OLDPWD': '/home/sanket/Documents/XP_Robotics/StepFile_gazebo/AGV/agv_simulation_workspace', 'DESKTOP_SESSION': 'ubuntu', 'NVM_BIN': '/home/sanket/.nvm/versions/node/v20.19.4/bin', 'NVM_INC': '/home/sanket/.nvm/versions/node/v20.19.4/include/node', 'VSCODE_IPC_HOOK': '/run/user/1000/vscode-bf2a475c-1.10-main.sock', 'GIO_LAUNCHED_DESKTOP_FILE': '/usr/share/applications/antigravity.desktop', 'ROS_PYTHON_VERSION': '3', 'GNOME_SHELL_SESSION_MODE': 'ubuntu', 'GTK_MODULES': 'gail:atk-bridge', 'PAGER': 'cat', 'MANAGERPID': '2307', 'SYSTEMD_EXEC_PID': '2482', 'IM_CONFIG_CHECK_ENV': '1', 'DBUS_SESSION_BUS_ADDRESS': 'unix:path=/run/user/1000/bus', 'ANTIGRAVITY_AGENT': '1', 'GIO_LAUNCHED_DESKTOP_FILE_PID': '13510', 'NVM_DIR': '/home/sanket/.nvm', 'IM_CONFIG_PHASE': '1', 'WAYLAND_DISPLAY': 'wayland-0', 'COLCON_PREFIX_PATH': '/home/sanket/stair_robot_ws/install:/home/sanket/ros2_ws/install:/home/sanket/robot_ws/install', 'ROS_DISTRO': 'humble', 'LOGNAME': 'sanket', 'JOURNAL_STREAM': '8:22622', '_': '/usr/bin/colcon', 'ROS_VERSION': '2', 'XDG_SESSION_CLASS': 'user', 'USERNAME': 'sanket', 'TERM': 'dumb', 'GNOME_DESKTOP_SESSION_ID': 'this-is-deprecated', 'FC_FONTATIONS': '1', 'ROS_LOCALHOST_ONLY': '0', 'ANTIGRAVITY_EDITOR_APP_ROOT': '/usr/share/antigravity/resources/app', 'PATH': '/home/sanket/.local/bin:/home/sanket/bin:/home/sanket/.npm-global/bin:/home/sanket/.nvm/versions/node/v20.19.4/bin:/home/sanket/robot_ws/install/slam_robot/bin:/opt/ros/humble/bin:/home/sanket/.local/bin:/home/sanket/bin:/usr/local/sbin:/usr/local/bin:/usr/sbin:/usr/bin:/sbin:/bin:/usr/games:/usr/local/games:/snap/bin:/snap/bin', 'SESSION_MANAGER': 'local/sanket-Victus-by-HP-Laptop-16-d0xxx:@/tmp/.ICE-unix/2447,unix/sanket-Victus-by-HP-Laptop-16-d0xxx:/tmp/.ICE-unix/2447', 'INVOCATION_ID': '530b9e61374b459c8e9c82ea3b6be2e5', 'XDG_MENU_PREFIX': 'gnome-', 'GNOME_SETUP_DISPLAY': ':1', 'XDG_RUNTIME_DIR': '/run/user/1000', 'GDK_BACKEND': 'wayland', 'DISPLAY': ':0', 'LANG': 'en_US.UTF-8', 'XDG_CURRENT_DESKTOP': 'ubuntu:GNOME', 'XMODIFIERS': '@im=ibus', 'XDG_SESSION_DESKTOP': 'ubuntu', 'XAUTHORITY': '/run/user/1000/.mutter-Xwaylandauth.XV9FT3', 'LS_COLORS': '', 'SSH_AGENT_LAUNCHER': 'gnome-keyring', 'SSH_AUTH_SOCK': '/run/user/1000/keyring/ssh', 'AMENT_PREFIX_PATH': '/home/sanket/stair_robot_ws/install/stair_robot:/home/sanket/ros2_ws/install/qt_gui_ros2:/home/sanket/ros2_ws/install/my_robot_controller:/home/sanket/robot_ws/install/slam_robot:/opt/ros/humble', 'SHELL': '/bin/bash', 'QT_ACCESSIBILITY': '1', 'GDMSESSION': 'ubuntu', 'LESSCLOSE': '/usr/bin/lesspipe %s %s', 'GJS_DEBUG_OUTPUT': 'stderr', 'QT_IM_MODULE': 'ibus', 'ANTIGRAVITY_TRAJECTORY_ID': '51fa2713-362c-42c1-94b5-edc1ea927781', 'PWD': '/home/sanket/Documents/XP_Robotics/StepFile_gazebo/AGV/agv_simulation_workspace/build/grid_navigation', 'TURTLEBOT3_MODEL': 'waffle', 'LC_ALL': 'en_US.UTF-8', 'XDG_CONFIG_DIRS': '/etc/xdg/xdg-ubuntu:/etc/xdg', 'VSCODE_CODE_CACHE_PATH': '/home/sanket/.config/Antigravity/CachedData/15487b3041e65228cae24980a3f796c905ef582c', 'NVM_CD_FLAGS': '', 'XDG_DATA_DIRS': '/usr/share/ubuntu:/usr/local/share/:/usr/share/:/var/lib/snapd/desktop', 'PYTHONPATH': '/home/sanket/Documents/XP_Robotics/StepFile_gazebo/AGV/agv_simulation_workspace/build/grid_navigation/prefix_override:/usr/lib/python3/dist-packages/colcon_core/task/python/colcon_distutils_commands:/home/sanket/Documents/XP_Robotics/StepFile_gazebo/AGV/agv_simulation_workspace/install/grid_navigation/lib/python3.10/site-packages:/home/sanket/ros2_ws/install/my_robot_controller/lib/python3.10/site-packages:/home/sanket/robot_ws/install/slam_robot/lib/python3.10/site-packages:/opt/ros/humble/lib/python3.10/site-packages:/opt/ros/humble/local/lib/python3.10/dist-packages', 'COLCON': '1', 'CMAKE_PREFIX_PATH': '/home/sanket/stair_robot_ws/install/stair_robot:/home/sanket/ros2_ws/install/qt_gui_ros2', 'VSCODE_PID': '13510'}, 'shell': False}
[0.601015] (-) TimerEvent: {}
[0.701280] (-) TimerEvent: {}
[0.762134] (grid_navigation) StdoutLine: {'line': b'running egg_info\n'}
[0.762603] (grid_navigation) StdoutLine: {'line': b'writing ../../build/grid_navigation/grid_navigation.egg-info/PKG-INFO\n'}
[0.762695] (grid_navigation) StdoutLine: {'line': b'writing dependency_links to ../../build/grid_navigation/grid_navigation.egg-info/dependency_links.txt\n'}
[0.762803] (grid_navigation) StdoutLine: {'line': b'writing entry points to ../../build/grid_navigation/grid_navigation.egg-info/entry_points.txt\n'}
[0.762892] (grid_navigation) StdoutLine: {'line': b'writing requirements to ../../build/grid_navigation/grid_navigation.egg-info/requires.txt\n'}
[0.762949] (grid_navigation) StdoutLine: {'line': b'writing top-level names to ../../build/grid_navigation/grid_navigation.egg-info/top_level.txt\n'}
[0.764906] (grid_navigation) StdoutLine: {'line': b"reading manifest file '../../build/grid_navigation/grid_navigation.egg-info/SOURCES.txt'\n"}
[0.765674] (grid_navigation) StdoutLine: {'line': b"writing manifest file '../../build/grid_navigation/grid_navigation.egg-info/SOURCES.txt'\n"}
[0.765735] (grid_navigation) StdoutLine: {'line': b'running build\n'}
[0.765771] (grid_navigation) StdoutLine: {'line': b'running build_py\n'}
[0.765901] (grid_navigation) StdoutLine: {'line': b'copying grid_navigation/main.py -> /home/sanket/Documents/XP_Robotics/StepFile_gazebo/AGV/agv_simulation_workspace/build/grid_navigation/build/lib/grid_navigation\n'}
[0.766033] (grid_navigation) StdoutLine: {'line': b'copying grid_navigation/navigator.py -> /home/sanket/Documents/XP_Robotics/StepFile_gazebo/AGV/agv_simulation_workspace/build/grid_navigation/build/lib/grid_navigation\n'}
[0.766331] (grid_navigation) StdoutLine: {'line': b'running install\n'}
[0.766654] (grid_navigation) StdoutLine: {'line': b'running install_lib\n'}
[0.767411] (grid_navigation) StdoutLine: {'line': b'copying /home/sanket/Documents/XP_Robotics/StepFile_gazebo/AGV/agv_simulation_workspace/build/grid_navigation/build/lib/grid_navigation/main.py -> /home/sanket/Documents/XP_Robotics/StepFile_gazebo/AGV/agv_simulation_workspace/install/grid_navigation/lib/python3.10/site-packages/grid_navigation\n'}
[0.767554] (grid_navigation) StdoutLine: {'line': b'copying /home/sanket/Documents/XP_Robotics/StepFile_gazebo/AGV/agv_simulation_workspace/build/grid_navigation/build/lib/grid_navigation/navigator.py -> /home/sanket/Documents/XP_Robotics/StepFile_gazebo/AGV/agv_simulation_workspace/install/grid_navigation/lib/python3.10/site-packages/grid_navigation\n'}
[0.768244] (grid_navigation) StdoutLine: {'line': b'byte-compiling /home/sanket/Documents/XP_Robotics/StepFile_gazebo/AGV/agv_simulation_workspace/install/grid_navigation/lib/python3.10/site-packages/grid_navigation/main.py to main.cpython-310.pyc\n'}
[0.769100] (grid_navigation) StdoutLine: {'line': b'byte-compiling /home/sanket/Documents/XP_Robotics/StepFile_gazebo/AGV/agv_simulation_workspace/install/grid_navigation/lib/python3.10/site-packages/grid_navigation/navigator.py to navigator.cpython-310.pyc\n'}
[0.769802] (grid_navigation) StdoutLine: {'line': b'running install_data\n'}
[0.769842] (grid_navigation) StdoutLine: {'line': b'running install_egg_info\n'}
[0.771173] (grid_navigation) StdoutLine: {'line': b"removing '/home/sanket/Documents/XP_Robotics/StepFile_gazebo/AGV/agv_simulation_workspace/install/grid_navigation/lib/python3.10/site-packages/grid_navigation-0.0.0-py3.10.egg-info' (and everything under it)\n"}
[0.771421] (grid_navigation) StdoutLine: {'line': b'Copying ../../build/grid_navigation/grid_navigation.egg-info to /home/sanket/Documents/XP_Robotics/StepFile_gazebo/AGV/agv_simulation_workspace/install/grid_navigation/lib/python3.10/site-packages/grid_navigation-0.0.0-py3.10.egg-info\n'}
[0.772041] (grid_navigation) StdoutLine: {'line': b'running install_scripts\n'}
[0.785651] (grid_navigation) StdoutLine: {'line': b'Installing grid_navigator script to /home/sanket/Documents/XP_Robotics/StepFile_gazebo/AGV/agv_simulation_workspace/install/grid_navigation/lib/grid_navigation\n'}
[0.785989] (grid_navigation) StdoutLine: {'line': b"writing list of installed files to '/home/sanket/Documents/XP_Robotics/StepFile_gazebo/AGV/agv_simulation_workspace/build/grid_navigation/install.log'\n"}
[0.801394] (-) TimerEvent: {}
[0.807148] (grid_navigation) CommandEnded: {'returncode': 0}
[0.815365] (grid_navigation) JobEnded: {'identifier': 'grid_navigation', 'rc': 0}
[0.815964] (-) EventReactorShutdown: {}
