running egg_info
writing ../../build/grid_navigation/grid_navigation.egg-info/PKG-INFO
writing dependency_links to ../../build/grid_navigation/grid_navigation.egg-info/dependency_links.txt
writing entry points to ../../build/grid_navigation/grid_navigation.egg-info/entry_points.txt
writing requirements to ../../build/grid_navigation/grid_navigation.egg-info/requires.txt
writing top-level names to ../../build/grid_navigation/grid_navigation.egg-info/top_level.txt
reading manifest file '../../build/grid_navigation/grid_navigation.egg-info/SOURCES.txt'
writing manifest file '../../build/grid_navigation/grid_navigation.egg-info/SOURCES.txt'
running build
running build_py
copying grid_navigation/main.py -> /home/sanket/Documents/XP_Robotics/StepFile_gazebo/AGV/agv_simulation_workspace/build/grid_navigation/build/lib/grid_navigation
copying grid_navigation/navigator.py -> /home/sanket/Documents/XP_Robotics/StepFile_gazebo/AGV/agv_simulation_workspace/build/grid_navigation/build/lib/grid_navigation
running install
running install_lib
copying /home/sanket/Documents/XP_Robotics/StepFile_gazebo/AGV/agv_simulation_workspace/build/grid_navigation/build/lib/grid_navigation/main.py -> /home/sanket/Documents/XP_Robotics/StepFile_gazebo/AGV/agv_simulation_workspace/install/grid_navigation/lib/python3.10/site-packages/grid_navigation
copying /home/sanket/Documents/XP_Robotics/StepFile_gazebo/AGV/agv_simulation_workspace/build/grid_navigation/build/lib/grid_navigation/navigator.py -> /home/sanket/Documents/XP_Robotics/StepFile_gazebo/AGV/agv_simulation_workspace/install/grid_navigation/lib/python3.10/site-packages/grid_navigation
byte-compiling /home/sanket/Documents/XP_Robotics/StepFile_gazebo/AGV/agv_simulation_workspace/install/grid_navigation/lib/python3.10/site-packages/grid_navigation/main.py to main.cpython-310.pyc
byte-compiling /home/sanket/Documents/XP_Robotics/StepFile_gazebo/AGV/agv_simulation_workspace/install/grid_navigation/lib/python3.10/site-packages/grid_navigation/navigator.py to navigator.cpython-310.pyc
running install_data
running install_egg_info
removing '/home/sanket/Documents/XP_Robotics/StepFile_gazebo/AGV/agv_simulation_workspace/install/grid_navigation/lib/python3.10/site-packages/grid_navigation-0.0.0-py3.10.egg-info' (and everything under it)
Copying ../../build/grid_navigation/grid_navigation.egg-info to /home/sanket/Documents/XP_Robotics/StepFile_gazebo/AGV/agv_simulation_workspace/install/grid_navigation/lib/python3.10/site-packages/grid_navigation-0.0.0-py3.10.egg-info
running install_scripts
Installing grid_navigator script to /home/sanket/Documents/XP_Robotics/StepFile_gazebo/AGV/agv_simulation_workspace/install/grid_navigation/lib/grid_navigation
writing list of installed files to '/home/sanket/Documents/XP_Robotics/StepFile_gazebo/AGV/agv_simulation_workspace/build/grid_navigation/install.log'
