[INFO] [launch]: All log files can be found below /home/sanket/.ros/log/2026-07-27-17-26-09-151133-sanket-Victus-by-HP-Laptop-16-d0xxx-14271
[INFO] [launch]: Default logging verbosity is set to INFO
[INFO] [gzserver-1]: process started with pid [14273]
[INFO] [gzclient-2]: process started with pid [14275]
[INFO] [rviz2-3]: process started with pid [14277]
[INFO] [map_server-4]: process started with pid [14279]
[INFO] [lifecycle_manager-5]: process started with pid [14281]
[INFO] [robot_state_publisher-6]: process started with pid [14283]
[INFO] [spawn_entity.py-7]: process started with pid [14285]
[INFO] [ekf_node-8]: process started with pid [14287]
[INFO] [amcl-9]: process started with pid [14289]
[INFO] [tf_to_odom-10]: process started with pid [14291]
[INFO] [ros2-11]: process started with pid [14293]
[map_server-4] [INFO] [1785153369.332203365] [map_server]: 
[map_server-4] 	map_server lifecycle node launched. 
[map_server-4] 	Waiting on external lifecycle transitions to activate
[map_server-4] 	See https://design.ros2.org/articles/node_lifecycle.html for more information.
[map_server-4] [INFO] [1785153369.332341811] [map_server]: Creating
[lifecycle_manager-5] [INFO] [1785153369.351610600] [lifecycle_manager_localization]: Creating
[robot_state_publisher-6] [INFO] [1785153369.356599822] [robot3.robot_state_publisher]: got segment robot3/AGV_Body-v1
[robot_state_publisher-6] [INFO] [1785153369.356792243] [robot3.robot_state_publisher]: got segment robot3/ZLtech_6.5inch-v3
[robot_state_publisher-6] [INFO] [1785153369.356800544] [robot3.robot_state_publisher]: got segment robot3/ZLtech_6.5inch-v3-1
[robot_state_publisher-6] [INFO] [1785153369.356805664] [robot3.robot_state_publisher]: got segment robot3/base_link
[robot_state_publisher-6] [INFO] [1785153369.356811015] [robot3.robot_state_publisher]: got segment robot3/caster_back
[robot_state_publisher-6] [INFO] [1785153369.356815996] [robot3.robot_state_publisher]: got segment robot3/caster_front
[robot_state_publisher-6] [INFO] [1785153369.356820761] [robot3.robot_state_publisher]: got segment robot3/front_indicator
[robot_state_publisher-6] [INFO] [1785153369.356825548] [robot3.robot_state_publisher]: got segment robot3/laser_frame
[robot_state_publisher-6] [INFO] [1785153369.356830300] [robot3.robot_state_publisher]: got segment robot3/scanner-v2
[amcl-9] [INFO] [1785153369.694684661] [amcl3]: 
[amcl-9] 	amcl3 lifecycle node launched. 
[amcl-9] 	Waiting on external lifecycle transitions to activate
[amcl-9] 	See https://design.ros2.org/articles/node_lifecycle.html for more information.
[amcl-9] [INFO] [1785153369.696205582] [amcl3]: Creating
[lifecycle_manager-5] [INFO] [1785153369.698983846] [lifecycle_manager_localization]: [34m[1mCreating and initializing lifecycle service clients[0m[0m
[spawn_entity.py-7] [INFO] [1785153370.120261979] [spawn_entity]: Spawn Entity started
[spawn_entity.py-7] [INFO] [1785153370.120898255] [spawn_entity]: Loading entity published on topic /robot3/robot_description
[spawn_entity.py-7] [INFO] [1785153370.124458610] [spawn_entity]: Waiting for entity xml on /robot3/robot_description
[lifecycle_manager-5] [INFO] [1785153370.144716351] [lifecycle_manager_localization]: [34m[1mStarting managed nodes bringup...[0m[0m
[lifecycle_manager-5] [INFO] [1785153370.144777620] [lifecycle_manager_localization]: [34m[1mConfiguring map_server[0m[0m
[spawn_entity.py-7] [INFO] [1785153370.243413201] [spawn_entity]: Waiting for service /spawn_entity, timeout = 30
[spawn_entity.py-7] [INFO] [1785153370.243853100] [spawn_entity]: Waiting for service /spawn_entity
[ros2-11] [INFO] [launch]: All log files can be found below /home/sanket/.ros/log/2026-07-27-17-26-10-302670-sanket-Victus-by-HP-Laptop-16-d0xxx-14293
[ros2-11] [INFO] [launch]: Default logging verbosity is set to INFO
[tf_to_odom-10] [INFO] [1785153370.339760782] [robot3.tf_to_odom]: Publishing TF (map -> robot3/base_link) to odometry/filtered
[ros2-11] [INFO] [controller_server-1]: process started with pid [14451]
[ros2-11] [INFO] [smoother_server-2]: process started with pid [14453]
[ros2-11] [INFO] [planner_server-3]: process started with pid [14455]
[ros2-11] [INFO] [behavior_server-4]: process started with pid [14457]
[ros2-11] [INFO] [bt_navigator-5]: process started with pid [14459]
[ros2-11] [INFO] [waypoint_follower-6]: process started with pid [14461]
[ros2-11] [INFO] [velocity_smoother-7]: process started with pid [14463]
[ros2-11] [INFO] [lifecycle_manager-8]: process started with pid [14465]
[ros2-11] [controller_server-1] [INFO] [1785153370.578979512] [robot3.controller_server]: 
[ros2-11] [controller_server-1] 	controller_server lifecycle node launched. 
[ros2-11] [controller_server-1] 	Waiting on external lifecycle transitions to activate
[ros2-11] [controller_server-1] 	See https://design.ros2.org/articles/node_lifecycle.html for more information.
[ros2-11] [controller_server-1] [INFO] [1785153370.585085610] [robot3.controller_server]: Creating controller server
[ros2-11] [planner_server-3] [INFO] [1785153370.614593643] [robot3.planner_server]: 
[ros2-11] [planner_server-3] 	planner_server lifecycle node launched. 
[ros2-11] [planner_server-3] 	Waiting on external lifecycle transitions to activate
[ros2-11] [planner_server-3] 	See https://design.ros2.org/articles/node_lifecycle.html for more information.
[ros2-11] [planner_server-3] [INFO] [1785153370.622277368] [robot3.planner_server]: Creating
[ros2-11] [waypoint_follower-6] [INFO] [1785153370.623767689] [robot3.waypoint_follower]: 
[ros2-11] [waypoint_follower-6] 	waypoint_follower lifecycle node launched. 
[ros2-11] [waypoint_follower-6] 	Waiting on external lifecycle transitions to activate
[ros2-11] [waypoint_follower-6] 	See https://design.ros2.org/articles/node_lifecycle.html for more information.
[ros2-11] [waypoint_follower-6] [INFO] [1785153370.624342695] [robot3.waypoint_follower]: Creating
[ros2-11] [controller_server-1] [INFO] [1785153370.645536515] [robot3.local_costmap.local_costmap]: 
[ros2-11] [controller_server-1] 	local_costmap lifecycle node launched. 
[ros2-11] [controller_server-1] 	Waiting on external lifecycle transitions to activate
[ros2-11] [controller_server-1] 	See https://design.ros2.org/articles/node_lifecycle.html for more information.
[ros2-11] [controller_server-1] [INFO] [1785153370.664193143] [robot3.local_costmap.local_costmap]: Creating Costmap
[ros2-11] [velocity_smoother-7] [INFO] [1785153370.667848026] [robot3.velocity_smoother]: 
[ros2-11] [velocity_smoother-7] 	velocity_smoother lifecycle node launched. 
[ros2-11] [velocity_smoother-7] 	Waiting on external lifecycle transitions to activate
[ros2-11] [velocity_smoother-7] 	See https://design.ros2.org/articles/node_lifecycle.html for more information.
[ros2-11] [behavior_server-4] [INFO] [1785153370.692164274] [robot3.behavior_server]: 
[ros2-11] [behavior_server-4] 	behavior_server lifecycle node launched. 
[ros2-11] [behavior_server-4] 	Waiting on external lifecycle transitions to activate
[ros2-11] [behavior_server-4] 	See https://design.ros2.org/articles/node_lifecycle.html for more information.
[ros2-11] [smoother_server-2] [INFO] [1785153370.714459345] [robot3.smoother_server]: 
[ros2-11] [smoother_server-2] 	smoother_server lifecycle node launched. 
[ros2-11] [smoother_server-2] 	Waiting on external lifecycle transitions to activate
[ros2-11] [smoother_server-2] 	See https://design.ros2.org/articles/node_lifecycle.html for more information.
[ros2-11] [smoother_server-2] [INFO] [1785153370.716126041] [robot3.smoother_server]: Creating smoother server
[ros2-11] [lifecycle_manager-8] [INFO] [1785153370.739203176] [robot3.lifecycle_manager_navigation]: Creating
[ros2-11] [bt_navigator-5] [INFO] [1785153370.814229074] [robot3.bt_navigator]: 
[ros2-11] [bt_navigator-5] 	bt_navigator lifecycle node launched. 
[ros2-11] [bt_navigator-5] 	Waiting on external lifecycle transitions to activate
[ros2-11] [bt_navigator-5] 	See https://design.ros2.org/articles/node_lifecycle.html for more information.
[ros2-11] [bt_navigator-5] [INFO] [1785153370.814450086] [robot3.bt_navigator]: Creating
[rviz2-3] [INFO] [1785153371.045497202] [rviz2]: Stereo is NOT SUPPORTED
[rviz2-3] [INFO] [1785153371.045603683] [rviz2]: OpenGl version: 4.6 (GLSL 4.6)
[ros2-11] [lifecycle_manager-8] [INFO] [1785153371.122375370] [robot3.lifecycle_manager_navigation]: [34m[1mCreating and initializing lifecycle service clients[0m[0m
[rviz2-3] [INFO] [1785153371.221287852] [rviz2]: Stereo is NOT SUPPORTED
[ros2-11] [planner_server-3] [INFO] [1785153372.091123469] [robot3.global_costmap.global_costmap]: 
[ros2-11] [planner_server-3] 	global_costmap lifecycle node launched. 
[ros2-11] [planner_server-3] 	Waiting on external lifecycle transitions to activate
[ros2-11] [planner_server-3] 	See https://design.ros2.org/articles/node_lifecycle.html for more information.
[ros2-11] [planner_server-3] [INFO] [1785153372.092522072] [robot3.global_costmap.global_costmap]: Creating Costmap
[spawn_entity.py-7] [INFO] [1785153372.518375525] [spawn_entity]: Calling service /spawn_entity
[spawn_entity.py-7] [INFO] [1785153372.783973655] [spawn_entity]: Spawn status: SpawnEntity: Successfully spawned entity [robot3]
[gzserver-1] [INFO] [1785153372.917106794] [robot3.diff_drive]: Wheel pair 1 separation set to [0.560000m]
[gzserver-1] [INFO] [1785153372.917731128] [robot3.diff_drive]: Wheel pair 1 diameter set to [0.165000m]
[gzserver-1] [INFO] [1785153372.921240534] [robot3.diff_drive]: Subscribed to [/robot3/cmd_vel]
[gzserver-1] [INFO] [1785153372.924735596] [robot3.diff_drive]: Advertise odometry on [/robot3/odom]
[gzserver-1] [INFO] [1785153372.948020887] [robot3.joint_state]: Going to publish joint [robot3/AGV_Body-v1_Revolute-2]
[gzserver-1] [INFO] [1785153372.948070535] [robot3.joint_state]: Going to publish joint [robot3/AGV_Body-v1_Revolute-3]
[INFO] [spawn_entity.py-7]: process has finished cleanly [pid 14285]
[ros2-11] [lifecycle_manager-8] [INFO] [1785153373.141122968] [robot3.lifecycle_manager_navigation]: [34m[1mStarting managed nodes bringup...[0m[0m
[ros2-11] [lifecycle_manager-8] [INFO] [1785153373.141174957] [robot3.lifecycle_manager_navigation]: [34m[1mConfiguring controller_server[0m[0m
[ros2-11] [controller_server-1] [INFO] [1785153373.141612044] [robot3.controller_server]: Configuring controller interface
[ros2-11] [controller_server-1] [INFO] [1785153373.142020037] [robot3.controller_server]: getting goal checker plugins..
[ros2-11] [controller_server-1] [INFO] [1785153373.142232708] [robot3.controller_server]: Controller frequency set to 20.0000Hz
[ros2-11] [controller_server-1] [INFO] [1785153373.142309927] [robot3.local_costmap.local_costmap]: Configuring
[ros2-11] [controller_server-1] [INFO] [1785153373.150765578] [robot3.local_costmap.local_costmap]: Using plugin "voxel_layer"
[ros2-11] [controller_server-1] [INFO] [1785153373.153860210] [robot3.local_costmap.local_costmap]: Subscribed to Topics: scan
[ros2-11] [controller_server-1] [INFO] [1785153373.163731761] [robot3.local_costmap.local_costmap]: Initialized plugin "voxel_layer"
[ros2-11] [controller_server-1] [INFO] [1785153373.163792694] [robot3.local_costmap.local_costmap]: Using plugin "inflation_layer"
[ros2-11] [controller_server-1] [INFO] [1785153373.164490553] [robot3.local_costmap.local_costmap]: Initialized plugin "inflation_layer"
[ros2-11] [controller_server-1] [INFO] [1785153373.178228530] [robot3.controller_server]: Created progress_checker : progress_checker of type nav2_controller::SimpleProgressChecker
[ros2-11] [controller_server-1] [INFO] [1785153373.179815412] [robot3.controller_server]: Created goal checker : general_goal_checker of type nav2_controller::SimpleGoalChecker
[ros2-11] [controller_server-1] [INFO] [1785153373.181255970] [robot3.controller_server]: Controller Server has general_goal_checker  goal checkers available.
[ros2-11] [controller_server-1] [INFO] [1785153373.182068092] [robot3.controller_server]: Created controller : FollowPath of type nav2_regulated_pure_pursuit_controller::RegulatedPurePursuitController
[ros2-11] [controller_server-1] [INFO] [1785153373.190362463] [robot3.controller_server]: Controller Server has FollowPath  controllers available.
[ros2-11] [lifecycle_manager-8] [INFO] [1785153373.204447857] [robot3.lifecycle_manager_navigation]: [34m[1mConfiguring smoother_server[0m[0m
[ros2-11] [smoother_server-2] [INFO] [1785153373.204761434] [robot3.smoother_server]: Configuring smoother server
[ros2-11] [smoother_server-2] [INFO] [1785153373.215784548] [robot3.smoother_server]: Created smoother : simple_smoother of type nav2_smoother::SimpleSmoother
[ros2-11] [smoother_server-2] [INFO] [1785153373.217109339] [robot3.smoother_server]: Smoother Server has simple_smoother  smoothers available.
[ros2-11] [lifecycle_manager-8] [INFO] [1785153373.226762657] [robot3.lifecycle_manager_navigation]: [34m[1mConfiguring planner_server[0m[0m
[ros2-11] [planner_server-3] [INFO] [1785153373.227095295] [robot3.planner_server]: Configuring
[ros2-11] [planner_server-3] [INFO] [1785153373.227152611] [robot3.global_costmap.global_costmap]: Configuring
[ros2-11] [planner_server-3] [INFO] [1785153373.236365639] [robot3.global_costmap.global_costmap]: Using plugin "static_layer"
[ros2-11] [planner_server-3] [INFO] [1785153373.239619317] [robot3.global_costmap.global_costmap]: Subscribing to the map topic (/map) with transient local durability
[ros2-11] [planner_server-3] [INFO] [1785153373.241588581] [robot3.global_costmap.global_costmap]: Initialized plugin "static_layer"
[ros2-11] [planner_server-3] [INFO] [1785153373.241636815] [robot3.global_costmap.global_costmap]: Using plugin "obstacle_layer"
[ros2-11] [planner_server-3] [INFO] [1785153373.242368235] [robot3.global_costmap.global_costmap]: Subscribed to Topics: scan
[ros2-11] [planner_server-3] [INFO] [1785153373.246988731] [robot3.global_costmap.global_costmap]: Initialized plugin "obstacle_layer"
[ros2-11] [planner_server-3] [INFO] [1785153373.247054417] [robot3.global_costmap.global_costmap]: Using plugin "inflation_layer"
[ros2-11] [planner_server-3] [INFO] [1785153373.247830628] [robot3.global_costmap.global_costmap]: Initialized plugin "inflation_layer"
[ros2-11] [planner_server-3] [INFO] [1785153373.269966993] [robot3.planner_server]: Created global planner plugin GridBased of type nav2_navfn_planner/NavfnPlanner
[ros2-11] [planner_server-3] [INFO] [1785153373.270026669] [robot3.planner_server]: Configuring plugin GridBased of type NavfnPlanner
[ros2-11] [planner_server-3] [INFO] [1785153373.270626120] [robot3.planner_server]: Planner Server has GridBased  planners available.
[ros2-11] [lifecycle_manager-8] [INFO] [1785153373.291530764] [robot3.lifecycle_manager_navigation]: [34m[1mConfiguring behavior_server[0m[0m
[ros2-11] [behavior_server-4] [INFO] [1785153373.693270756] [robot3.behavior_server]: Configuring
[ros2-11] [behavior_server-4] [INFO] [1785153373.703733981] [robot3.behavior_server]: Creating behavior plugin spin of type nav2_behaviors/Spin
[ros2-11] [behavior_server-4] [INFO] [1785153373.704650659] [robot3.behavior_server]: Configuring spin
[ros2-11] [behavior_server-4] [INFO] [1785153373.714828839] [robot3.behavior_server]: Creating behavior plugin backup of type nav2_behaviors/BackUp
[ros2-11] [behavior_server-4] [INFO] [1785153373.715767494] [robot3.behavior_server]: Configuring backup
[ros2-11] [behavior_server-4] [INFO] [1785153373.724722355] [robot3.behavior_server]: Creating behavior plugin drive_on_heading of type nav2_behaviors/DriveOnHeading
[ros2-11] [behavior_server-4] [INFO] [1785153373.725427959] [robot3.behavior_server]: Configuring drive_on_heading
[ros2-11] [behavior_server-4] [INFO] [1785153373.733256218] [robot3.behavior_server]: Creating behavior plugin assisted_teleop of type nav2_behaviors/AssistedTeleop
[ros2-11] [behavior_server-4] [INFO] [1785153373.734659563] [robot3.behavior_server]: Configuring assisted_teleop
[ros2-11] [behavior_server-4] [INFO] [1785153373.746029816] [robot3.behavior_server]: Creating behavior plugin wait of type nav2_behaviors/Wait
[ros2-11] [behavior_server-4] [INFO] [1785153373.747062530] [robot3.behavior_server]: Configuring wait
[ros2-11] [lifecycle_manager-8] [INFO] [1785153373.759793159] [robot3.lifecycle_manager_navigation]: [34m[1mConfiguring bt_navigator[0m[0m
[ros2-11] [bt_navigator-5] [INFO] [1785153373.760240564] [robot3.bt_navigator]: Configuring
[ros2-11] [lifecycle_manager-8] [INFO] [1785153373.852972717] [robot3.lifecycle_manager_navigation]: [34m[1mConfiguring waypoint_follower[0m[0m
[ros2-11] [waypoint_follower-6] [INFO] [1785153373.853468240] [robot3.waypoint_follower]: Configuring
[ros2-11] [waypoint_follower-6] [INFO] [1785153373.875441615] [robot3.waypoint_follower]: Created waypoint_task_executor : wait_at_waypoint of type nav2_waypoint_follower::WaitAtWaypoint
[ros2-11] [lifecycle_manager-8] [INFO] [1785153373.877268480] [robot3.lifecycle_manager_navigation]: [34m[1mConfiguring velocity_smoother[0m[0m
[ros2-11] [velocity_smoother-7] [INFO] [1785153373.877763683] [robot3.velocity_smoother]: Configuring velocity smoother
[ros2-11] [lifecycle_manager-8] [INFO] [1785153373.883452705] [robot3.lifecycle_manager_navigation]: [34m[1mActivating controller_server[0m[0m
[ros2-11] [controller_server-1] [INFO] [1785153373.883755238] [robot3.controller_server]: Activating
[ros2-11] [controller_server-1] [INFO] [1785153373.883824689] [robot3.local_costmap.local_costmap]: Activating
[ros2-11] [controller_server-1] [INFO] [1785153373.883839775] [robot3.local_costmap.local_costmap]: Checking transform
[ros2-11] [controller_server-1] [INFO] [1785153373.883974302] [robot3.local_costmap.local_costmap]: start
[ros2-11] [controller_server-1] [INFO] [1785153374.085306165] [robot3.controller_server]: Activating controller: FollowPath of type regulated_pure_pursuit_controller::RegulatedPurePursuitController
[ros2-11] [controller_server-1] [INFO] [1785153374.085350279] [robot3.controller_server]: Creating bond (controller_server) to lifecycle manager.
[ros2-11] [lifecycle_manager-8] [INFO] [1785153374.171613701] [robot3.lifecycle_manager_navigation]: Server controller_server connected with bond.
[ros2-11] [lifecycle_manager-8] [INFO] [1785153374.171656229] [robot3.lifecycle_manager_navigation]: [34m[1mActivating smoother_server[0m[0m
[ros2-11] [smoother_server-2] [INFO] [1785153374.172063824] [robot3.smoother_server]: Activating
[ros2-11] [smoother_server-2] [INFO] [1785153374.172117991] [robot3.smoother_server]: Creating bond (smoother_server) to lifecycle manager.
[ros2-11] [lifecycle_manager-8] [INFO] [1785153374.274729933] [robot3.lifecycle_manager_navigation]: Server smoother_server connected with bond.
[ros2-11] [lifecycle_manager-8] [INFO] [1785153374.274778823] [robot3.lifecycle_manager_navigation]: [34m[1mActivating planner_server[0m[0m
[ros2-11] [planner_server-3] [INFO] [1785153374.275285460] [robot3.planner_server]: Activating
[ros2-11] [planner_server-3] [INFO] [1785153374.275338989] [robot3.global_costmap.global_costmap]: Activating
[ros2-11] [planner_server-3] [INFO] [1785153374.275351377] [robot3.global_costmap.global_costmap]: Checking transform
[ros2-11] [planner_server-3] [INFO] [1785153374.275372829] [robot3.global_costmap.global_costmap]: Timed out waiting for transform from robot3/base_link to map to become available, tf error: Invalid frame ID "map" passed to canTransform argument target_frame - frame does not exist
[ros2-11] [planner_server-3] [INFO] [1785153374.775429009] [robot3.global_costmap.global_costmap]: Timed out waiting for transform from robot3/base_link to map to become available, tf error: Invalid frame ID "map" passed to canTransform argument target_frame - frame does not exist
[ros2-11] [planner_server-3] [INFO] [1785153375.275475883] [robot3.global_costmap.global_costmap]: Timed out waiting for transform from robot3/base_link to map to become available, tf error: Invalid frame ID "map" passed to canTransform argument target_frame - frame does not exist
[ros2-11] [planner_server-3] [INFO] [1785153375.775448504] [robot3.global_costmap.global_costmap]: Timed out waiting for transform from robot3/base_link to map to become available, tf error: Invalid frame ID "map" passed to canTransform argument target_frame - frame does not exist
[ros2-11] [planner_server-3] [INFO] [1785153376.275444344] [robot3.global_costmap.global_costmap]: Timed out waiting for transform from robot3/base_link to map to become available, tf error: Invalid frame ID "map" passed to canTransform argument target_frame - frame does not exist
[ros2-11] [planner_server-3] [INFO] [1785153376.775438476] [robot3.global_costmap.global_costmap]: Timed out waiting for transform from robot3/base_link to map to become available, tf error: Invalid frame ID "map" passed to canTransform argument target_frame - frame does not exist
[ros2-11] [planner_server-3] [INFO] [1785153377.275437894] [robot3.global_costmap.global_costmap]: Timed out waiting for transform from robot3/base_link to map to become available, tf error: Invalid frame ID "map" passed to canTransform argument target_frame - frame does not exist
[ros2-11] [planner_server-3] [INFO] [1785153377.775428717] [robot3.global_costmap.global_costmap]: Timed out waiting for transform from robot3/base_link to map to become available, tf error: Invalid frame ID "map" passed to canTransform argument target_frame - frame does not exist
[ros2-11] [planner_server-3] [INFO] [1785153378.275444857] [robot3.global_costmap.global_costmap]: Timed out waiting for transform from robot3/base_link to map to become available, tf error: Invalid frame ID "map" passed to canTransform argument target_frame - frame does not exist
[ros2-11] [planner_server-3] [INFO] [1785153378.775443639] [robot3.global_costmap.global_costmap]: Timed out waiting for transform from robot3/base_link to map to become available, tf error: Invalid frame ID "map" passed to canTransform argument target_frame - frame does not exist
[ros2-11] [planner_server-3] [INFO] [1785153379.275446071] [robot3.global_costmap.global_costmap]: Timed out waiting for transform from robot3/base_link to map to become available, tf error: Invalid frame ID "map" passed to canTransform argument target_frame - frame does not exist
[ros2-11] [planner_server-3] [INFO] [1785153379.775430904] [robot3.global_costmap.global_costmap]: Timed out waiting for transform from robot3/base_link to map to become available, tf error: Invalid frame ID "map" passed to canTransform argument target_frame - frame does not exist
[ros2-11] [planner_server-3] [INFO] [1785153380.275440559] [robot3.global_costmap.global_costmap]: Timed out waiting for transform from robot3/base_link to map to become available, tf error: Invalid frame ID "map" passed to canTransform argument target_frame - frame does not exist
[ros2-11] [planner_server-3] [INFO] [1785153380.775438774] [robot3.global_costmap.global_costmap]: Timed out waiting for transform from robot3/base_link to map to become available, tf error: Invalid frame ID "map" passed to canTransform argument target_frame - frame does not exist
[ros2-11] [planner_server-3] [INFO] [1785153381.275424905] [robot3.global_costmap.global_costmap]: Timed out waiting for transform from robot3/base_link to map to become available, tf error: Invalid frame ID "map" passed to canTransform argument target_frame - frame does not exist
[ros2-11] [planner_server-3] [INFO] [1785153381.775682999] [robot3.global_costmap.global_costmap]: Timed out waiting for transform from robot3/base_link to map to become available, tf error: Invalid frame ID "map" passed to canTransform argument target_frame - frame does not exist
[ros2-11] [planner_server-3] [INFO] [1785153382.275428328] [robot3.global_costmap.global_costmap]: Timed out waiting for transform from robot3/base_link to map to become available, tf error: Invalid frame ID "map" passed to canTransform argument target_frame - frame does not exist
[ros2-11] [planner_server-3] [INFO] [1785153382.775444552] [robot3.global_costmap.global_costmap]: Timed out waiting for transform from robot3/base_link to map to become available, tf error: Invalid frame ID "map" passed to canTransform argument target_frame - frame does not exist
[ros2-11] [planner_server-3] [INFO] [1785153383.275440657] [robot3.global_costmap.global_costmap]: Timed out waiting for transform from robot3/base_link to map to become available, tf error: Invalid frame ID "map" passed to canTransform argument target_frame - frame does not exist
[ros2-11] [planner_server-3] [INFO] [1785153383.775427681] [robot3.global_costmap.global_costmap]: Timed out waiting for transform from robot3/base_link to map to become available, tf error: Invalid frame ID "map" passed to canTransform argument target_frame - frame does not exist
[ros2-11] [planner_server-3] [INFO] [1785153384.275439691] [robot3.global_costmap.global_costmap]: Timed out waiting for transform from robot3/base_link to map to become available, tf error: Invalid frame ID "map" passed to canTransform argument target_frame - frame does not exist
[ros2-11] [planner_server-3] [INFO] [1785153384.775451874] [robot3.global_costmap.global_costmap]: Timed out waiting for transform from robot3/base_link to map to become available, tf error: Invalid frame ID "map" passed to canTransform argument target_frame - frame does not exist
[ros2-11] [planner_server-3] [INFO] [1785153385.275438999] [robot3.global_costmap.global_costmap]: Timed out waiting for transform from robot3/base_link to map to become available, tf error: Invalid frame ID "map" passed to canTransform argument target_frame - frame does not exist
[ros2-11] [planner_server-3] [INFO] [1785153385.775427346] [robot3.global_costmap.global_costmap]: Timed out waiting for transform from robot3/base_link to map to become available, tf error: Invalid frame ID "map" passed to canTransform argument target_frame - frame does not exist
[ros2-11] [planner_server-3] [INFO] [1785153386.275426204] [robot3.global_costmap.global_costmap]: Timed out waiting for transform from robot3/base_link to map to become available, tf error: Invalid frame ID "map" passed to canTransform argument target_frame - frame does not exist
[ros2-11] [planner_server-3] [INFO] [1785153386.775425628] [robot3.global_costmap.global_costmap]: Timed out waiting for transform from robot3/base_link to map to become available, tf error: Invalid frame ID "map" passed to canTransform argument target_frame - frame does not exist
[ros2-11] [planner_server-3] [INFO] [1785153387.275424319] [robot3.global_costmap.global_costmap]: Timed out waiting for transform from robot3/base_link to map to become available, tf error: Invalid frame ID "map" passed to canTransform argument target_frame - frame does not exist
[ros2-11] [planner_server-3] [INFO] [1785153387.775458676] [robot3.global_costmap.global_costmap]: Timed out waiting for transform from robot3/base_link to map to become available, tf error: Invalid frame ID "map" passed to canTransform argument target_frame - frame does not exist
[ros2-11] [planner_server-3] [INFO] [1785153388.275425760] [robot3.global_costmap.global_costmap]: Timed out waiting for transform from robot3/base_link to map to become available, tf error: Invalid frame ID "map" passed to canTransform argument target_frame - frame does not exist
[ros2-11] [planner_server-3] [INFO] [1785153388.775444276] [robot3.global_costmap.global_costmap]: Timed out waiting for transform from robot3/base_link to map to become available, tf error: Invalid frame ID "map" passed to canTransform argument target_frame - frame does not exist
[ros2-11] [planner_server-3] [INFO] [1785153389.275424174] [robot3.global_costmap.global_costmap]: Timed out waiting for transform from robot3/base_link to map to become available, tf error: Invalid frame ID "map" passed to canTransform argument target_frame - frame does not exist
[ros2-11] [planner_server-3] [INFO] [1785153389.775405012] [robot3.global_costmap.global_costmap]: Timed out waiting for transform from robot3/base_link to map to become available, tf error: Invalid frame ID "map" passed to canTransform argument target_frame - frame does not exist
[ros2-11] [planner_server-3] [INFO] [1785153390.275457764] [robot3.global_costmap.global_costmap]: Timed out waiting for transform from robot3/base_link to map to become available, tf error: Invalid frame ID "map" passed to canTransform argument target_frame - frame does not exist
[ros2-11] [planner_server-3] [INFO] [1785153390.775436359] [robot3.global_costmap.global_costmap]: Timed out waiting for transform from robot3/base_link to map to become available, tf error: Invalid frame ID "map" passed to canTransform argument target_frame - frame does not exist
[ros2-11] [planner_server-3] [INFO] [1785153391.275428723] [robot3.global_costmap.global_costmap]: Timed out waiting for transform from robot3/base_link to map to become available, tf error: Invalid frame ID "map" passed to canTransform argument target_frame - frame does not exist
[ros2-11] [planner_server-3] [INFO] [1785153391.775443449] [robot3.global_costmap.global_costmap]: Timed out waiting for transform from robot3/base_link to map to become available, tf error: Invalid frame ID "map" passed to canTransform argument target_frame - frame does not exist
[ros2-11] [planner_server-3] [INFO] [1785153392.275429214] [robot3.global_costmap.global_costmap]: Timed out waiting for transform from robot3/base_link to map to become available, tf error: Invalid frame ID "map" passed to canTransform argument target_frame - frame does not exist
[ros2-11] [planner_server-3] [INFO] [1785153392.775921947] [robot3.global_costmap.global_costmap]: Timed out waiting for transform from robot3/base_link to map to become available, tf error: Invalid frame ID "map" passed to canTransform argument target_frame - frame does not exist
[ros2-11] [planner_server-3] [INFO] [1785153393.275443471] [robot3.global_costmap.global_costmap]: Timed out waiting for transform from robot3/base_link to map to become available, tf error: Invalid frame ID "map" passed to canTransform argument target_frame - frame does not exist
[ros2-11] [planner_server-3] [INFO] [1785153393.775422619] [robot3.global_costmap.global_costmap]: Timed out waiting for transform from robot3/base_link to map to become available, tf error: Invalid frame ID "map" passed to canTransform argument target_frame - frame does not exist
[ros2-11] [planner_server-3] [INFO] [1785153394.275435298] [robot3.global_costmap.global_costmap]: Timed out waiting for transform from robot3/base_link to map to become available, tf error: Invalid frame ID "map" passed to canTransform argument target_frame - frame does not exist
[ros2-11] [planner_server-3] [INFO] [1785153394.775430091] [robot3.global_costmap.global_costmap]: Timed out waiting for transform from robot3/base_link to map to become available, tf error: Invalid frame ID "map" passed to canTransform argument target_frame - frame does not exist
[ros2-11] [planner_server-3] [INFO] [1785153395.275390481] [robot3.global_costmap.global_costmap]: Timed out waiting for transform from robot3/base_link to map to become available, tf error: Invalid frame ID "map" passed to canTransform argument target_frame - frame does not exist
[ros2-11] [planner_server-3] [INFO] [1785153395.775448217] [robot3.global_costmap.global_costmap]: Timed out waiting for transform from robot3/base_link to map to become available, tf error: Invalid frame ID "map" passed to canTransform argument target_frame - frame does not exist
[ros2-11] [planner_server-3] [INFO] [1785153396.275432683] [robot3.global_costmap.global_costmap]: Timed out waiting for transform from robot3/base_link to map to become available, tf error: Invalid frame ID "map" passed to canTransform argument target_frame - frame does not exist
[ros2-11] [planner_server-3] [INFO] [1785153396.775429659] [robot3.global_costmap.global_costmap]: Timed out waiting for transform from robot3/base_link to map to become available, tf error: Invalid frame ID "map" passed to canTransform argument target_frame - frame does not exist
[ros2-11] [planner_server-3] [INFO] [1785153397.275431510] [robot3.global_costmap.global_costmap]: Timed out waiting for transform from robot3/base_link to map to become available, tf error: Invalid frame ID "map" passed to canTransform argument target_frame - frame does not exist
[ros2-11] [planner_server-3] [INFO] [1785153397.775443562] [robot3.global_costmap.global_costmap]: Timed out waiting for transform from robot3/base_link to map to become available, tf error: Invalid frame ID "map" passed to canTransform argument target_frame - frame does not exist
[ros2-11] [planner_server-3] [INFO] [1785153398.275438635] [robot3.global_costmap.global_costmap]: Timed out waiting for transform from robot3/base_link to map to become available, tf error: Invalid frame ID "map" passed to canTransform argument target_frame - frame does not exist
[ros2-11] [planner_server-3] [INFO] [1785153398.775458451] [robot3.global_costmap.global_costmap]: Timed out waiting for transform from robot3/base_link to map to become available, tf error: Invalid frame ID "map" passed to canTransform argument target_frame - frame does not exist
[ros2-11] [planner_server-3] [INFO] [1785153399.275443791] [robot3.global_costmap.global_costmap]: Timed out waiting for transform from robot3/base_link to map to become available, tf error: Invalid frame ID "map" passed to canTransform argument target_frame - frame does not exist
[ros2-11] [planner_server-3] [INFO] [1785153399.775429012] [robot3.global_costmap.global_costmap]: Timed out waiting for transform from robot3/base_link to map to become available, tf error: Invalid frame ID "map" passed to canTransform argument target_frame - frame does not exist
[ros2-11] [planner_server-3] [INFO] [1785153400.275456817] [robot3.global_costmap.global_costmap]: Timed out waiting for transform from robot3/base_link to map to become available, tf error: Invalid frame ID "map" passed to canTransform argument target_frame - frame does not exist
[ros2-11] [planner_server-3] [INFO] [1785153400.775426705] [robot3.global_costmap.global_costmap]: Timed out waiting for transform from robot3/base_link to map to become available, tf error: Invalid frame ID "map" passed to canTransform argument target_frame - frame does not exist
[ros2-11] [planner_server-3] [INFO] [1785153401.275435859] [robot3.global_costmap.global_costmap]: Timed out waiting for transform from robot3/base_link to map to become available, tf error: Invalid frame ID "map" passed to canTransform argument target_frame - frame does not exist
[ros2-11] [planner_server-3] [INFO] [1785153401.775442031] [robot3.global_costmap.global_costmap]: Timed out waiting for transform from robot3/base_link to map to become available, tf error: Invalid frame ID "map" passed to canTransform argument target_frame - frame does not exist
[ros2-11] [planner_server-3] [INFO] [1785153402.275441886] [robot3.global_costmap.global_costmap]: Timed out waiting for transform from robot3/base_link to map to become available, tf error: Invalid frame ID "map" passed to canTransform argument target_frame - frame does not exist
[ros2-11] [planner_server-3] [INFO] [1785153402.775423793] [robot3.global_costmap.global_costmap]: Timed out waiting for transform from robot3/base_link to map to become available, tf error: Invalid frame ID "map" passed to canTransform argument target_frame - frame does not exist
[ros2-11] [planner_server-3] [INFO] [1785153403.275442152] [robot3.global_costmap.global_costmap]: Timed out waiting for transform from robot3/base_link to map to become available, tf error: Invalid frame ID "map" passed to canTransform argument target_frame - frame does not exist
[ros2-11] [planner_server-3] [INFO] [1785153403.775450478] [robot3.global_costmap.global_costmap]: Timed out waiting for transform from robot3/base_link to map to become available, tf error: Invalid frame ID "map" passed to canTransform argument target_frame - frame does not exist
[ros2-11] [planner_server-3] [INFO] [1785153404.275445834] [robot3.global_costmap.global_costmap]: Timed out waiting for transform from robot3/base_link to map to become available, tf error: Invalid frame ID "map" passed to canTransform argument target_frame - frame does not exist
[ros2-11] [planner_server-3] [INFO] [1785153404.775451837] [robot3.global_costmap.global_costmap]: Timed out waiting for transform from robot3/base_link to map to become available, tf error: Invalid frame ID "map" passed to canTransform argument target_frame - frame does not exist
[ros2-11] [planner_server-3] [INFO] [1785153405.275428640] [robot3.global_costmap.global_costmap]: Timed out waiting for transform from robot3/base_link to map to become available, tf error: Invalid frame ID "map" passed to canTransform argument target_frame - frame does not exist
[ros2-11] [planner_server-3] [INFO] [1785153405.775431157] [robot3.global_costmap.global_costmap]: Timed out waiting for transform from robot3/base_link to map to become available, tf error: Invalid frame ID "map" passed to canTransform argument target_frame - frame does not exist
[ros2-11] [planner_server-3] [INFO] [1785153406.275437402] [robot3.global_costmap.global_costmap]: Timed out waiting for transform from robot3/base_link to map to become available, tf error: Invalid frame ID "map" passed to canTransform argument target_frame - frame does not exist
[ros2-11] [planner_server-3] [INFO] [1785153406.775426191] [robot3.global_costmap.global_costmap]: Timed out waiting for transform from robot3/base_link to map to become available, tf error: Invalid frame ID "map" passed to canTransform argument target_frame - frame does not exist
[ros2-11] [planner_server-3] [INFO] [1785153407.275440985] [robot3.global_costmap.global_costmap]: Timed out waiting for transform from robot3/base_link to map to become available, tf error: Invalid frame ID "map" passed to canTransform argument target_frame - frame does not exist
[ros2-11] [planner_server-3] [INFO] [1785153407.775425251] [robot3.global_costmap.global_costmap]: Timed out waiting for transform from robot3/base_link to map to become available, tf error: Invalid frame ID "map" passed to canTransform argument target_frame - frame does not exist
[ros2-11] [planner_server-3] [INFO] [1785153408.275425722] [robot3.global_costmap.global_costmap]: Timed out waiting for transform from robot3/base_link to map to become available, tf error: Invalid frame ID "map" passed to canTransform argument target_frame - frame does not exist
[ros2-11] [planner_server-3] [INFO] [1785153408.775443427] [robot3.global_costmap.global_costmap]: Timed out waiting for transform from robot3/base_link to map to become available, tf error: Invalid frame ID "map" passed to canTransform argument target_frame - frame does not exist
[ros2-11] [planner_server-3] [INFO] [1785153409.275423424] [robot3.global_costmap.global_costmap]: Timed out waiting for transform from robot3/base_link to map to become available, tf error: Invalid frame ID "map" passed to canTransform argument target_frame - frame does not exist
[ros2-11] [planner_server-3] [INFO] [1785153409.775426722] [robot3.global_costmap.global_costmap]: Timed out waiting for transform from robot3/base_link to map to become available, tf error: Invalid frame ID "map" passed to canTransform argument target_frame - frame does not exist
[ros2-11] [planner_server-3] [INFO] [1785153410.275446374] [robot3.global_costmap.global_costmap]: Timed out waiting for transform from robot3/base_link to map to become available, tf error: Invalid frame ID "map" passed to canTransform argument target_frame - frame does not exist
[ros2-11] [planner_server-3] [INFO] [1785153410.775442263] [robot3.global_costmap.global_costmap]: Timed out waiting for transform from robot3/base_link to map to become available, tf error: Invalid frame ID "map" passed to canTransform argument target_frame - frame does not exist
[ros2-11] [planner_server-3] [INFO] [1785153411.275444057] [robot3.global_costmap.global_costmap]: Timed out waiting for transform from robot3/base_link to map to become available, tf error: Invalid frame ID "map" passed to canTransform argument target_frame - frame does not exist
[ros2-11] [planner_server-3] [INFO] [1785153411.775429002] [robot3.global_costmap.global_costmap]: Timed out waiting for transform from robot3/base_link to map to become available, tf error: Invalid frame ID "map" passed to canTransform argument target_frame - frame does not exist
[ros2-11] [planner_server-3] [INFO] [1785153412.275426634] [robot3.global_costmap.global_costmap]: Timed out waiting for transform from robot3/base_link to map to become available, tf error: Invalid frame ID "map" passed to canTransform argument target_frame - frame does not exist
[ros2-11] [planner_server-3] [INFO] [1785153412.775426412] [robot3.global_costmap.global_costmap]: Timed out waiting for transform from robot3/base_link to map to become available, tf error: Invalid frame ID "map" passed to canTransform argument target_frame - frame does not exist
[ros2-11] [planner_server-3] [INFO] [1785153413.275431240] [robot3.global_costmap.global_costmap]: Timed out waiting for transform from robot3/base_link to map to become available, tf error: Invalid frame ID "map" passed to canTransform argument target_frame - frame does not exist
[ros2-11] [planner_server-3] [INFO] [1785153413.775424298] [robot3.global_costmap.global_costmap]: Timed out waiting for transform from robot3/base_link to map to become available, tf error: Invalid frame ID "map" passed to canTransform argument target_frame - frame does not exist
[ros2-11] [planner_server-3] [INFO] [1785153414.275426283] [robot3.global_costmap.global_costmap]: Timed out waiting for transform from robot3/base_link to map to become available, tf error: Invalid frame ID "map" passed to canTransform argument target_frame - frame does not exist
[ros2-11] [planner_server-3] [INFO] [1785153414.775429051] [robot3.global_costmap.global_costmap]: Timed out waiting for transform from robot3/base_link to map to become available, tf error: Invalid frame ID "map" passed to canTransform argument target_frame - frame does not exist
[ros2-11] [planner_server-3] [INFO] [1785153415.275424223] [robot3.global_costmap.global_costmap]: Timed out waiting for transform from robot3/base_link to map to become available, tf error: Invalid frame ID "map" passed to canTransform argument target_frame - frame does not exist
[ros2-11] [planner_server-3] [INFO] [1785153415.775443554] [robot3.global_costmap.global_costmap]: Timed out waiting for transform from robot3/base_link to map to become available, tf error: Invalid frame ID "map" passed to canTransform argument target_frame - frame does not exist
[ros2-11] [planner_server-3] [INFO] [1785153416.275446551] [robot3.global_costmap.global_costmap]: Timed out waiting for transform from robot3/base_link to map to become available, tf error: Invalid frame ID "map" passed to canTransform argument target_frame - frame does not exist
[ros2-11] [planner_server-3] [INFO] [1785153416.775425280] [robot3.global_costmap.global_costmap]: Timed out waiting for transform from robot3/base_link to map to become available, tf error: Invalid frame ID "map" passed to canTransform argument target_frame - frame does not exist
[ros2-11] [planner_server-3] [INFO] [1785153417.275440815] [robot3.global_costmap.global_costmap]: Timed out waiting for transform from robot3/base_link to map to become available, tf error: Invalid frame ID "map" passed to canTransform argument target_frame - frame does not exist
[ros2-11] [planner_server-3] [INFO] [1785153417.775424682] [robot3.global_costmap.global_costmap]: Timed out waiting for transform from robot3/base_link to map to become available, tf error: Invalid frame ID "map" passed to canTransform argument target_frame - frame does not exist
[ros2-11] [planner_server-3] [INFO] [1785153418.275438725] [robot3.global_costmap.global_costmap]: Timed out waiting for transform from robot3/base_link to map to become available, tf error: Invalid frame ID "map" passed to canTransform argument target_frame - frame does not exist
[ros2-11] [planner_server-3] [INFO] [1785153418.775429874] [robot3.global_costmap.global_costmap]: Timed out waiting for transform from robot3/base_link to map to become available, tf error: Invalid frame ID "map" passed to canTransform argument target_frame - frame does not exist
[ros2-11] [planner_server-3] [INFO] [1785153419.275428273] [robot3.global_costmap.global_costmap]: Timed out waiting for transform from robot3/base_link to map to become available, tf error: Invalid frame ID "map" passed to canTransform argument target_frame - frame does not exist
[ros2-11] [planner_server-3] [INFO] [1785153419.775421269] [robot3.global_costmap.global_costmap]: Timed out waiting for transform from robot3/base_link to map to become available, tf error: Invalid frame ID "map" passed to canTransform argument target_frame - frame does not exist
[ros2-11] [planner_server-3] [INFO] [1785153420.275422388] [robot3.global_costmap.global_costmap]: Timed out waiting for transform from robot3/base_link to map to become available, tf error: Invalid frame ID "map" passed to canTransform argument target_frame - frame does not exist
[ros2-11] [planner_server-3] [INFO] [1785153420.775425004] [robot3.global_costmap.global_costmap]: Timed out waiting for transform from robot3/base_link to map to become available, tf error: Invalid frame ID "map" passed to canTransform argument target_frame - frame does not exist
[ros2-11] [planner_server-3] [INFO] [1785153421.275430679] [robot3.global_costmap.global_costmap]: Timed out waiting for transform from robot3/base_link to map to become available, tf error: Invalid frame ID "map" passed to canTransform argument target_frame - frame does not exist
[ros2-11] [planner_server-3] [INFO] [1785153421.775429448] [robot3.global_costmap.global_costmap]: Timed out waiting for transform from robot3/base_link to map to become available, tf error: Invalid frame ID "map" passed to canTransform argument target_frame - frame does not exist
[ros2-11] [planner_server-3] [INFO] [1785153422.275430340] [robot3.global_costmap.global_costmap]: Timed out waiting for transform from robot3/base_link to map to become available, tf error: Invalid frame ID "map" passed to canTransform argument target_frame - frame does not exist
[ros2-11] [planner_server-3] [INFO] [1785153422.775443319] [robot3.global_costmap.global_costmap]: Timed out waiting for transform from robot3/base_link to map to become available, tf error: Invalid frame ID "map" passed to canTransform argument target_frame - frame does not exist
[ros2-11] [planner_server-3] [INFO] [1785153423.275428525] [robot3.global_costmap.global_costmap]: Timed out waiting for transform from robot3/base_link to map to become available, tf error: Invalid frame ID "map" passed to canTransform argument target_frame - frame does not exist
[ros2-11] [planner_server-3] [INFO] [1785153423.775447023] [robot3.global_costmap.global_costmap]: Timed out waiting for transform from robot3/base_link to map to become available, tf error: Invalid frame ID "map" passed to canTransform argument target_frame - frame does not exist
[ros2-11] [planner_server-3] [INFO] [1785153424.275443495] [robot3.global_costmap.global_costmap]: Timed out waiting for transform from robot3/base_link to map to become available, tf error: Invalid frame ID "map" passed to canTransform argument target_frame - frame does not exist
[ros2-11] [planner_server-3] [INFO] [1785153424.775446610] [robot3.global_costmap.global_costmap]: Timed out waiting for transform from robot3/base_link to map to become available, tf error: Invalid frame ID "map" passed to canTransform argument target_frame - frame does not exist
[ros2-11] [planner_server-3] [INFO] [1785153425.275426459] [robot3.global_costmap.global_costmap]: Timed out waiting for transform from robot3/base_link to map to become available, tf error: Invalid frame ID "map" passed to canTransform argument target_frame - frame does not exist
[ros2-11] [planner_server-3] [INFO] [1785153425.775454350] [robot3.global_costmap.global_costmap]: Timed out waiting for transform from robot3/base_link to map to become available, tf error: Invalid frame ID "map" passed to canTransform argument target_frame - frame does not exist
[ros2-11] [planner_server-3] [INFO] [1785153426.275426044] [robot3.global_costmap.global_costmap]: Timed out waiting for transform from robot3/base_link to map to become available, tf error: Invalid frame ID "map" passed to canTransform argument target_frame - frame does not exist
[ros2-11] [planner_server-3] [INFO] [1785153426.775435289] [robot3.global_costmap.global_costmap]: Timed out waiting for transform from robot3/base_link to map to become available, tf error: Invalid frame ID "map" passed to canTransform argument target_frame - frame does not exist
[ros2-11] [planner_server-3] [INFO] [1785153427.275442607] [robot3.global_costmap.global_costmap]: Timed out waiting for transform from robot3/base_link to map to become available, tf error: Invalid frame ID "map" passed to canTransform argument target_frame - frame does not exist
[ros2-11] [planner_server-3] [INFO] [1785153427.775439764] [robot3.global_costmap.global_costmap]: Timed out waiting for transform from robot3/base_link to map to become available, tf error: Invalid frame ID "map" passed to canTransform argument target_frame - frame does not exist
[ros2-11] [planner_server-3] [INFO] [1785153428.275425885] [robot3.global_costmap.global_costmap]: Timed out waiting for transform from robot3/base_link to map to become available, tf error: Invalid frame ID "map" passed to canTransform argument target_frame - frame does not exist
[ros2-11] [planner_server-3] [INFO] [1785153428.775446688] [robot3.global_costmap.global_costmap]: Timed out waiting for transform from robot3/base_link to map to become available, tf error: Invalid frame ID "map" passed to canTransform argument target_frame - frame does not exist
[ros2-11] [planner_server-3] [INFO] [1785153429.275447533] [robot3.global_costmap.global_costmap]: Timed out waiting for transform from robot3/base_link to map to become available, tf error: Invalid frame ID "map" passed to canTransform argument target_frame - frame does not exist
[ros2-11] [planner_server-3] [INFO] [1785153429.775439860] [robot3.global_costmap.global_costmap]: Timed out waiting for transform from robot3/base_link to map to become available, tf error: Invalid frame ID "map" passed to canTransform argument target_frame - frame does not exist
[ros2-11] [planner_server-3] [INFO] [1785153430.275444065] [robot3.global_costmap.global_costmap]: Timed out waiting for transform from robot3/base_link to map to become available, tf error: Invalid frame ID "map" passed to canTransform argument target_frame - frame does not exist
[ros2-11] [planner_server-3] [INFO] [1785153430.775425177] [robot3.global_costmap.global_costmap]: Timed out waiting for transform from robot3/base_link to map to become available, tf error: Invalid frame ID "map" passed to canTransform argument target_frame - frame does not exist
[ros2-11] [planner_server-3] [INFO] [1785153431.275444406] [robot3.global_costmap.global_costmap]: Timed out waiting for transform from robot3/base_link to map to become available, tf error: Invalid frame ID "map" passed to canTransform argument target_frame - frame does not exist
[ros2-11] [planner_server-3] [INFO] [1785153431.775440643] [robot3.global_costmap.global_costmap]: Timed out waiting for transform from robot3/base_link to map to become available, tf error: Invalid frame ID "map" passed to canTransform argument target_frame - frame does not exist
[ros2-11] [planner_server-3] [INFO] [1785153432.275423545] [robot3.global_costmap.global_costmap]: Timed out waiting for transform from robot3/base_link to map to become available, tf error: Invalid frame ID "map" passed to canTransform argument target_frame - frame does not exist
[ros2-11] [planner_server-3] [INFO] [1785153432.775440893] [robot3.global_costmap.global_costmap]: Timed out waiting for transform from robot3/base_link to map to become available, tf error: Invalid frame ID "map" passed to canTransform argument target_frame - frame does not exist
[ros2-11] [planner_server-3] [INFO] [1785153433.275440796] [robot3.global_costmap.global_costmap]: Timed out waiting for transform from robot3/base_link to map to become available, tf error: Invalid frame ID "map" passed to canTransform argument target_frame - frame does not exist
[ros2-11] [planner_server-3] [INFO] [1785153433.775427835] [robot3.global_costmap.global_costmap]: Timed out waiting for transform from robot3/base_link to map to become available, tf error: Invalid frame ID "map" passed to canTransform argument target_frame - frame does not exist
[ros2-11] [planner_server-3] [INFO] [1785153434.275430234] [robot3.global_costmap.global_costmap]: Timed out waiting for transform from robot3/base_link to map to become available, tf error: Invalid frame ID "map" passed to canTransform argument target_frame - frame does not exist
[ros2-11] [planner_server-3] [INFO] [1785153434.775438338] [robot3.global_costmap.global_costmap]: Timed out waiting for transform from robot3/base_link to map to become available, tf error: Invalid frame ID "map" passed to canTransform argument target_frame - frame does not exist
[ros2-11] [planner_server-3] [INFO] [1785153435.275434167] [robot3.global_costmap.global_costmap]: Timed out waiting for transform from robot3/base_link to map to become available, tf error: Invalid frame ID "map" passed to canTransform argument target_frame - frame does not exist
[ros2-11] [planner_server-3] [INFO] [1785153435.775449964] [robot3.global_costmap.global_costmap]: Timed out waiting for transform from robot3/base_link to map to become available, tf error: Invalid frame ID "map" passed to canTransform argument target_frame - frame does not exist
[ros2-11] [planner_server-3] [INFO] [1785153436.275430073] [robot3.global_costmap.global_costmap]: Timed out waiting for transform from robot3/base_link to map to become available, tf error: Invalid frame ID "map" passed to canTransform argument target_frame - frame does not exist
[ros2-11] [planner_server-3] [INFO] [1785153436.775428678] [robot3.global_costmap.global_costmap]: Timed out waiting for transform from robot3/base_link to map to become available, tf error: Invalid frame ID "map" passed to canTransform argument target_frame - frame does not exist
[ros2-11] [planner_server-3] [INFO] [1785153437.275442108] [robot3.global_costmap.global_costmap]: Timed out waiting for transform from robot3/base_link to map to become available, tf error: Invalid frame ID "map" passed to canTransform argument target_frame - frame does not exist
[ros2-11] [planner_server-3] [INFO] [1785153437.775393058] [robot3.global_costmap.global_costmap]: Timed out waiting for transform from robot3/base_link to map to become available, tf error: Invalid frame ID "map" passed to canTransform argument target_frame - frame does not exist
[ros2-11] [planner_server-3] [INFO] [1785153438.275444510] [robot3.global_costmap.global_costmap]: Timed out waiting for transform from robot3/base_link to map to become available, tf error: Invalid frame ID "map" passed to canTransform argument target_frame - frame does not exist
[ros2-11] [planner_server-3] [INFO] [1785153438.775457540] [robot3.global_costmap.global_costmap]: Timed out waiting for transform from robot3/base_link to map to become available, tf error: Invalid frame ID "map" passed to canTransform argument target_frame - frame does not exist
[ros2-11] [planner_server-3] [INFO] [1785153439.275425061] [robot3.global_costmap.global_costmap]: Timed out waiting for transform from robot3/base_link to map to become available, tf error: Invalid frame ID "map" passed to canTransform argument target_frame - frame does not exist
[ros2-11] [planner_server-3] [INFO] [1785153439.775425780] [robot3.global_costmap.global_costmap]: Timed out waiting for transform from robot3/base_link to map to become available, tf error: Invalid frame ID "map" passed to canTransform argument target_frame - frame does not exist
[ros2-11] [planner_server-3] [INFO] [1785153440.275426137] [robot3.global_costmap.global_costmap]: Timed out waiting for transform from robot3/base_link to map to become available, tf error: Invalid frame ID "map" passed to canTransform argument target_frame - frame does not exist
[ros2-11] [planner_server-3] [INFO] [1785153440.775425338] [robot3.global_costmap.global_costmap]: Timed out waiting for transform from robot3/base_link to map to become available, tf error: Invalid frame ID "map" passed to canTransform argument target_frame - frame does not exist
[ros2-11] [planner_server-3] [INFO] [1785153441.275429516] [robot3.global_costmap.global_costmap]: Timed out waiting for transform from robot3/base_link to map to become available, tf error: Invalid frame ID "map" passed to canTransform argument target_frame - frame does not exist
[ros2-11] [planner_server-3] [INFO] [1785153441.775416784] [robot3.global_costmap.global_costmap]: Timed out waiting for transform from robot3/base_link to map to become available, tf error: Invalid frame ID "map" passed to canTransform argument target_frame - frame does not exist
[ros2-11] [planner_server-3] [INFO] [1785153442.275426285] [robot3.global_costmap.global_costmap]: Timed out waiting for transform from robot3/base_link to map to become available, tf error: Invalid frame ID "map" passed to canTransform argument target_frame - frame does not exist
[ros2-11] [planner_server-3] [INFO] [1785153442.775437380] [robot3.global_costmap.global_costmap]: Timed out waiting for transform from robot3/base_link to map to become available, tf error: Invalid frame ID "map" passed to canTransform argument target_frame - frame does not exist
[ros2-11] [planner_server-3] [INFO] [1785153443.275444180] [robot3.global_costmap.global_costmap]: Timed out waiting for transform from robot3/base_link to map to become available, tf error: Invalid frame ID "map" passed to canTransform argument target_frame - frame does not exist
[ros2-11] [planner_server-3] [INFO] [1785153443.775437227] [robot3.global_costmap.global_costmap]: Timed out waiting for transform from robot3/base_link to map to become available, tf error: Invalid frame ID "map" passed to canTransform argument target_frame - frame does not exist
[ros2-11] [planner_server-3] [INFO] [1785153444.275435945] [robot3.global_costmap.global_costmap]: Timed out waiting for transform from robot3/base_link to map to become available, tf error: Invalid frame ID "map" passed to canTransform argument target_frame - frame does not exist
[ros2-11] [planner_server-3] [INFO] [1785153444.775434447] [robot3.global_costmap.global_costmap]: Timed out waiting for transform from robot3/base_link to map to become available, tf error: Invalid frame ID "map" passed to canTransform argument target_frame - frame does not exist
[ros2-11] [planner_server-3] [INFO] [1785153445.275433340] [robot3.global_costmap.global_costmap]: Timed out waiting for transform from robot3/base_link to map to become available, tf error: Invalid frame ID "map" passed to canTransform argument target_frame - frame does not exist
[ros2-11] [planner_server-3] [INFO] [1785153445.775424285] [robot3.global_costmap.global_costmap]: Timed out waiting for transform from robot3/base_link to map to become available, tf error: Invalid frame ID "map" passed to canTransform argument target_frame - frame does not exist
[ros2-11] [planner_server-3] [INFO] [1785153446.275447316] [robot3.global_costmap.global_costmap]: Timed out waiting for transform from robot3/base_link to map to become available, tf error: Invalid frame ID "map" passed to canTransform argument target_frame - frame does not exist
[ros2-11] [planner_server-3] [INFO] [1785153446.775427893] [robot3.global_costmap.global_costmap]: Timed out waiting for transform from robot3/base_link to map to become available, tf error: Invalid frame ID "map" passed to canTransform argument target_frame - frame does not exist
[ros2-11] [planner_server-3] [INFO] [1785153447.275440534] [robot3.global_costmap.global_costmap]: Timed out waiting for transform from robot3/base_link to map to become available, tf error: Invalid frame ID "map" passed to canTransform argument target_frame - frame does not exist
[ros2-11] [planner_server-3] [INFO] [1785153447.775410071] [robot3.global_costmap.global_costmap]: Timed out waiting for transform from robot3/base_link to map to become available, tf error: Invalid frame ID "map" passed to canTransform argument target_frame - frame does not exist
[ros2-11] [planner_server-3] [INFO] [1785153448.275429996] [robot3.global_costmap.global_costmap]: Timed out waiting for transform from robot3/base_link to map to become available, tf error: Invalid frame ID "map" passed to canTransform argument target_frame - frame does not exist
[ros2-11] [planner_server-3] [INFO] [1785153448.775421389] [robot3.global_costmap.global_costmap]: Timed out waiting for transform from robot3/base_link to map to become available, tf error: Invalid frame ID "map" passed to canTransform argument target_frame - frame does not exist
[ros2-11] [planner_server-3] [INFO] [1785153449.275426577] [robot3.global_costmap.global_costmap]: Timed out waiting for transform from robot3/base_link to map to become available, tf error: Invalid frame ID "map" passed to canTransform argument target_frame - frame does not exist
[ros2-11] [planner_server-3] [INFO] [1785153449.775423261] [robot3.global_costmap.global_costmap]: Timed out waiting for transform from robot3/base_link to map to become available, tf error: Invalid frame ID "map" passed to canTransform argument target_frame - frame does not exist
[ros2-11] [planner_server-3] [INFO] [1785153450.275427399] [robot3.global_costmap.global_costmap]: Timed out waiting for transform from robot3/base_link to map to become available, tf error: Invalid frame ID "map" passed to canTransform argument target_frame - frame does not exist
[ros2-11] [planner_server-3] [INFO] [1785153450.775429585] [robot3.global_costmap.global_costmap]: Timed out waiting for transform from robot3/base_link to map to become available, tf error: Invalid frame ID "map" passed to canTransform argument target_frame - frame does not exist
[ros2-11] [planner_server-3] [INFO] [1785153451.275449219] [robot3.global_costmap.global_costmap]: Timed out waiting for transform from robot3/base_link to map to become available, tf error: Invalid frame ID "map" passed to canTransform argument target_frame - frame does not exist
[ros2-11] [planner_server-3] [INFO] [1785153451.775443562] [robot3.global_costmap.global_costmap]: Timed out waiting for transform from robot3/base_link to map to become available, tf error: Invalid frame ID "map" passed to canTransform argument target_frame - frame does not exist
[ros2-11] [planner_server-3] [INFO] [1785153452.275446357] [robot3.global_costmap.global_costmap]: Timed out waiting for transform from robot3/base_link to map to become available, tf error: Invalid frame ID "map" passed to canTransform argument target_frame - frame does not exist
[ros2-11] [planner_server-3] [INFO] [1785153452.775441742] [robot3.global_costmap.global_costmap]: Timed out waiting for transform from robot3/base_link to map to become available, tf error: Invalid frame ID "map" passed to canTransform argument target_frame - frame does not exist
[ros2-11] [planner_server-3] [INFO] [1785153453.275443743] [robot3.global_costmap.global_costmap]: Timed out waiting for transform from robot3/base_link to map to become available, tf error: Invalid frame ID "map" passed to canTransform argument target_frame - frame does not exist
[ros2-11] [planner_server-3] [INFO] [1785153453.775437349] [robot3.global_costmap.global_costmap]: Timed out waiting for transform from robot3/base_link to map to become available, tf error: Invalid frame ID "map" passed to canTransform argument target_frame - frame does not exist
[ros2-11] [planner_server-3] [INFO] [1785153454.275437338] [robot3.global_costmap.global_costmap]: Timed out waiting for transform from robot3/base_link to map to become available, tf error: Invalid frame ID "map" passed to canTransform argument target_frame - frame does not exist
[ros2-11] [planner_server-3] [INFO] [1785153454.775441903] [robot3.global_costmap.global_costmap]: Timed out waiting for transform from robot3/base_link to map to become available, tf error: Invalid frame ID "map" passed to canTransform argument target_frame - frame does not exist
[ros2-11] [planner_server-3] [INFO] [1785153455.275434604] [robot3.global_costmap.global_costmap]: Timed out waiting for transform from robot3/base_link to map to become available, tf error: Invalid frame ID "map" passed to canTransform argument target_frame - frame does not exist
[ros2-11] [planner_server-3] [INFO] [1785153455.775437204] [robot3.global_costmap.global_costmap]: Timed out waiting for transform from robot3/base_link to map to become available, tf error: Invalid frame ID "map" passed to canTransform argument target_frame - frame does not exist
[ros2-11] [planner_server-3] [INFO] [1785153456.275465256] [robot3.global_costmap.global_costmap]: Timed out waiting for transform from robot3/base_link to map to become available, tf error: Invalid frame ID "map" passed to canTransform argument target_frame - frame does not exist
[ros2-11] [planner_server-3] [INFO] [1785153456.775423852] [robot3.global_costmap.global_costmap]: Timed out waiting for transform from robot3/base_link to map to become available, tf error: Invalid frame ID "map" passed to canTransform argument target_frame - frame does not exist
[ros2-11] [planner_server-3] [INFO] [1785153457.275441358] [robot3.global_costmap.global_costmap]: Timed out waiting for transform from robot3/base_link to map to become available, tf error: Invalid frame ID "map" passed to canTransform argument target_frame - frame does not exist
[ros2-11] [planner_server-3] [INFO] [1785153457.775425982] [robot3.global_costmap.global_costmap]: Timed out waiting for transform from robot3/base_link to map to become available, tf error: Invalid frame ID "map" passed to canTransform argument target_frame - frame does not exist
[ros2-11] [planner_server-3] [INFO] [1785153458.275432987] [robot3.global_costmap.global_costmap]: Timed out waiting for transform from robot3/base_link to map to become available, tf error: Invalid frame ID "map" passed to canTransform argument target_frame - frame does not exist
[ros2-11] [planner_server-3] [INFO] [1785153458.775415277] [robot3.global_costmap.global_costmap]: Timed out waiting for transform from robot3/base_link to map to become available, tf error: Invalid frame ID "map" passed to canTransform argument target_frame - frame does not exist
[ros2-11] [planner_server-3] [INFO] [1785153459.275403658] [robot3.global_costmap.global_costmap]: Timed out waiting for transform from robot3/base_link to map to become available, tf error: Invalid frame ID "map" passed to canTransform argument target_frame - frame does not exist
[ros2-11] [planner_server-3] [INFO] [1785153459.775442981] [robot3.global_costmap.global_costmap]: Timed out waiting for transform from robot3/base_link to map to become available, tf error: Invalid frame ID "map" passed to canTransform argument target_frame - frame does not exist
[ros2-11] [planner_server-3] [INFO] [1785153460.275421458] [robot3.global_costmap.global_costmap]: Timed out waiting for transform from robot3/base_link to map to become available, tf error: Invalid frame ID "map" passed to canTransform argument target_frame - frame does not exist
[ros2-11] [planner_server-3] [INFO] [1785153460.775421341] [robot3.global_costmap.global_costmap]: Timed out waiting for transform from robot3/base_link to map to become available, tf error: Invalid frame ID "map" passed to canTransform argument target_frame - frame does not exist
[ros2-11] [planner_server-3] [INFO] [1785153461.275420796] [robot3.global_costmap.global_costmap]: Timed out waiting for transform from robot3/base_link to map to become available, tf error: Invalid frame ID "map" passed to canTransform argument target_frame - frame does not exist
[ros2-11] [planner_server-3] [INFO] [1785153461.775422575] [robot3.global_costmap.global_costmap]: Timed out waiting for transform from robot3/base_link to map to become available, tf error: Invalid frame ID "map" passed to canTransform argument target_frame - frame does not exist
[ros2-11] [planner_server-3] [INFO] [1785153462.275424902] [robot3.global_costmap.global_costmap]: Timed out waiting for transform from robot3/base_link to map to become available, tf error: Invalid frame ID "map" passed to canTransform argument target_frame - frame does not exist
[ros2-11] [planner_server-3] [INFO] [1785153462.775430336] [robot3.global_costmap.global_costmap]: Timed out waiting for transform from robot3/base_link to map to become available, tf error: Invalid frame ID "map" passed to canTransform argument target_frame - frame does not exist
[ros2-11] [planner_server-3] [INFO] [1785153463.275423235] [robot3.global_costmap.global_costmap]: Timed out waiting for transform from robot3/base_link to map to become available, tf error: Invalid frame ID "map" passed to canTransform argument target_frame - frame does not exist
[ros2-11] [planner_server-3] [INFO] [1785153463.775422959] [robot3.global_costmap.global_costmap]: Timed out waiting for transform from robot3/base_link to map to become available, tf error: Invalid frame ID "map" passed to canTransform argument target_frame - frame does not exist
[ros2-11] [planner_server-3] [INFO] [1785153464.275426842] [robot3.global_costmap.global_costmap]: Timed out waiting for transform from robot3/base_link to map to become available, tf error: Invalid frame ID "map" passed to canTransform argument target_frame - frame does not exist
[ros2-11] [planner_server-3] [INFO] [1785153464.775426095] [robot3.global_costmap.global_costmap]: Timed out waiting for transform from robot3/base_link to map to become available, tf error: Invalid frame ID "map" passed to canTransform argument target_frame - frame does not exist
[ros2-11] [planner_server-3] [INFO] [1785153465.275431071] [robot3.global_costmap.global_costmap]: Timed out waiting for transform from robot3/base_link to map to become available, tf error: Invalid frame ID "map" passed to canTransform argument target_frame - frame does not exist
[ros2-11] [planner_server-3] [INFO] [1785153465.775445519] [robot3.global_costmap.global_costmap]: Timed out waiting for transform from robot3/base_link to map to become available, tf error: Invalid frame ID "map" passed to canTransform argument target_frame - frame does not exist
[ros2-11] [planner_server-3] [INFO] [1785153466.275426521] [robot3.global_costmap.global_costmap]: Timed out waiting for transform from robot3/base_link to map to become available, tf error: Invalid frame ID "map" passed to canTransform argument target_frame - frame does not exist
[ros2-11] [planner_server-3] [INFO] [1785153466.775434422] [robot3.global_costmap.global_costmap]: Timed out waiting for transform from robot3/base_link to map to become available, tf error: Invalid frame ID "map" passed to canTransform argument target_frame - frame does not exist
[ros2-11] [planner_server-3] [INFO] [1785153467.275445252] [robot3.global_costmap.global_costmap]: Timed out waiting for transform from robot3/base_link to map to become available, tf error: Invalid frame ID "map" passed to canTransform argument target_frame - frame does not exist
[ros2-11] [planner_server-3] [INFO] [1785153467.775443885] [robot3.global_costmap.global_costmap]: Timed out waiting for transform from robot3/base_link to map to become available, tf error: Invalid frame ID "map" passed to canTransform argument target_frame - frame does not exist
[ros2-11] [planner_server-3] [INFO] [1785153468.275442271] [robot3.global_costmap.global_costmap]: Timed out waiting for transform from robot3/base_link to map to become available, tf error: Invalid frame ID "map" passed to canTransform argument target_frame - frame does not exist
[ros2-11] [planner_server-3] [INFO] [1785153468.775439018] [robot3.global_costmap.global_costmap]: Timed out waiting for transform from robot3/base_link to map to become available, tf error: Invalid frame ID "map" passed to canTransform argument target_frame - frame does not exist
[ros2-11] [planner_server-3] [INFO] [1785153469.275448909] [robot3.global_costmap.global_costmap]: Timed out waiting for transform from robot3/base_link to map to become available, tf error: Invalid frame ID "map" passed to canTransform argument target_frame - frame does not exist
[ros2-11] [planner_server-3] [INFO] [1785153469.775444169] [robot3.global_costmap.global_costmap]: Timed out waiting for transform from robot3/base_link to map to become available, tf error: Invalid frame ID "map" passed to canTransform argument target_frame - frame does not exist
[ros2-11] [planner_server-3] [INFO] [1785153470.275442936] [robot3.global_costmap.global_costmap]: Timed out waiting for transform from robot3/base_link to map to become available, tf error: Invalid frame ID "map" passed to canTransform argument target_frame - frame does not exist
[ros2-11] [planner_server-3] [INFO] [1785153470.775438262] [robot3.global_costmap.global_costmap]: Timed out waiting for transform from robot3/base_link to map to become available, tf error: Invalid frame ID "map" passed to canTransform argument target_frame - frame does not exist
[ros2-11] [planner_server-3] [INFO] [1785153471.275438506] [robot3.global_costmap.global_costmap]: Timed out waiting for transform from robot3/base_link to map to become available, tf error: Invalid frame ID "map" passed to canTransform argument target_frame - frame does not exist
[ros2-11] [planner_server-3] [INFO] [1785153471.775426594] [robot3.global_costmap.global_costmap]: Timed out waiting for transform from robot3/base_link to map to become available, tf error: Invalid frame ID "map" passed to canTransform argument target_frame - frame does not exist
[ros2-11] [planner_server-3] [INFO] [1785153472.275425533] [robot3.global_costmap.global_costmap]: Timed out waiting for transform from robot3/base_link to map to become available, tf error: Invalid frame ID "map" passed to canTransform argument target_frame - frame does not exist
[ros2-11] [planner_server-3] [INFO] [1785153472.775444963] [robot3.global_costmap.global_costmap]: Timed out waiting for transform from robot3/base_link to map to become available, tf error: Invalid frame ID "map" passed to canTransform argument target_frame - frame does not exist
[ros2-11] [planner_server-3] [INFO] [1785153473.275432845] [robot3.global_costmap.global_costmap]: Timed out waiting for transform from robot3/base_link to map to become available, tf error: Invalid frame ID "map" passed to canTransform argument target_frame - frame does not exist
[ros2-11] [planner_server-3] [INFO] [1785153473.775443893] [robot3.global_costmap.global_costmap]: Timed out waiting for transform from robot3/base_link to map to become available, tf error: Invalid frame ID "map" passed to canTransform argument target_frame - frame does not exist
[ros2-11] [planner_server-3] [INFO] [1785153474.275443717] [robot3.global_costmap.global_costmap]: Timed out waiting for transform from robot3/base_link to map to become available, tf error: Invalid frame ID "map" passed to canTransform argument target_frame - frame does not exist
[ros2-11] [planner_server-3] [INFO] [1785153474.775447726] [robot3.global_costmap.global_costmap]: Timed out waiting for transform from robot3/base_link to map to become available, tf error: Invalid frame ID "map" passed to canTransform argument target_frame - frame does not exist
[ros2-11] [planner_server-3] [INFO] [1785153475.275437962] [robot3.global_costmap.global_costmap]: Timed out waiting for transform from robot3/base_link to map to become available, tf error: Invalid frame ID "map" passed to canTransform argument target_frame - frame does not exist
[ros2-11] [planner_server-3] [INFO] [1785153475.775482432] [robot3.global_costmap.global_costmap]: Timed out waiting for transform from robot3/base_link to map to become available, tf error: Invalid frame ID "map" passed to canTransform argument target_frame - frame does not exist
[ros2-11] [planner_server-3] [INFO] [1785153476.275437740] [robot3.global_costmap.global_costmap]: Timed out waiting for transform from robot3/base_link to map to become available, tf error: Invalid frame ID "map" passed to canTransform argument target_frame - frame does not exist
[ros2-11] [planner_server-3] [INFO] [1785153476.775435306] [robot3.global_costmap.global_costmap]: Timed out waiting for transform from robot3/base_link to map to become available, tf error: Invalid frame ID "map" passed to canTransform argument target_frame - frame does not exist
[ros2-11] [planner_server-3] [INFO] [1785153477.275440491] [robot3.global_costmap.global_costmap]: Timed out waiting for transform from robot3/base_link to map to become available, tf error: Invalid frame ID "map" passed to canTransform argument target_frame - frame does not exist
[ros2-11] [planner_server-3] [INFO] [1785153477.775438416] [robot3.global_costmap.global_costmap]: Timed out waiting for transform from robot3/base_link to map to become available, tf error: Invalid frame ID "map" passed to canTransform argument target_frame - frame does not exist
[ros2-11] [planner_server-3] [INFO] [1785153478.275423197] [robot3.global_costmap.global_costmap]: Timed out waiting for transform from robot3/base_link to map to become available, tf error: Invalid frame ID "map" passed to canTransform argument target_frame - frame does not exist
[ros2-11] [planner_server-3] [INFO] [1785153478.775442671] [robot3.global_costmap.global_costmap]: Timed out waiting for transform from robot3/base_link to map to become available, tf error: Invalid frame ID "map" passed to canTransform argument target_frame - frame does not exist
[ros2-11] [planner_server-3] [INFO] [1785153479.275454887] [robot3.global_costmap.global_costmap]: Timed out waiting for transform from robot3/base_link to map to become available, tf error: Invalid frame ID "map" passed to canTransform argument target_frame - frame does not exist
[ros2-11] [planner_server-3] [INFO] [1785153479.775421635] [robot3.global_costmap.global_costmap]: Timed out waiting for transform from robot3/base_link to map to become available, tf error: Invalid frame ID "map" passed to canTransform argument target_frame - frame does not exist
[ros2-11] [planner_server-3] [INFO] [1785153480.275425476] [robot3.global_costmap.global_costmap]: Timed out waiting for transform from robot3/base_link to map to become available, tf error: Invalid frame ID "map" passed to canTransform argument target_frame - frame does not exist
[ros2-11] [planner_server-3] [INFO] [1785153480.775443085] [robot3.global_costmap.global_costmap]: Timed out waiting for transform from robot3/base_link to map to become available, tf error: Invalid frame ID "map" passed to canTransform argument target_frame - frame does not exist
[ros2-11] [planner_server-3] [INFO] [1785153481.275465492] [robot3.global_costmap.global_costmap]: Timed out waiting for transform from robot3/base_link to map to become available, tf error: Invalid frame ID "map" passed to canTransform argument target_frame - frame does not exist
[ros2-11] [planner_server-3] [INFO] [1785153481.775442228] [robot3.global_costmap.global_costmap]: Timed out waiting for transform from robot3/base_link to map to become available, tf error: Invalid frame ID "map" passed to canTransform argument target_frame - frame does not exist
[ros2-11] [planner_server-3] [INFO] [1785153482.275441330] [robot3.global_costmap.global_costmap]: Timed out waiting for transform from robot3/base_link to map to become available, tf error: Invalid frame ID "map" passed to canTransform argument target_frame - frame does not exist
[ros2-11] [planner_server-3] [INFO] [1785153482.775431920] [robot3.global_costmap.global_costmap]: Timed out waiting for transform from robot3/base_link to map to become available, tf error: Invalid frame ID "map" passed to canTransform argument target_frame - frame does not exist
[ros2-11] [planner_server-3] [INFO] [1785153483.275427225] [robot3.global_costmap.global_costmap]: Timed out waiting for transform from robot3/base_link to map to become available, tf error: Invalid frame ID "map" passed to canTransform argument target_frame - frame does not exist
[ros2-11] [planner_server-3] [INFO] [1785153483.775428695] [robot3.global_costmap.global_costmap]: Timed out waiting for transform from robot3/base_link to map to become available, tf error: Invalid frame ID "map" passed to canTransform argument target_frame - frame does not exist
[ros2-11] [planner_server-3] [INFO] [1785153484.275446286] [robot3.global_costmap.global_costmap]: Timed out waiting for transform from robot3/base_link to map to become available, tf error: Invalid frame ID "map" passed to canTransform argument target_frame - frame does not exist
[ros2-11] [planner_server-3] [INFO] [1785153484.775439596] [robot3.global_costmap.global_costmap]: Timed out waiting for transform from robot3/base_link to map to become available, tf error: Invalid frame ID "map" passed to canTransform argument target_frame - frame does not exist
[ros2-11] [planner_server-3] [INFO] [1785153485.275441032] [robot3.global_costmap.global_costmap]: Timed out waiting for transform from robot3/base_link to map to become available, tf error: Invalid frame ID "map" passed to canTransform argument target_frame - frame does not exist
[ros2-11] [planner_server-3] [INFO] [1785153485.775444295] [robot3.global_costmap.global_costmap]: Timed out waiting for transform from robot3/base_link to map to become available, tf error: Invalid frame ID "map" passed to canTransform argument target_frame - frame does not exist
[ros2-11] [planner_server-3] [INFO] [1785153486.275426612] [robot3.global_costmap.global_costmap]: Timed out waiting for transform from robot3/base_link to map to become available, tf error: Invalid frame ID "map" passed to canTransform argument target_frame - frame does not exist
[ros2-11] [planner_server-3] [INFO] [1785153486.775424759] [robot3.global_costmap.global_costmap]: Timed out waiting for transform from robot3/base_link to map to become available, tf error: Invalid frame ID "map" passed to canTransform argument target_frame - frame does not exist
[ros2-11] [planner_server-3] [INFO] [1785153487.275426442] [robot3.global_costmap.global_costmap]: Timed out waiting for transform from robot3/base_link to map to become available, tf error: Invalid frame ID "map" passed to canTransform argument target_frame - frame does not exist
[ros2-11] [planner_server-3] [INFO] [1785153487.775449569] [robot3.global_costmap.global_costmap]: Timed out waiting for transform from robot3/base_link to map to become available, tf error: Invalid frame ID "map" passed to canTransform argument target_frame - frame does not exist
[ros2-11] [planner_server-3] [INFO] [1785153488.275441987] [robot3.global_costmap.global_costmap]: Timed out waiting for transform from robot3/base_link to map to become available, tf error: Invalid frame ID "map" passed to canTransform argument target_frame - frame does not exist
