[INFO] [launch]: All log files can be found below /home/sanket/.ros/log/2026-07-27-16-02-12-013809-sanket-Victus-by-HP-Laptop-16-d0xxx-59966
[INFO] [launch]: Default logging verbosity is set to INFO
[INFO] [controller_server-1]: process started with pid [59968]
[INFO] [smoother_server-2]: process started with pid [59970]
[INFO] [planner_server-3]: process started with pid [59972]
[INFO] [behavior_server-4]: process started with pid [59974]
[INFO] [bt_navigator-5]: process started with pid [59976]
[INFO] [waypoint_follower-6]: process started with pid [59978]
[INFO] [velocity_smoother-7]: process started with pid [59980]
[INFO] [lifecycle_manager-8]: process started with pid [59982]
[lifecycle_manager-8] [INFO] [1785148332.229985252] [robot3.lifecycle_manager_navigation]: Creating
[behavior_server-4] [INFO] [1785148332.231602854] [robot3.behavior_server]: 
[behavior_server-4] 	behavior_server lifecycle node launched. 
[behavior_server-4] 	Waiting on external lifecycle transitions to activate
[behavior_server-4] 	See https://design.ros2.org/articles/node_lifecycle.html for more information.
[lifecycle_manager-8] [INFO] [1785148332.237650004] [robot3.lifecycle_manager_navigation]: [34m[1mCreating and initializing lifecycle service clients[0m[0m
[controller_server-1] [INFO] [1785148332.248164336] [robot3.controller_server]: 
[controller_server-1] 	controller_server lifecycle node launched. 
[controller_server-1] 	Waiting on external lifecycle transitions to activate
[controller_server-1] 	See https://design.ros2.org/articles/node_lifecycle.html for more information.
[controller_server-1] [INFO] [1785148332.251217204] [robot3.controller_server]: Creating controller server
[planner_server-3] [INFO] [1785148332.256734592] [robot3.planner_server]: 
[planner_server-3] 	planner_server lifecycle node launched. 
[planner_server-3] 	Waiting on external lifecycle transitions to activate
[planner_server-3] 	See https://design.ros2.org/articles/node_lifecycle.html for more information.
[planner_server-3] [INFO] [1785148332.259923088] [robot3.planner_server]: Creating
[velocity_smoother-7] [INFO] [1785148332.263468185] [robot3.velocity_smoother]: 
[velocity_smoother-7] 	velocity_smoother lifecycle node launched. 
[velocity_smoother-7] 	Waiting on external lifecycle transitions to activate
[velocity_smoother-7] 	See https://design.ros2.org/articles/node_lifecycle.html for more information.
[bt_navigator-5] [INFO] [1785148332.270172890] [robot3.bt_navigator]: 
[bt_navigator-5] 	bt_navigator lifecycle node launched. 
[bt_navigator-5] 	Waiting on external lifecycle transitions to activate
[bt_navigator-5] 	See https://design.ros2.org/articles/node_lifecycle.html for more information.
[bt_navigator-5] [INFO] [1785148332.270318284] [robot3.bt_navigator]: Creating
[smoother_server-2] [INFO] [1785148332.279603235] [robot3.smoother_server]: 
[smoother_server-2] 	smoother_server lifecycle node launched. 
[smoother_server-2] 	Waiting on external lifecycle transitions to activate
[smoother_server-2] 	See https://design.ros2.org/articles/node_lifecycle.html for more information.
[smoother_server-2] [INFO] [1785148332.281171995] [robot3.smoother_server]: Creating smoother server
[waypoint_follower-6] [INFO] [1785148332.300153824] [robot3.waypoint_follower]: 
[waypoint_follower-6] 	waypoint_follower lifecycle node launched. 
[waypoint_follower-6] 	Waiting on external lifecycle transitions to activate
[waypoint_follower-6] 	See https://design.ros2.org/articles/node_lifecycle.html for more information.
[waypoint_follower-6] [INFO] [1785148332.302186747] [robot3.waypoint_follower]: Creating
[controller_server-1] [INFO] [1785148332.362735997] [robot3.local_costmap.local_costmap]: 
[controller_server-1] 	local_costmap lifecycle node launched. 
[controller_server-1] 	Waiting on external lifecycle transitions to activate
[controller_server-1] 	See https://design.ros2.org/articles/node_lifecycle.html for more information.
[controller_server-1] [INFO] [1785148332.363535884] [robot3.local_costmap.local_costmap]: Creating Costmap
[planner_server-3] [INFO] [1785148332.403310175] [robot3.global_costmap.global_costmap]: 
[planner_server-3] 	global_costmap lifecycle node launched. 
[planner_server-3] 	Waiting on external lifecycle transitions to activate
[planner_server-3] 	See https://design.ros2.org/articles/node_lifecycle.html for more information.
[planner_server-3] [INFO] [1785148332.403807858] [robot3.global_costmap.global_costmap]: Creating Costmap
[lifecycle_manager-8] [INFO] [1785148332.503655271] [robot3.lifecycle_manager_navigation]: [34m[1mStarting managed nodes bringup...[0m[0m
[lifecycle_manager-8] [INFO] [1785148332.503696072] [robot3.lifecycle_manager_navigation]: [34m[1mConfiguring controller_server[0m[0m
[controller_server-1] [INFO] [1785148332.507336737] [robot3.controller_server]: Configuring controller interface
[controller_server-1] [INFO] [1785148332.507653518] [robot3.controller_server]: getting goal checker plugins..
[controller_server-1] [INFO] [1785148332.507939240] [robot3.controller_server]: Controller frequency set to 20.0000Hz
[controller_server-1] [INFO] [1785148332.508002331] [robot3.local_costmap.local_costmap]: Configuring
[controller_server-1] [INFO] [1785148332.514005989] [robot3.local_costmap.local_costmap]: Using plugin "voxel_layer"
[controller_server-1] [INFO] [1785148332.517171001] [robot3.local_costmap.local_costmap]: Subscribed to Topics: scan
[controller_server-1] [INFO] [1785148332.526165065] [robot3.local_costmap.local_costmap]: Initialized plugin "voxel_layer"
[controller_server-1] [INFO] [1785148332.526196830] [robot3.local_costmap.local_costmap]: Using plugin "inflation_layer"
[controller_server-1] [INFO] [1785148332.527334475] [robot3.local_costmap.local_costmap]: Initialized plugin "inflation_layer"
[controller_server-1] [INFO] [1785148332.537790825] [robot3.controller_server]: Created progress_checker : progress_checker of type nav2_controller::SimpleProgressChecker
[controller_server-1] [INFO] [1785148332.538747792] [robot3.controller_server]: Created goal checker : general_goal_checker of type nav2_controller::SimpleGoalChecker
[controller_server-1] [INFO] [1785148332.539438802] [robot3.controller_server]: Controller Server has general_goal_checker  goal checkers available.
[controller_server-1] [INFO] [1785148332.539812931] [robot3.controller_server]: Created controller : FollowPath of type nav2_regulated_pure_pursuit_controller::RegulatedPurePursuitController
[controller_server-1] [INFO] [1785148332.547009739] [robot3.controller_server]: Controller Server has FollowPath  controllers available.
[lifecycle_manager-8] [INFO] [1785148332.555694111] [robot3.lifecycle_manager_navigation]: [34m[1mConfiguring smoother_server[0m[0m
[smoother_server-2] [INFO] [1785148332.555847017] [robot3.smoother_server]: Configuring smoother server
[smoother_server-2] [INFO] [1785148332.564938309] [robot3.smoother_server]: Created smoother : simple_smoother of type nav2_smoother::SimpleSmoother
[smoother_server-2] [INFO] [1785148332.566233786] [robot3.smoother_server]: Smoother Server has simple_smoother  smoothers available.
[lifecycle_manager-8] [INFO] [1785148332.573040297] [robot3.lifecycle_manager_navigation]: [34m[1mConfiguring planner_server[0m[0m
[planner_server-3] [INFO] [1785148332.573220956] [robot3.planner_server]: Configuring
[planner_server-3] [INFO] [1785148332.573255248] [robot3.global_costmap.global_costmap]: Configuring
[planner_server-3] [INFO] [1785148332.580032967] [robot3.global_costmap.global_costmap]: Using plugin "static_layer"
[planner_server-3] [INFO] [1785148332.583400694] [robot3.global_costmap.global_costmap]: Subscribing to the map topic (/map) with transient local durability
[planner_server-3] [INFO] [1785148332.585011878] [robot3.global_costmap.global_costmap]: Initialized plugin "static_layer"
[planner_server-3] [INFO] [1785148332.585066756] [robot3.global_costmap.global_costmap]: Using plugin "obstacle_layer"
[planner_server-3] [INFO] [1785148332.586612792] [robot3.global_costmap.global_costmap]: Subscribed to Topics: scan
[planner_server-3] [INFO] [1785148332.592655235] [robot3.global_costmap.global_costmap]: Initialized plugin "obstacle_layer"
[planner_server-3] [INFO] [1785148332.592694585] [robot3.global_costmap.global_costmap]: Using plugin "inflation_layer"
[planner_server-3] [INFO] [1785148332.594037928] [robot3.global_costmap.global_costmap]: Initialized plugin "inflation_layer"
[planner_server-3] [INFO] [1785148332.605063245] [robot3.planner_server]: Created global planner plugin GridBased of type nav2_navfn_planner/NavfnPlanner
[planner_server-3] [INFO] [1785148332.605103299] [robot3.planner_server]: Configuring plugin GridBased of type NavfnPlanner
[planner_server-3] [INFO] [1785148332.606827569] [robot3.planner_server]: Planner Server has GridBased  planners available.
[lifecycle_manager-8] [INFO] [1785148332.617702649] [robot3.lifecycle_manager_navigation]: [34m[1mConfiguring behavior_server[0m[0m
[behavior_server-4] [INFO] [1785148332.617885919] [robot3.behavior_server]: Configuring
[behavior_server-4] [INFO] [1785148332.626588760] [robot3.behavior_server]: Creating behavior plugin spin of type nav2_behaviors/Spin
[behavior_server-4] [INFO] [1785148332.627586611] [robot3.behavior_server]: Configuring spin
[behavior_server-4] [INFO] [1785148332.637169678] [robot3.behavior_server]: Creating behavior plugin backup of type nav2_behaviors/BackUp
[behavior_server-4] [INFO] [1785148332.637757444] [robot3.behavior_server]: Configuring backup
[behavior_server-4] [INFO] [1785148332.646149191] [robot3.behavior_server]: Creating behavior plugin drive_on_heading of type nav2_behaviors/DriveOnHeading
[behavior_server-4] [INFO] [1785148332.646965800] [robot3.behavior_server]: Configuring drive_on_heading
[behavior_server-4] [INFO] [1785148332.655853057] [robot3.behavior_server]: Creating behavior plugin assisted_teleop of type nav2_behaviors/AssistedTeleop
[behavior_server-4] [INFO] [1785148332.657320145] [robot3.behavior_server]: Configuring assisted_teleop
[behavior_server-4] [INFO] [1785148332.667400324] [robot3.behavior_server]: Creating behavior plugin wait of type nav2_behaviors/Wait
[behavior_server-4] [INFO] [1785148332.668112638] [robot3.behavior_server]: Configuring wait
[lifecycle_manager-8] [INFO] [1785148332.675857724] [robot3.lifecycle_manager_navigation]: [34m[1mConfiguring bt_navigator[0m[0m
[bt_navigator-5] [INFO] [1785148332.676154702] [robot3.bt_navigator]: Configuring
[lifecycle_manager-8] [INFO] [1785148332.753307757] [robot3.lifecycle_manager_navigation]: [34m[1mConfiguring waypoint_follower[0m[0m
[waypoint_follower-6] [INFO] [1785148333.279912055] [robot3.waypoint_follower]: Configuring
[waypoint_follower-6] [INFO] [1785148333.294462916] [robot3.waypoint_follower]: Created waypoint_task_executor : wait_at_waypoint of type nav2_waypoint_follower::WaitAtWaypoint
[lifecycle_manager-8] [INFO] [1785148333.295525309] [robot3.lifecycle_manager_navigation]: [34m[1mConfiguring velocity_smoother[0m[0m
[velocity_smoother-7] [INFO] [1785148333.295714810] [robot3.velocity_smoother]: Configuring velocity smoother
[lifecycle_manager-8] [INFO] [1785148333.301042656] [robot3.lifecycle_manager_navigation]: [34m[1mActivating controller_server[0m[0m
[controller_server-1] [INFO] [1785148333.301166634] [robot3.controller_server]: Activating
[controller_server-1] [INFO] [1785148333.301201627] [robot3.local_costmap.local_costmap]: Activating
[controller_server-1] [INFO] [1785148333.301211266] [robot3.local_costmap.local_costmap]: Checking transform
[controller_server-1] [INFO] [1785148333.301228481] [robot3.local_costmap.local_costmap]: Timed out waiting for transform from robot3/base_link to robot3/odom to become available, tf error: Invalid frame ID "robot3/odom" passed to canTransform argument target_frame - frame does not exist
[controller_server-1] [INFO] [1785148333.801294934] [robot3.local_costmap.local_costmap]: Timed out waiting for transform from robot3/base_link to robot3/odom to become available, tf error: Invalid frame ID "robot3/odom" passed to canTransform argument target_frame - frame does not exist
[controller_server-1] [INFO] [1785148334.301315571] [robot3.local_costmap.local_costmap]: Timed out waiting for transform from robot3/base_link to robot3/odom to become available, tf error: Invalid frame ID "robot3/odom" passed to canTransform argument target_frame - frame does not exist
[controller_server-1] [INFO] [1785148334.801338265] [robot3.local_costmap.local_costmap]: Timed out waiting for transform from robot3/base_link to robot3/odom to become available, tf error: Invalid frame ID "robot3/odom" passed to canTransform argument target_frame - frame does not exist
[controller_server-1] [INFO] [1785148335.301285678] [robot3.local_costmap.local_costmap]: Timed out waiting for transform from robot3/base_link to robot3/odom to become available, tf error: Invalid frame ID "robot3/odom" passed to canTransform argument target_frame - frame does not exist
[controller_server-1] [INFO] [1785148335.801315419] [robot3.local_costmap.local_costmap]: Timed out waiting for transform from robot3/base_link to robot3/odom to become available, tf error: Invalid frame ID "robot3/odom" passed to canTransform argument target_frame - frame does not exist
[controller_server-1] [INFO] [1785148336.301296995] [robot3.local_costmap.local_costmap]: Timed out waiting for transform from robot3/base_link to robot3/odom to become available, tf error: Invalid frame ID "robot3/odom" passed to canTransform argument target_frame - frame does not exist
[controller_server-1] [INFO] [1785148336.801290831] [robot3.local_costmap.local_costmap]: Timed out waiting for transform from robot3/base_link to robot3/odom to become available, tf error: Invalid frame ID "robot3/odom" passed to canTransform argument target_frame - frame does not exist
[controller_server-1] [INFO] [1785148337.301291158] [robot3.local_costmap.local_costmap]: Timed out waiting for transform from robot3/base_link to robot3/odom to become available, tf error: Invalid frame ID "robot3/odom" passed to canTransform argument target_frame - frame does not exist
[controller_server-1] [INFO] [1785148337.801301743] [robot3.local_costmap.local_costmap]: Timed out waiting for transform from robot3/base_link to robot3/odom to become available, tf error: Invalid frame ID "robot3/odom" passed to canTransform argument target_frame - frame does not exist
[controller_server-1] [INFO] [1785148338.301286601] [robot3.local_costmap.local_costmap]: Timed out waiting for transform from robot3/base_link to robot3/odom to become available, tf error: Invalid frame ID "robot3/odom" passed to canTransform argument target_frame - frame does not exist
[controller_server-1] [INFO] [1785148338.801314571] [robot3.local_costmap.local_costmap]: Timed out waiting for transform from robot3/base_link to robot3/odom to become available, tf error: Invalid frame ID "robot3/odom" passed to canTransform argument target_frame - frame does not exist
[controller_server-1] [INFO] [1785148339.301283583] [robot3.local_costmap.local_costmap]: Timed out waiting for transform from robot3/base_link to robot3/odom to become available, tf error: Invalid frame ID "robot3/odom" passed to canTransform argument target_frame - frame does not exist
[controller_server-1] [INFO] [1785148339.801285775] [robot3.local_costmap.local_costmap]: Timed out waiting for transform from robot3/base_link to robot3/odom to become available, tf error: Invalid frame ID "robot3/odom" passed to canTransform argument target_frame - frame does not exist
[controller_server-1] [INFO] [1785148340.301283818] [robot3.local_costmap.local_costmap]: Timed out waiting for transform from robot3/base_link to robot3/odom to become available, tf error: Invalid frame ID "robot3/odom" passed to canTransform argument target_frame - frame does not exist
[controller_server-1] [INFO] [1785148340.801305927] [robot3.local_costmap.local_costmap]: Timed out waiting for transform from robot3/base_link to robot3/odom to become available, tf error: Invalid frame ID "robot3/odom" passed to canTransform argument target_frame - frame does not exist
[controller_server-1] [INFO] [1785148341.301304908] [robot3.local_costmap.local_costmap]: Timed out waiting for transform from robot3/base_link to robot3/odom to become available, tf error: Invalid frame ID "robot3/odom" passed to canTransform argument target_frame - frame does not exist
[controller_server-1] [INFO] [1785148341.801320796] [robot3.local_costmap.local_costmap]: Timed out waiting for transform from robot3/base_link to robot3/odom to become available, tf error: Invalid frame ID "robot3/odom" passed to canTransform argument target_frame - frame does not exist
[controller_server-1] [INFO] [1785148342.301314881] [robot3.local_costmap.local_costmap]: Timed out waiting for transform from robot3/base_link to robot3/odom to become available, tf error: Invalid frame ID "robot3/odom" passed to canTransform argument target_frame - frame does not exist
[controller_server-1] [INFO] [1785148342.801326933] [robot3.local_costmap.local_costmap]: Timed out waiting for transform from robot3/base_link to robot3/odom to become available, tf error: Invalid frame ID "robot3/odom" passed to canTransform argument target_frame - frame does not exist
[controller_server-1] [INFO] [1785148343.301296979] [robot3.local_costmap.local_costmap]: Timed out waiting for transform from robot3/base_link to robot3/odom to become available, tf error: Invalid frame ID "robot3/odom" passed to canTransform argument target_frame - frame does not exist
[controller_server-1] [INFO] [1785148343.801302709] [robot3.local_costmap.local_costmap]: Timed out waiting for transform from robot3/base_link to robot3/odom to become available, tf error: Invalid frame ID "robot3/odom" passed to canTransform argument target_frame - frame does not exist
[controller_server-1] [INFO] [1785148344.301283399] [robot3.local_costmap.local_costmap]: Timed out waiting for transform from robot3/base_link to robot3/odom to become available, tf error: Invalid frame ID "robot3/odom" passed to canTransform argument target_frame - frame does not exist
[controller_server-1] [INFO] [1785148344.801321428] [robot3.local_costmap.local_costmap]: Timed out waiting for transform from robot3/base_link to robot3/odom to become available, tf error: Invalid frame ID "robot3/odom" passed to canTransform argument target_frame - frame does not exist
[controller_server-1] [INFO] [1785148345.301284157] [robot3.local_costmap.local_costmap]: Timed out waiting for transform from robot3/base_link to robot3/odom to become available, tf error: Invalid frame ID "robot3/odom" passed to canTransform argument target_frame - frame does not exist
[controller_server-1] [INFO] [1785148345.801287063] [robot3.local_costmap.local_costmap]: Timed out waiting for transform from robot3/base_link to robot3/odom to become available, tf error: Invalid frame ID "robot3/odom" passed to canTransform argument target_frame - frame does not exist
[controller_server-1] [INFO] [1785148346.301285401] [robot3.local_costmap.local_costmap]: Timed out waiting for transform from robot3/base_link to robot3/odom to become available, tf error: Invalid frame ID "robot3/odom" passed to canTransform argument target_frame - frame does not exist
[controller_server-1] [INFO] [1785148346.801303300] [robot3.local_costmap.local_costmap]: Timed out waiting for transform from robot3/base_link to robot3/odom to become available, tf error: Invalid frame ID "robot3/odom" passed to canTransform argument target_frame - frame does not exist
[controller_server-1] [INFO] [1785148347.301288762] [robot3.local_costmap.local_costmap]: Timed out waiting for transform from robot3/base_link to robot3/odom to become available, tf error: Invalid frame ID "robot3/odom" passed to canTransform argument target_frame - frame does not exist
[controller_server-1] [INFO] [1785148347.801307028] [robot3.local_costmap.local_costmap]: Timed out waiting for transform from robot3/base_link to robot3/odom to become available, tf error: Invalid frame ID "robot3/odom" passed to canTransform argument target_frame - frame does not exist
[controller_server-1] [INFO] [1785148348.301253176] [robot3.local_costmap.local_costmap]: Timed out waiting for transform from robot3/base_link to robot3/odom to become available, tf error: Invalid frame ID "robot3/odom" passed to canTransform argument target_frame - frame does not exist
[controller_server-1] [INFO] [1785148348.801283874] [robot3.local_costmap.local_costmap]: Timed out waiting for transform from robot3/base_link to robot3/odom to become available, tf error: Invalid frame ID "robot3/odom" passed to canTransform argument target_frame - frame does not exist
[controller_server-1] [INFO] [1785148349.301290845] [robot3.local_costmap.local_costmap]: Timed out waiting for transform from robot3/base_link to robot3/odom to become available, tf error: Invalid frame ID "robot3/odom" passed to canTransform argument target_frame - frame does not exist
[controller_server-1] [INFO] [1785148349.801284273] [robot3.local_costmap.local_costmap]: Timed out waiting for transform from robot3/base_link to robot3/odom to become available, tf error: Invalid frame ID "robot3/odom" passed to canTransform argument target_frame - frame does not exist
[controller_server-1] [INFO] [1785148350.301298025] [robot3.local_costmap.local_costmap]: Timed out waiting for transform from robot3/base_link to robot3/odom to become available, tf error: Invalid frame ID "robot3/odom" passed to canTransform argument target_frame - frame does not exist
[controller_server-1] [INFO] [1785148350.801302915] [robot3.local_costmap.local_costmap]: Timed out waiting for transform from robot3/base_link to robot3/odom to become available, tf error: Invalid frame ID "robot3/odom" passed to canTransform argument target_frame - frame does not exist
[controller_server-1] [INFO] [1785148351.301255164] [robot3.local_costmap.local_costmap]: Timed out waiting for transform from robot3/base_link to robot3/odom to become available, tf error: Invalid frame ID "robot3/odom" passed to canTransform argument target_frame - frame does not exist
[controller_server-1] [INFO] [1785148351.801286074] [robot3.local_costmap.local_costmap]: Timed out waiting for transform from robot3/base_link to robot3/odom to become available, tf error: Invalid frame ID "robot3/odom" passed to canTransform argument target_frame - frame does not exist
[controller_server-1] [INFO] [1785148352.301308694] [robot3.local_costmap.local_costmap]: Timed out waiting for transform from robot3/base_link to robot3/odom to become available, tf error: Invalid frame ID "robot3/odom" passed to canTransform argument target_frame - frame does not exist
[controller_server-1] [INFO] [1785148352.801285798] [robot3.local_costmap.local_costmap]: Timed out waiting for transform from robot3/base_link to robot3/odom to become available, tf error: Invalid frame ID "robot3/odom" passed to canTransform argument target_frame - frame does not exist
[controller_server-1] [INFO] [1785148353.301287541] [robot3.local_costmap.local_costmap]: Timed out waiting for transform from robot3/base_link to robot3/odom to become available, tf error: Invalid frame ID "robot3/odom" passed to canTransform argument target_frame - frame does not exist
[controller_server-1] [INFO] [1785148353.801306420] [robot3.local_costmap.local_costmap]: Timed out waiting for transform from robot3/base_link to robot3/odom to become available, tf error: Invalid frame ID "robot3/odom" passed to canTransform argument target_frame - frame does not exist
[controller_server-1] [INFO] [1785148354.301287540] [robot3.local_costmap.local_costmap]: Timed out waiting for transform from robot3/base_link to robot3/odom to become available, tf error: Invalid frame ID "robot3/odom" passed to canTransform argument target_frame - frame does not exist
[controller_server-1] [INFO] [1785148354.801320513] [robot3.local_costmap.local_costmap]: Timed out waiting for transform from robot3/base_link to robot3/odom to become available, tf error: Invalid frame ID "robot3/odom" passed to canTransform argument target_frame - frame does not exist
[controller_server-1] [INFO] [1785148355.301301972] [robot3.local_costmap.local_costmap]: Timed out waiting for transform from robot3/base_link to robot3/odom to become available, tf error: Invalid frame ID "robot3/odom" passed to canTransform argument target_frame - frame does not exist
[controller_server-1] [INFO] [1785148355.801303692] [robot3.local_costmap.local_costmap]: Timed out waiting for transform from robot3/base_link to robot3/odom to become available, tf error: Invalid frame ID "robot3/odom" passed to canTransform argument target_frame - frame does not exist
[controller_server-1] [INFO] [1785148356.301286669] [robot3.local_costmap.local_costmap]: Timed out waiting for transform from robot3/base_link to robot3/odom to become available, tf error: Invalid frame ID "robot3/odom" passed to canTransform argument target_frame - frame does not exist
[controller_server-1] [INFO] [1785148356.801261539] [robot3.local_costmap.local_costmap]: Timed out waiting for transform from robot3/base_link to robot3/odom to become available, tf error: Invalid frame ID "robot3/odom" passed to canTransform argument target_frame - frame does not exist
[controller_server-1] [INFO] [1785148357.301307912] [robot3.local_costmap.local_costmap]: Timed out waiting for transform from robot3/base_link to robot3/odom to become available, tf error: Invalid frame ID "robot3/odom" passed to canTransform argument target_frame - frame does not exist
[controller_server-1] [INFO] [1785148357.801319821] [robot3.local_costmap.local_costmap]: Timed out waiting for transform from robot3/base_link to robot3/odom to become available, tf error: Invalid frame ID "robot3/odom" passed to canTransform argument target_frame - frame does not exist
[controller_server-1] [INFO] [1785148358.301311082] [robot3.local_costmap.local_costmap]: Timed out waiting for transform from robot3/base_link to robot3/odom to become available, tf error: Invalid frame ID "robot3/odom" passed to canTransform argument target_frame - frame does not exist
[controller_server-1] [INFO] [1785148358.801298881] [robot3.local_costmap.local_costmap]: Timed out waiting for transform from robot3/base_link to robot3/odom to become available, tf error: Invalid frame ID "robot3/odom" passed to canTransform argument target_frame - frame does not exist
[controller_server-1] [INFO] [1785148359.301308035] [robot3.local_costmap.local_costmap]: Timed out waiting for transform from robot3/base_link to robot3/odom to become available, tf error: Invalid frame ID "robot3/odom" passed to canTransform argument target_frame - frame does not exist
[controller_server-1] [INFO] [1785148359.801305336] [robot3.local_costmap.local_costmap]: Timed out waiting for transform from robot3/base_link to robot3/odom to become available, tf error: Invalid frame ID "robot3/odom" passed to canTransform argument target_frame - frame does not exist
[controller_server-1] [INFO] [1785148360.301290267] [robot3.local_costmap.local_costmap]: Timed out waiting for transform from robot3/base_link to robot3/odom to become available, tf error: Invalid frame ID "robot3/odom" passed to canTransform argument target_frame - frame does not exist
[controller_server-1] [INFO] [1785148360.801300155] [robot3.local_costmap.local_costmap]: Timed out waiting for transform from robot3/base_link to robot3/odom to become available, tf error: Invalid frame ID "robot3/odom" passed to canTransform argument target_frame - frame does not exist
[controller_server-1] [INFO] [1785148361.301303125] [robot3.local_costmap.local_costmap]: Timed out waiting for transform from robot3/base_link to robot3/odom to become available, tf error: Invalid frame ID "robot3/odom" passed to canTransform argument target_frame - frame does not exist
[controller_server-1] [INFO] [1785148361.801364472] [robot3.local_costmap.local_costmap]: Timed out waiting for transform from robot3/base_link to robot3/odom to become available, tf error: Invalid frame ID "robot3/odom" passed to canTransform argument target_frame - frame does not exist
[controller_server-1] [INFO] [1785148362.301305614] [robot3.local_costmap.local_costmap]: Timed out waiting for transform from robot3/base_link to robot3/odom to become available, tf error: Invalid frame ID "robot3/odom" passed to canTransform argument target_frame - frame does not exist
[controller_server-1] [INFO] [1785148362.801356494] [robot3.local_costmap.local_costmap]: Timed out waiting for transform from robot3/base_link to robot3/odom to become available, tf error: Invalid frame ID "robot3/odom" passed to canTransform argument target_frame - frame does not exist
[controller_server-1] [INFO] [1785148363.301307306] [robot3.local_costmap.local_costmap]: Timed out waiting for transform from robot3/base_link to robot3/odom to become available, tf error: Invalid frame ID "robot3/odom" passed to canTransform argument target_frame - frame does not exist
[controller_server-1] [INFO] [1785148363.801314805] [robot3.local_costmap.local_costmap]: Timed out waiting for transform from robot3/base_link to robot3/odom to become available, tf error: Invalid frame ID "robot3/odom" passed to canTransform argument target_frame - frame does not exist
[controller_server-1] [INFO] [1785148364.301290494] [robot3.local_costmap.local_costmap]: Timed out waiting for transform from robot3/base_link to robot3/odom to become available, tf error: Invalid frame ID "robot3/odom" passed to canTransform argument target_frame - frame does not exist
[controller_server-1] [INFO] [1785148364.801290037] [robot3.local_costmap.local_costmap]: Timed out waiting for transform from robot3/base_link to robot3/odom to become available, tf error: Invalid frame ID "robot3/odom" passed to canTransform argument target_frame - frame does not exist
[controller_server-1] [INFO] [1785148365.301294126] [robot3.local_costmap.local_costmap]: Timed out waiting for transform from robot3/base_link to robot3/odom to become available, tf error: Invalid frame ID "robot3/odom" passed to canTransform argument target_frame - frame does not exist
[controller_server-1] [INFO] [1785148365.801290230] [robot3.local_costmap.local_costmap]: Timed out waiting for transform from robot3/base_link to robot3/odom to become available, tf error: Invalid frame ID "robot3/odom" passed to canTransform argument target_frame - frame does not exist
[controller_server-1] [INFO] [1785148366.301285079] [robot3.local_costmap.local_costmap]: Timed out waiting for transform from robot3/base_link to robot3/odom to become available, tf error: Invalid frame ID "robot3/odom" passed to canTransform argument target_frame - frame does not exist
[controller_server-1] [INFO] [1785148366.801308927] [robot3.local_costmap.local_costmap]: Timed out waiting for transform from robot3/base_link to robot3/odom to become available, tf error: Invalid frame ID "robot3/odom" passed to canTransform argument target_frame - frame does not exist
[controller_server-1] [INFO] [1785148367.301306186] [robot3.local_costmap.local_costmap]: Timed out waiting for transform from robot3/base_link to robot3/odom to become available, tf error: Invalid frame ID "robot3/odom" passed to canTransform argument target_frame - frame does not exist
[controller_server-1] [INFO] [1785148367.801290523] [robot3.local_costmap.local_costmap]: Timed out waiting for transform from robot3/base_link to robot3/odom to become available, tf error: Invalid frame ID "robot3/odom" passed to canTransform argument target_frame - frame does not exist
[controller_server-1] [INFO] [1785148368.301259753] [robot3.local_costmap.local_costmap]: Timed out waiting for transform from robot3/base_link to robot3/odom to become available, tf error: Invalid frame ID "robot3/odom" passed to canTransform argument target_frame - frame does not exist
[controller_server-1] [INFO] [1785148368.801304898] [robot3.local_costmap.local_costmap]: Timed out waiting for transform from robot3/base_link to robot3/odom to become available, tf error: Invalid frame ID "robot3/odom" passed to canTransform argument target_frame - frame does not exist
[controller_server-1] [INFO] [1785148369.301309853] [robot3.local_costmap.local_costmap]: Timed out waiting for transform from robot3/base_link to robot3/odom to become available, tf error: Invalid frame ID "robot3/odom" passed to canTransform argument target_frame - frame does not exist
[controller_server-1] [INFO] [1785148369.801310527] [robot3.local_costmap.local_costmap]: Timed out waiting for transform from robot3/base_link to robot3/odom to become available, tf error: Invalid frame ID "robot3/odom" passed to canTransform argument target_frame - frame does not exist
[controller_server-1] [INFO] [1785148370.301284928] [robot3.local_costmap.local_costmap]: Timed out waiting for transform from robot3/base_link to robot3/odom to become available, tf error: Invalid frame ID "robot3/odom" passed to canTransform argument target_frame - frame does not exist
[controller_server-1] [INFO] [1785148370.801283318] [robot3.local_costmap.local_costmap]: Timed out waiting for transform from robot3/base_link to robot3/odom to become available, tf error: Invalid frame ID "robot3/odom" passed to canTransform argument target_frame - frame does not exist
[controller_server-1] [INFO] [1785148371.301282337] [robot3.local_costmap.local_costmap]: Timed out waiting for transform from robot3/base_link to robot3/odom to become available, tf error: Invalid frame ID "robot3/odom" passed to canTransform argument target_frame - frame does not exist
[controller_server-1] [INFO] [1785148371.801315722] [robot3.local_costmap.local_costmap]: Timed out waiting for transform from robot3/base_link to robot3/odom to become available, tf error: Invalid frame ID "robot3/odom" passed to canTransform argument target_frame - frame does not exist
[controller_server-1] [INFO] [1785148372.301307375] [robot3.local_costmap.local_costmap]: Timed out waiting for transform from robot3/base_link to robot3/odom to become available, tf error: Invalid frame ID "robot3/odom" passed to canTransform argument target_frame - frame does not exist
[controller_server-1] [INFO] [1785148372.801304535] [robot3.local_costmap.local_costmap]: Timed out waiting for transform from robot3/base_link to robot3/odom to become available, tf error: Invalid frame ID "robot3/odom" passed to canTransform argument target_frame - frame does not exist
[controller_server-1] [INFO] [1785148373.301281133] [robot3.local_costmap.local_costmap]: Timed out waiting for transform from robot3/base_link to robot3/odom to become available, tf error: Invalid frame ID "robot3/odom" passed to canTransform argument target_frame - frame does not exist
[controller_server-1] [INFO] [1785148373.801328037] [robot3.local_costmap.local_costmap]: Timed out waiting for transform from robot3/base_link to robot3/odom to become available, tf error: Invalid frame ID "robot3/odom" passed to canTransform argument target_frame - frame does not exist
[controller_server-1] [INFO] [1785148374.301296459] [robot3.local_costmap.local_costmap]: Timed out waiting for transform from robot3/base_link to robot3/odom to become available, tf error: Invalid frame ID "robot3/odom" passed to canTransform argument target_frame - frame does not exist
[controller_server-1] [INFO] [1785148374.801305552] [robot3.local_costmap.local_costmap]: Timed out waiting for transform from robot3/base_link to robot3/odom to become available, tf error: Invalid frame ID "robot3/odom" passed to canTransform argument target_frame - frame does not exist
[controller_server-1] [INFO] [1785148375.301291650] [robot3.local_costmap.local_costmap]: Timed out waiting for transform from robot3/base_link to robot3/odom to become available, tf error: Invalid frame ID "robot3/odom" passed to canTransform argument target_frame - frame does not exist
[controller_server-1] [INFO] [1785148375.801288087] [robot3.local_costmap.local_costmap]: Timed out waiting for transform from robot3/base_link to robot3/odom to become available, tf error: Invalid frame ID "robot3/odom" passed to canTransform argument target_frame - frame does not exist
[controller_server-1] [INFO] [1785148376.301288655] [robot3.local_costmap.local_costmap]: Timed out waiting for transform from robot3/base_link to robot3/odom to become available, tf error: Invalid frame ID "robot3/odom" passed to canTransform argument target_frame - frame does not exist
[controller_server-1] [INFO] [1785148376.801303862] [robot3.local_costmap.local_costmap]: Timed out waiting for transform from robot3/base_link to robot3/odom to become available, tf error: Invalid frame ID "robot3/odom" passed to canTransform argument target_frame - frame does not exist
[controller_server-1] [INFO] [1785148377.301285069] [robot3.local_costmap.local_costmap]: Timed out waiting for transform from robot3/base_link to robot3/odom to become available, tf error: Invalid frame ID "robot3/odom" passed to canTransform argument target_frame - frame does not exist
