[INFO] [1785137799.392620643] [test_orchestrator]: --- Starting Nav2 test sequence for robot3 ---
[INFO] [1785137799.451185588] [test_orchestrator]: Cleared CSV file: /home/sanket/Documents/XP_Robotics/StepFile_gazebo/AGV/agv_simulation_workspace/robot3_lidar_test.csv
[INFO] [1785137799.451461696] [test_orchestrator]: Waiting for Nav2 action server for robot3...
[INFO] [1785137799.451777972] [test_orchestrator]: Commanding robot3 via Nav2 to Waypoint 1 at (-3.5, 3.5)
[INFO] [1785137799.453397544] [test_orchestrator]: Nav2 rejected the goal!
[INFO] [1785137799.453924119] [test_orchestrator]: Waiting for Nav2 action server for robot3...
[INFO] [1785137799.454272071] [test_orchestrator]: Commanding robot3 via Nav2 to Waypoint 2 at (3.5, 3.5)
[INFO] [1785137799.455025911] [test_orchestrator]: Nav2 rejected the goal!
[INFO] [1785137799.455338798] [test_orchestrator]: Waiting for Nav2 action server for robot3...
[INFO] [1785137799.455613102] [test_orchestrator]: Commanding robot3 via Nav2 to Waypoint 3 at (3.5, -3.5)
[INFO] [1785137799.456181983] [test_orchestrator]: Nav2 rejected the goal!
[INFO] [1785137799.456460000] [test_orchestrator]: Waiting for Nav2 action server for robot3...
[INFO] [1785137799.456741017] [test_orchestrator]: Commanding robot3 via Nav2 to Waypoint 4 at (-3.5, -3.5)
[INFO] [1785137799.457280262] [test_orchestrator]: Nav2 rejected the goal!
[INFO] [1785137799.457577178] [test_orchestrator]: Waiting for Nav2 action server for robot3...
[INFO] [1785137799.457837582] [test_orchestrator]: Commanding robot3 via Nav2 to Waypoint 5 at (-3.5, 0.0)
[INFO] [1785137799.458428921] [test_orchestrator]: Nav2 rejected the goal!
[INFO] [1785137799.458705151] [test_orchestrator]: Waiting for Nav2 action server for robot3...
[INFO] [1785137799.458958214] [test_orchestrator]: Commanding robot3 via Nav2 to Waypoint 6 at (0.0, 0.0)
[INFO] [1785137799.459527530] [test_orchestrator]: Nav2 rejected the goal!
[INFO] [1785137799.459848677] [test_orchestrator]: --- NAV2 TEST SUMMARY FOR robot3 ---
[INFO] [1785137799.460100715] [test_orchestrator]: Achieved Goals: 0 / 6
[INFO] [1785137799.460427774] [test_orchestrator]: All tests completed successfully!
