[0.094s] DEBUG:colcon:Command line arguments: ['/usr/bin/colcon', 'build', '--packages-select', 'agv']
[0.094s] DEBUG:colcon:Parsed command line arguments: Namespace(log_base=None, log_level=None, verb_name='build', build_base='build', install_base='install', merge_install=False, symlink_install=False, test_result_base=None, continue_on_error=False, executor='parallel', parallel_workers=12, event_handlers=None, ignore_user_meta=False, metas=['./colcon.meta'], base_paths=['.'], packages_ignore=None, packages_ignore_regex=None, paths=None, packages_up_to=None, packages_up_to_regex=None, packages_above=None, packages_above_and_dependencies=None, packages_above_depth=None, packages_select_by_dep=None, packages_skip_by_dep=None, packages_skip_up_to=None, packages_select_build_failed=False, packages_skip_build_finished=False, packages_select_test_failures=False, packages_skip_test_passed=False, packages_select=['agv'], packages_skip=None, packages_select_regex=None, packages_skip_regex=None, packages_start=None, packages_end=None, allow_overriding=[], cmake_args=None, cmake_target=None, cmake_target_skip_unavailable=False, cmake_clean_cache=False, cmake_clean_first=False, cmake_force_configure=False, ament_cmake_args=None, catkin_cmake_args=None, catkin_skip_building_tests=False, verb_parser=<colcon_defaults.argument_parser.defaults.DefaultArgumentsDecorator object at 0x7731d8b6b8e0>, verb_extension=<colcon_core.verb.build.BuildVerb object at 0x7731d8b6abc0>, main=<bound method BuildVerb.main of <colcon_core.verb.build.BuildVerb object at 0x7731d8b6abc0>>)
[0.254s] Level 1:colcon.colcon_core.package_discovery:discover_packages(colcon_meta) check parameters
[0.254s] Level 1:colcon.colcon_core.package_discovery:discover_packages(recursive) check parameters
[0.254s] Level 1:colcon.colcon_core.package_discovery:discover_packages(ignore) check parameters
[0.254s] Level 1:colcon.colcon_core.package_discovery:discover_packages(path) check parameters
[0.254s] Level 1:colcon.colcon_core.package_discovery:discover_packages(colcon_meta) discover
[0.255s] Level 1:colcon.colcon_core.package_discovery:discover_packages(recursive) discover
[0.255s] INFO:colcon.colcon_core.package_discovery:Crawling recursively for packages in '/home/sanket/Documents/XP_Robotics/StepFile_gazebo/AGV'
[0.255s] Level 1:colcon.colcon_core.package_identification:_identify(.) by extensions ['ignore', 'ignore_ament_install']
[0.255s] Level 1:colcon.colcon_core.package_identification:_identify(.) by extension 'ignore'
[0.255s] Level 1:colcon.colcon_core.package_identification:_identify(.) by extension 'ignore_ament_install'
[0.255s] Level 1:colcon.colcon_core.package_identification:_identify(.) by extensions ['colcon_pkg']
[0.255s] Level 1:colcon.colcon_core.package_identification:_identify(.) by extension 'colcon_pkg'
[0.255s] Level 1:colcon.colcon_core.package_identification:_identify(.) by extensions ['colcon_meta']
[0.255s] Level 1:colcon.colcon_core.package_identification:_identify(.) by extension 'colcon_meta'
[0.255s] Level 1:colcon.colcon_core.package_identification:_identify(.) by extensions ['ros']
[0.255s] Level 1:colcon.colcon_core.package_identification:_identify(.) by extension 'ros'
[0.273s] DEBUG:colcon.colcon_core.package_identification:Package '.' with type 'ros.ament_python' and name 'agv'
[0.273s] Level 1:colcon.colcon_core.package_discovery:discover_packages(recursive) using defaults
[0.273s] Level 1:colcon.colcon_core.package_discovery:discover_packages(ignore) discover
[0.273s] Level 1:colcon.colcon_core.package_discovery:discover_packages(ignore) using defaults
[0.273s] Level 1:colcon.colcon_core.package_discovery:discover_packages(path) discover
[0.273s] Level 1:colcon.colcon_core.package_discovery:discover_packages(path) using defaults
[0.289s] Level 1:colcon.colcon_core.package_discovery:discover_packages(prefix_path) check parameters
[0.289s] Level 1:colcon.colcon_core.package_discovery:discover_packages(prefix_path) discover
[0.290s] DEBUG:colcon.colcon_installed_package_information.package_discovery:Found 1 installed packages in /home/sanket/stair_robot_ws/install
[0.291s] DEBUG:colcon.colcon_installed_package_information.package_discovery:Found 2 installed packages in /home/sanket/ros2_ws/install
[0.291s] DEBUG:colcon.colcon_installed_package_information.package_discovery:Found 1 installed packages in /home/sanket/robot_ws/install
[0.292s] DEBUG:colcon.colcon_installed_package_information.package_discovery:Found 536 installed packages in /opt/ros/humble
[0.294s] Level 1:colcon.colcon_core.package_discovery:discover_packages(prefix_path) using defaults
[0.339s] Level 5:colcon.colcon_core.verb:set package 'agv' build argument 'cmake_args' from command line to 'None'
[0.339s] Level 5:colcon.colcon_core.verb:set package 'agv' build argument 'cmake_target' from command line to 'None'
[0.339s] Level 5:colcon.colcon_core.verb:set package 'agv' build argument 'cmake_target_skip_unavailable' from command line to 'False'
[0.339s] Level 5:colcon.colcon_core.verb:set package 'agv' build argument 'cmake_clean_cache' from command line to 'False'
[0.339s] Level 5:colcon.colcon_core.verb:set package 'agv' build argument 'cmake_clean_first' from command line to 'False'
[0.339s] Level 5:colcon.colcon_core.verb:set package 'agv' build argument 'cmake_force_configure' from command line to 'False'
[0.339s] Level 5:colcon.colcon_core.verb:set package 'agv' build argument 'ament_cmake_args' from command line to 'None'
[0.339s] Level 5:colcon.colcon_core.verb:set package 'agv' build argument 'catkin_cmake_args' from command line to 'None'
[0.339s] Level 5:colcon.colcon_core.verb:set package 'agv' build argument 'catkin_skip_building_tests' from command line to 'False'
[0.339s] DEBUG:colcon.colcon_core.verb:Building package 'agv' with the following arguments: {'ament_cmake_args': None, 'build_base': '/home/sanket/Documents/XP_Robotics/StepFile_gazebo/AGV/build/agv', 'catkin_cmake_args': None, 'catkin_skip_building_tests': False, 'cmake_args': None, 'cmake_clean_cache': False, 'cmake_clean_first': False, 'cmake_force_configure': False, 'cmake_target': None, 'cmake_target_skip_unavailable': False, 'install_base': '/home/sanket/Documents/XP_Robotics/StepFile_gazebo/AGV/install/agv', 'merge_install': False, 'path': '/home/sanket/Documents/XP_Robotics/StepFile_gazebo/AGV', 'symlink_install': False, 'test_result_base': None}
[0.339s] INFO:colcon.colcon_core.executor:Executing jobs using 'parallel' executor
[0.340s] DEBUG:colcon.colcon_parallel_executor.executor.parallel:run_until_complete
[0.340s] INFO:colcon.colcon_ros.task.ament_python.build:Building ROS package in '/home/sanket/Documents/XP_Robotics/StepFile_gazebo/AGV' with build type 'ament_python'
[0.341s] Level 1:colcon.colcon_core.shell:create_environment_hook('agv', 'ament_prefix_path')
[0.342s] INFO:colcon.colcon_core.plugin_system:Skipping extension 'colcon_core.shell.bat': Not used on non-Windows systems
[0.343s] INFO:colcon.colcon_core.shell:Creating environment hook '/home/sanket/Documents/XP_Robotics/StepFile_gazebo/AGV/install/agv/share/agv/hook/ament_prefix_path.ps1'
[0.343s] INFO:colcon.colcon_core.shell:Creating environment descriptor '/home/sanket/Documents/XP_Robotics/StepFile_gazebo/AGV/install/agv/share/agv/hook/ament_prefix_path.dsv'
[0.344s] INFO:colcon.colcon_core.shell:Creating environment hook '/home/sanket/Documents/XP_Robotics/StepFile_gazebo/AGV/install/agv/share/agv/hook/ament_prefix_path.sh'
[0.344s] INFO:colcon.colcon_core.shell:Skip shell extension 'powershell' for command environment: Not usable outside of PowerShell
[0.344s] DEBUG:colcon.colcon_core.shell:Skip shell extension 'dsv' for command environment
[0.582s] INFO:colcon.colcon_core.task.python.build:Building Python package in '/home/sanket/Documents/XP_Robotics/StepFile_gazebo/AGV'
[0.583s] INFO:colcon.colcon_core.shell:Skip shell extension 'powershell' for command environment: Not usable outside of PowerShell
[0.583s] DEBUG:colcon.colcon_core.shell:Skip shell extension 'dsv' for command environment
[0.889s] DEBUG:colcon.colcon_core.task.python.build:Available setuptools commands: build_ext, bdist_wheel, install_data, sdist, egg_info, install_headers, upload, alias, clean, symlink_data, install, install_lib, install_scripts, build_clib, build_py, register, easy_install, saveopts, bdist_dumb, develop, bdist_egg, setopt, compile_catalog, rotate, extract_messages, bdist, update_catalog, upload_docs, build_scripts, test, bdist_rpm, dist_info, build, check, install_egg_info, init_catalog
[0.891s] DEBUG:colcon.colcon_core.event_handler.log_command:Invoking command in '/home/sanket/Documents/XP_Robotics/StepFile_gazebo/AGV': PYTHONPATH=/home/sanket/Documents/XP_Robotics/StepFile_gazebo/AGV/build/agv/prefix_override:/usr/lib/python3/dist-packages/colcon_core/task/python/colcon_distutils_commands:/home/sanket/Documents/XP_Robotics/StepFile_gazebo/AGV/install/agv/lib/python3.10/site-packages:${PYTHONPATH} /usr/bin/python3 -W ignore:setup.py install is deprecated -W ignore:easy_install command is deprecated setup.py egg_info --egg-base build/agv build --build-base /home/sanket/Documents/XP_Robotics/StepFile_gazebo/AGV/build/agv/build install --record /home/sanket/Documents/XP_Robotics/StepFile_gazebo/AGV/build/agv/install.log --install-scripts $base/lib/agv --single-version-externally-managed install_data
[1.165s] DEBUG:colcon.colcon_core.event_handler.log_command:Invoked command in '/home/sanket/Documents/XP_Robotics/StepFile_gazebo/AGV' returned '0': PYTHONPATH=/home/sanket/Documents/XP_Robotics/StepFile_gazebo/AGV/build/agv/prefix_override:/usr/lib/python3/dist-packages/colcon_core/task/python/colcon_distutils_commands:/home/sanket/Documents/XP_Robotics/StepFile_gazebo/AGV/install/agv/lib/python3.10/site-packages:${PYTHONPATH} /usr/bin/python3 -W ignore:setup.py install is deprecated -W ignore:easy_install command is deprecated setup.py egg_info --egg-base build/agv build --build-base /home/sanket/Documents/XP_Robotics/StepFile_gazebo/AGV/build/agv/build install --record /home/sanket/Documents/XP_Robotics/StepFile_gazebo/AGV/build/agv/install.log --install-scripts $base/lib/agv --single-version-externally-managed install_data
[1.167s] Level 1:colcon.colcon_core.environment:checking '/home/sanket/Documents/XP_Robotics/StepFile_gazebo/AGV/install/agv' for CMake module files
[1.168s] Level 1:colcon.colcon_core.environment:checking '/home/sanket/Documents/XP_Robotics/StepFile_gazebo/AGV/install/agv' for CMake config files
[1.168s] Level 1:colcon.colcon_core.environment:checking '/home/sanket/Documents/XP_Robotics/StepFile_gazebo/AGV/install/agv/lib'
[1.168s] Level 1:colcon.colcon_core.environment:checking '/home/sanket/Documents/XP_Robotics/StepFile_gazebo/AGV/install/agv/bin'
[1.169s] Level 1:colcon.colcon_core.environment:checking '/home/sanket/Documents/XP_Robotics/StepFile_gazebo/AGV/install/agv/lib/pkgconfig/agv.pc'
[1.169s] Level 1:colcon.colcon_core.environment:checking '/home/sanket/Documents/XP_Robotics/StepFile_gazebo/AGV/install/agv/lib/python3.10/site-packages'
[1.169s] Level 1:colcon.colcon_core.shell:create_environment_hook('agv', 'pythonpath')
[1.169s] INFO:colcon.colcon_core.shell:Creating environment hook '/home/sanket/Documents/XP_Robotics/StepFile_gazebo/AGV/install/agv/share/agv/hook/pythonpath.ps1'
[1.169s] INFO:colcon.colcon_core.shell:Creating environment descriptor '/home/sanket/Documents/XP_Robotics/StepFile_gazebo/AGV/install/agv/share/agv/hook/pythonpath.dsv'
[1.170s] INFO:colcon.colcon_core.shell:Creating environment hook '/home/sanket/Documents/XP_Robotics/StepFile_gazebo/AGV/install/agv/share/agv/hook/pythonpath.sh'
[1.170s] Level 1:colcon.colcon_core.environment:checking '/home/sanket/Documents/XP_Robotics/StepFile_gazebo/AGV/install/agv/bin'
[1.170s] Level 1:colcon.colcon_core.environment:create_environment_scripts_only(agv)
[1.170s] INFO:colcon.colcon_core.shell:Creating package script '/home/sanket/Documents/XP_Robotics/StepFile_gazebo/AGV/install/agv/share/agv/package.ps1'
[1.171s] INFO:colcon.colcon_core.shell:Creating package descriptor '/home/sanket/Documents/XP_Robotics/StepFile_gazebo/AGV/install/agv/share/agv/package.dsv'
[1.172s] INFO:colcon.colcon_core.shell:Creating package script '/home/sanket/Documents/XP_Robotics/StepFile_gazebo/AGV/install/agv/share/agv/package.sh'
[1.172s] INFO:colcon.colcon_core.shell:Creating package script '/home/sanket/Documents/XP_Robotics/StepFile_gazebo/AGV/install/agv/share/agv/package.bash'
[1.173s] INFO:colcon.colcon_core.shell:Creating package script '/home/sanket/Documents/XP_Robotics/StepFile_gazebo/AGV/install/agv/share/agv/package.zsh'
[1.173s] Level 1:colcon.colcon_core.environment:create_file_with_runtime_dependencies(/home/sanket/Documents/XP_Robotics/StepFile_gazebo/AGV/install/agv/share/colcon-core/packages/agv)
[1.174s] DEBUG:colcon.colcon_parallel_executor.executor.parallel:closing loop
[1.174s] DEBUG:colcon.colcon_parallel_executor.executor.parallel:loop closed
[1.174s] DEBUG:colcon.colcon_parallel_executor.executor.parallel:run_until_complete finished with '0'
[1.174s] DEBUG:colcon.colcon_core.event_reactor:joining thread
[1.179s] INFO:colcon.colcon_core.plugin_system:Skipping extension 'colcon_notification.desktop_notification.terminal_notifier': Not used on non-Darwin systems
[1.179s] INFO:colcon.colcon_core.plugin_system:Skipping extension 'colcon_notification.desktop_notification.win32': Not used on non-Windows systems
[1.179s] INFO:colcon.colcon_notification.desktop_notification:Sending desktop notification using 'notify2'
[1.189s] DEBUG:colcon.colcon_core.event_reactor:joined thread
[1.189s] INFO:colcon.colcon_core.shell:Creating prefix script '/home/sanket/Documents/XP_Robotics/StepFile_gazebo/AGV/install/local_setup.ps1'
[1.190s] INFO:colcon.colcon_core.shell:Creating prefix util module '/home/sanket/Documents/XP_Robotics/StepFile_gazebo/AGV/install/_local_setup_util_ps1.py'
[1.192s] INFO:colcon.colcon_core.shell:Creating prefix chain script '/home/sanket/Documents/XP_Robotics/StepFile_gazebo/AGV/install/setup.ps1'
[1.193s] INFO:colcon.colcon_core.shell:Creating prefix script '/home/sanket/Documents/XP_Robotics/StepFile_gazebo/AGV/install/local_setup.sh'
[1.194s] INFO:colcon.colcon_core.shell:Creating prefix util module '/home/sanket/Documents/XP_Robotics/StepFile_gazebo/AGV/install/_local_setup_util_sh.py'
[1.195s] INFO:colcon.colcon_core.shell:Creating prefix chain script '/home/sanket/Documents/XP_Robotics/StepFile_gazebo/AGV/install/setup.sh'
[1.196s] INFO:colcon.colcon_core.shell:Creating prefix script '/home/sanket/Documents/XP_Robotics/StepFile_gazebo/AGV/install/local_setup.bash'
[1.196s] INFO:colcon.colcon_core.shell:Creating prefix chain script '/home/sanket/Documents/XP_Robotics/StepFile_gazebo/AGV/install/setup.bash'
[1.197s] INFO:colcon.colcon_core.shell:Creating prefix script '/home/sanket/Documents/XP_Robotics/StepFile_gazebo/AGV/install/local_setup.zsh'
[1.198s] INFO:colcon.colcon_core.shell:Creating prefix chain script '/home/sanket/Documents/XP_Robotics/StepFile_gazebo/AGV/install/setup.zsh'
