[0.000000] (-) TimerEvent: {}
[0.000251] (agv) JobQueued: {'identifier': 'agv', 'dependencies': OrderedDict()}
[0.000440] (agv) JobStarted: {'identifier': 'agv'}
[0.099826] (-) TimerEvent: {}
[0.200102] (-) TimerEvent: {}
[0.300494] (-) TimerEvent: {}
[0.401071] (-) TimerEvent: {}
[0.501322] (-) TimerEvent: {}
[0.601772] (-) TimerEvent: {}
[0.664959] (agv) Command: {'cmd': ['/usr/bin/python3', '-W', 'ignore:setup.py install is deprecated', '-W', 'ignore:easy_install command is deprecated', 'setup.py', 'egg_info', '--egg-base', 'build/agv', 'build', '--build-base', '/home/sanket/Documents/XP_Robotics/StepFile_gazebo/AGV/build/agv/build', 'install', '--record', '/home/sanket/Documents/XP_Robotics/StepFile_gazebo/AGV/build/agv/install.log', '--install-scripts', '$base/lib/agv', '--single-version-externally-managed', 'install_data'], 'cwd': '/home/sanket/Documents/XP_Robotics/StepFile_gazebo/AGV', 'env': {'GJS_DEBUG_TOPICS': 'JS ERROR;JS LOG', 'LESSOPEN': '| /usr/bin/lesspipe %s', 'VSCODE_CWD': '/home/sanket', 'LANGUAGE': 'en_IN:en', 'USER': 'sanket', 'VSCODE_NLS_CONFIG': '{"userLocale":"en-gb","osLocale":"en-in","resolvedLanguage":"en","defaultMessagesFile":"/usr/share/antigravity/resources/app/out/nls.messages.json","locale":"en-gb","availableLanguages":{}}', 'XDG_SESSION_TYPE': 'x11', 'SHLVL': '0', 'LD_LIBRARY_PATH': '/usr/lib/x86_64-linux-gnu/gazebo-11/plugins:/opt/ros/humble/opt/rviz_ogre_vendor/lib:/opt/ros/humble/lib/x86_64-linux-gnu:/opt/ros/humble/lib', 'HOME': '/home/sanket', 'CHROME_DESKTOP': 'antigravity.desktop', 'DESKTOP_SESSION': 'ubuntu', 'NVM_BIN': '/home/sanket/.nvm/versions/node/v20.19.4/bin', 'NVM_INC': '/home/sanket/.nvm/versions/node/v20.19.4/include/node', 'VSCODE_IPC_HOOK': '/run/user/1000/vscode-bf2a475c-1.10-main.sock', 'GIO_LAUNCHED_DESKTOP_FILE': '/usr/share/applications/antigravity.desktop', 'ROS_PYTHON_VERSION': '3', 'GNOME_SHELL_SESSION_MODE': 'ubuntu', 'GTK_MODULES': 'gail:atk-bridge', 'PAGER': 'cat', 'MANAGERPID': '2361', 'SYSTEMD_EXEC_PID': '2680', 'DBUS_SESSION_BUS_ADDRESS': 'unix:path=/run/user/1000/bus', 'ANTIGRAVITY_AGENT': '1', 'GIO_LAUNCHED_DESKTOP_FILE_PID': '42247', 'NVM_DIR': '/home/sanket/.nvm', 'MANDATORY_PATH': '/usr/share/gconf/ubuntu.mandatory.path', 'IM_CONFIG_PHASE': '1', 'WAYLAND_DISPLAY': '', 'COLCON_PREFIX_PATH': '/home/sanket/stair_robot_ws/install:/home/sanket/ros2_ws/install:/home/sanket/robot_ws/install', 'ROS_DISTRO': 'humble', 'GTK_IM_MODULE': 'ibus', 'LOGNAME': 'sanket', '_': '/usr/bin/colcon', 'JOURNAL_STREAM': '8:17153', 'ROS_VERSION': '2', 'XDG_SESSION_CLASS': 'user', 'DEFAULTS_PATH': '/usr/share/gconf/ubuntu.default.path', 'USERNAME': 'sanket', 'TERM': 'dumb', 'GNOME_DESKTOP_SESSION_ID': 'this-is-deprecated', 'FC_FONTATIONS': '1', 'ROS_LOCALHOST_ONLY': '0', 'WINDOWPATH': '2', 'ANTIGRAVITY_EDITOR_APP_ROOT': '/usr/share/antigravity/resources/app', 'PATH': '/home/sanket/.local/bin:/home/sanket/bin:/home/sanket/.npm-global/bin:/home/sanket/.nvm/versions/node/v20.19.4/bin:/home/sanket/robot_ws/install/slam_robot/bin:/opt/ros/humble/bin:/home/sanket/.local/bin:/home/sanket/bin:/usr/local/sbin:/usr/local/bin:/usr/sbin:/usr/bin:/sbin:/bin:/usr/games:/usr/local/games:/snap/bin:/snap/bin', 'SESSION_MANAGER': 'local/sanket-Victus-by-HP-Laptop-16-d0xxx:@/tmp/.ICE-unix/2647,unix/sanket-Victus-by-HP-Laptop-16-d0xxx:/tmp/.ICE-unix/2647', 'INVOCATION_ID': '7f1775e6c17b4ec48f9010d5d4824284', 'XDG_MENU_PREFIX': 'gnome-', 'XDG_RUNTIME_DIR': '/run/user/1000', 'GDK_BACKEND': 'x11', 'DISPLAY': ':0', 'LANG': 'en_US.UTF-8', 'XDG_CURRENT_DESKTOP': 'ubuntu:GNOME', 'XMODIFIERS': '@im=ibus', 'XDG_SESSION_DESKTOP': 'ubuntu', 'XAUTHORITY': '/run/user/1000/gdm/Xauthority', 'LS_COLORS': '', 'SSH_AGENT_LAUNCHER': 'gnome-keyring', 'SSH_AUTH_SOCK': '/run/user/1000/keyring/ssh', 'AMENT_PREFIX_PATH': '/home/sanket/stair_robot_ws/install/stair_robot:/home/sanket/ros2_ws/install/qt_gui_ros2:/home/sanket/ros2_ws/install/my_robot_controller:/home/sanket/robot_ws/install/slam_robot:/opt/ros/humble', 'SHELL': '/bin/bash', 'QT_ACCESSIBILITY': '1', 'GDMSESSION': 'ubuntu', 'LESSCLOSE': '/usr/bin/lesspipe %s %s', 'GPG_AGENT_INFO': '/run/user/1000/gnupg/S.gpg-agent:0:1', 'GJS_DEBUG_OUTPUT': 'stderr', 'QT_IM_MODULE': 'ibus', 'ANTIGRAVITY_TRAJECTORY_ID': '50da34de-3f6a-4b6f-8d8d-dc63f58d9cd1', 'PWD': '/home/sanket/Documents/XP_Robotics/StepFile_gazebo/AGV/build/agv', 'QT_QPA_PLATFORM': 'xcb', 'TURTLEBOT3_MODEL': 'waffle', 'LC_ALL': 'en_US.UTF-8', 'XDG_CONFIG_DIRS': '/etc/xdg/xdg-ubuntu:/etc/xdg', 'VSCODE_CODE_CACHE_PATH': '/home/sanket/.config/Antigravity/CachedData/15487b3041e65228cae24980a3f796c905ef582c', 'NVM_CD_FLAGS': '', 'XDG_DATA_DIRS': '/usr/share/ubuntu:/usr/share/gnome:/usr/local/share/:/usr/share/:/var/lib/snapd/desktop', 'PYTHONPATH': '/home/sanket/Documents/XP_Robotics/StepFile_gazebo/AGV/build/agv/prefix_override:/usr/lib/python3/dist-packages/colcon_core/task/python/colcon_distutils_commands:/home/sanket/Documents/XP_Robotics/StepFile_gazebo/AGV/install/agv/lib/python3.10/site-packages:/home/sanket/ros2_ws/install/my_robot_controller/lib/python3.10/site-packages:/home/sanket/robot_ws/install/slam_robot/lib/python3.10/site-packages:/opt/ros/humble/lib/python3.10/site-packages:/opt/ros/humble/local/lib/python3.10/dist-packages', 'COLCON': '1', 'CMAKE_PREFIX_PATH': '/home/sanket/stair_robot_ws/install/stair_robot:/home/sanket/ros2_ws/install/qt_gui_ros2', 'VSCODE_PID': '42247'}, 'shell': False}
[0.701845] (-) TimerEvent: {}
[0.802089] (-) TimerEvent: {}
[0.888361] (agv) StdoutLine: {'line': b'running egg_info\n'}
[0.888729] (agv) StdoutLine: {'line': b'creating build/agv/agv.egg-info\n'}
[0.888894] (agv) StdoutLine: {'line': b'writing build/agv/agv.egg-info/PKG-INFO\n'}
[0.889022] (agv) StdoutLine: {'line': b'writing dependency_links to build/agv/agv.egg-info/dependency_links.txt\n'}
[0.889108] (agv) StdoutLine: {'line': b'writing entry points to build/agv/agv.egg-info/entry_points.txt\n'}
[0.889190] (agv) StdoutLine: {'line': b'writing requirements to build/agv/agv.egg-info/requires.txt\n'}
[0.889230] (agv) StdoutLine: {'line': b'writing top-level names to build/agv/agv.egg-info/top_level.txt\n'}
[0.889352] (agv) StdoutLine: {'line': b"writing manifest file 'build/agv/agv.egg-info/SOURCES.txt'\n"}
[0.890646] (agv) StdoutLine: {'line': b"reading manifest file 'build/agv/agv.egg-info/SOURCES.txt'\n"}
[0.891183] (agv) StdoutLine: {'line': b"writing manifest file 'build/agv/agv.egg-info/SOURCES.txt'\n"}
[0.891245] (agv) StdoutLine: {'line': b'running build\n'}
[0.891282] (agv) StdoutLine: {'line': b'running build_py\n'}
[0.891327] (agv) StdoutLine: {'line': b'creating /home/sanket/Documents/XP_Robotics/StepFile_gazebo/AGV/build/agv/build\n'}
[0.891379] (agv) StdoutLine: {'line': b'creating /home/sanket/Documents/XP_Robotics/StepFile_gazebo/AGV/build/agv/build/lib\n'}
[0.891435] (agv) StdoutLine: {'line': b'creating /home/sanket/Documents/XP_Robotics/StepFile_gazebo/AGV/build/agv/build/lib/agv\n'}
[0.891471] (agv) StdoutLine: {'line': b'copying agv/goal_pid_controller.py -> /home/sanket/Documents/XP_Robotics/StepFile_gazebo/AGV/build/agv/build/lib/agv\n'}
[0.891515] (agv) StdoutLine: {'line': b'copying agv/__init__.py -> /home/sanket/Documents/XP_Robotics/StepFile_gazebo/AGV/build/agv/build/lib/agv\n'}
[0.891570] (agv) StdoutLine: {'line': b'running install\n'}
[0.891782] (agv) StdoutLine: {'line': b'running install_lib\n'}
[0.892257] (agv) StdoutLine: {'line': b'creating /home/sanket/Documents/XP_Robotics/StepFile_gazebo/AGV/install/agv/lib/python3.10/site-packages/agv\n'}
[0.892314] (agv) StdoutLine: {'line': b'copying /home/sanket/Documents/XP_Robotics/StepFile_gazebo/AGV/build/agv/build/lib/agv/goal_pid_controller.py -> /home/sanket/Documents/XP_Robotics/StepFile_gazebo/AGV/install/agv/lib/python3.10/site-packages/agv\n'}
[0.892372] (agv) StdoutLine: {'line': b'copying /home/sanket/Documents/XP_Robotics/StepFile_gazebo/AGV/build/agv/build/lib/agv/__init__.py -> /home/sanket/Documents/XP_Robotics/StepFile_gazebo/AGV/install/agv/lib/python3.10/site-packages/agv\n'}
[0.892712] (agv) StdoutLine: {'line': b'byte-compiling /home/sanket/Documents/XP_Robotics/StepFile_gazebo/AGV/install/agv/lib/python3.10/site-packages/agv/goal_pid_controller.py to goal_pid_controller.cpython-310.pyc\n'}
[0.893323] (agv) StdoutLine: {'line': b'byte-compiling /home/sanket/Documents/XP_Robotics/StepFile_gazebo/AGV/install/agv/lib/python3.10/site-packages/agv/__init__.py to __init__.cpython-310.pyc\n'}
[0.893421] (agv) StdoutLine: {'line': b'running install_data\n'}
[0.893469] (agv) StdoutLine: {'line': b'creating /home/sanket/Documents/XP_Robotics/StepFile_gazebo/AGV/install/agv/share/ament_index\n'}
[0.893523] (agv) StdoutLine: {'line': b'creating /home/sanket/Documents/XP_Robotics/StepFile_gazebo/AGV/install/agv/share/ament_index/resource_index\n'}
[0.893561] (agv) StdoutLine: {'line': b'creating /home/sanket/Documents/XP_Robotics/StepFile_gazebo/AGV/install/agv/share/ament_index/resource_index/packages\n'}
[0.893615] (agv) StdoutLine: {'line': b'copying resource/agv -> /home/sanket/Documents/XP_Robotics/StepFile_gazebo/AGV/install/agv/share/ament_index/resource_index/packages\n'}
[0.893651] (agv) StdoutLine: {'line': b'copying package.xml -> /home/sanket/Documents/XP_Robotics/StepFile_gazebo/AGV/install/agv/share/agv\n'}
[0.893714] (agv) StdoutLine: {'line': b'creating /home/sanket/Documents/XP_Robotics/StepFile_gazebo/AGV/install/agv/share/agv/launch\n'}
[0.893751] (agv) StdoutLine: {'line': b'copying launch/agv_bringup.launch.py -> /home/sanket/Documents/XP_Robotics/StepFile_gazebo/AGV/install/agv/share/agv/launch\n'}
[0.893807] (agv) StdoutLine: {'line': b'creating /home/sanket/Documents/XP_Robotics/StepFile_gazebo/AGV/install/agv/share/agv/config\n'}
[0.893864] (agv) StdoutLine: {'line': b'copying config/agv.rviz -> /home/sanket/Documents/XP_Robotics/StepFile_gazebo/AGV/install/agv/share/agv/config\n'}
[0.893903] (agv) StdoutLine: {'line': b'copying AGV.urdf -> /home/sanket/Documents/XP_Robotics/StepFile_gazebo/AGV/install/agv/share/agv\n'}
[0.896085] (agv) StdoutLine: {'line': b'copying AGV.sdf -> /home/sanket/Documents/XP_Robotics/StepFile_gazebo/AGV/install/agv/share/agv\n'}
[0.896255] (agv) StdoutLine: {'line': b'copying AGV.world -> /home/sanket/Documents/XP_Robotics/StepFile_gazebo/AGV/install/agv/share/agv\n'}
[0.896371] (agv) StdoutLine: {'line': b'creating /home/sanket/Documents/XP_Robotics/StepFile_gazebo/AGV/install/agv/share/agv/meshes\n'}
[0.896423] (agv) StdoutLine: {'line': b'copying meshes/scanner-v2.stl -> /home/sanket/Documents/XP_Robotics/StepFile_gazebo/AGV/install/agv/share/agv/meshes\n'}
[0.896870] (agv) StdoutLine: {'line': b'copying meshes/ZLtech_6.5inch-v3-1.stl -> /home/sanket/Documents/XP_Robotics/StepFile_gazebo/AGV/install/agv/share/agv/meshes\n'}
[0.897476] (agv) StdoutLine: {'line': b'copying meshes/AGV_Body-v1.stl -> /home/sanket/Documents/XP_Robotics/StepFile_gazebo/AGV/install/agv/share/agv/meshes\n'}
[0.902170] (-) TimerEvent: {}
[0.903609] (agv) StdoutLine: {'line': b'copying meshes/ZLtech_6.5inch-v3.stl -> /home/sanket/Documents/XP_Robotics/StepFile_gazebo/AGV/install/agv/share/agv/meshes\n'}
[0.903976] (agv) StdoutLine: {'line': b'running install_egg_info\n'}
[0.905852] (agv) StdoutLine: {'line': b'Copying build/agv/agv.egg-info to /home/sanket/Documents/XP_Robotics/StepFile_gazebo/AGV/install/agv/lib/python3.10/site-packages/agv-0.0.0-py3.10.egg-info\n'}
[0.906460] (agv) StdoutLine: {'line': b'running install_scripts\n'}
[0.920709] (agv) StdoutLine: {'line': b'Installing goal_pid_controller script to /home/sanket/Documents/XP_Robotics/StepFile_gazebo/AGV/install/agv/lib/agv\n'}
[0.920923] (agv) StdoutLine: {'line': b"writing list of installed files to '/home/sanket/Documents/XP_Robotics/StepFile_gazebo/AGV/build/agv/install.log'\n"}
[0.945159] (agv) CommandEnded: {'returncode': 0}
[0.957811] (agv) JobEnded: {'identifier': 'agv', 'rc': 0}
[0.958363] (-) EventReactorShutdown: {}
