[0.000000] (-) TimerEvent: {}
[0.000328] (-) JobUnselected: {'identifier': 'grid_navigation'}
[0.000633] (agv) JobQueued: {'identifier': 'agv', 'dependencies': OrderedDict()}
[0.000667] (agv) JobStarted: {'identifier': 'agv'}
[0.099824] (-) TimerEvent: {}
[0.200098] (-) TimerEvent: {}
[0.300335] (-) TimerEvent: {}
[0.400603] (-) TimerEvent: {}
[0.500985] (-) TimerEvent: {}
[0.588678] (agv) Command: {'cmd': ['/usr/bin/python3', '-W', 'ignore:setup.py install is deprecated', '-W', 'ignore:easy_install command is deprecated', 'setup.py', 'egg_info', '--egg-base', '../../build/agv', 'build', '--build-base', '/home/sanket/Documents/XP_Robotics/StepFile_gazebo/AGV/agv_simulation_workspace/build/agv/build', 'install', '--record', '/home/sanket/Documents/XP_Robotics/StepFile_gazebo/AGV/agv_simulation_workspace/build/agv/install.log', '--install-scripts', '$base/lib/agv', '--single-version-externally-managed', 'install_data'], 'cwd': '/home/sanket/Documents/XP_Robotics/StepFile_gazebo/AGV/agv_simulation_workspace/src/agv', 'env': {'GJS_DEBUG_TOPICS': 'JS ERROR;JS LOG', 'LESSOPEN': '| /usr/bin/lesspipe %s', 'VSCODE_CWD': '/home/sanket', 'LANGUAGE': 'en_IN:en', 'USER': 'sanket', 'VSCODE_NLS_CONFIG': '{"userLocale":"en-gb","osLocale":"en-in","resolvedLanguage":"en","defaultMessagesFile":"/usr/share/antigravity/resources/app/out/nls.messages.json","locale":"en-gb","availableLanguages":{}}', 'XDG_SESSION_TYPE': 'wayland', 'SHLVL': '0', 'LD_LIBRARY_PATH': '/usr/lib/x86_64-linux-gnu/gazebo-11/plugins:/opt/ros/humble/opt/rviz_ogre_vendor/lib:/opt/ros/humble/lib/x86_64-linux-gnu:/opt/ros/humble/lib', 'HOME': '/home/sanket', 'CHROME_DESKTOP': 'antigravity.desktop', 'OLDPWD': '/home/sanket/Documents/XP_Robotics/StepFile_gazebo/AGV/agv_simulation_workspace', 'DESKTOP_SESSION': 'ubuntu', 'NVM_BIN': '/home/sanket/.nvm/versions/node/v20.19.4/bin', 'NVM_INC': '/home/sanket/.nvm/versions/node/v20.19.4/include/node', 'VSCODE_IPC_HOOK': '/run/user/1000/vscode-bf2a475c-1.10-main.sock', 'GIO_LAUNCHED_DESKTOP_FILE': '/usr/share/applications/antigravity.desktop', 'ROS_PYTHON_VERSION': '3', 'GNOME_SHELL_SESSION_MODE': 'ubuntu', 'GTK_MODULES': 'gail:atk-bridge', 'PAGER': 'cat', 'MANAGERPID': '2307', 'SYSTEMD_EXEC_PID': '2482', 'IM_CONFIG_CHECK_ENV': '1', 'DBUS_SESSION_BUS_ADDRESS': 'unix:path=/run/user/1000/bus', 'ANTIGRAVITY_AGENT': '1', 'GIO_LAUNCHED_DESKTOP_FILE_PID': '13510', 'NVM_DIR': '/home/sanket/.nvm', 'IM_CONFIG_PHASE': '1', 'WAYLAND_DISPLAY': 'wayland-0', 'COLCON_PREFIX_PATH': '/home/sanket/stair_robot_ws/install:/home/sanket/ros2_ws/install:/home/sanket/robot_ws/install', 'ROS_DISTRO': 'humble', 'LOGNAME': 'sanket', 'JOURNAL_STREAM': '8:22622', '_': '/usr/bin/colcon', 'ROS_VERSION': '2', 'XDG_SESSION_CLASS': 'user', 'USERNAME': 'sanket', 'TERM': 'dumb', 'GNOME_DESKTOP_SESSION_ID': 'this-is-deprecated', 'FC_FONTATIONS': '1', 'ROS_LOCALHOST_ONLY': '0', 'ANTIGRAVITY_EDITOR_APP_ROOT': '/usr/share/antigravity/resources/app', 'PATH': '/home/sanket/.local/bin:/home/sanket/bin:/home/sanket/.npm-global/bin:/home/sanket/.nvm/versions/node/v20.19.4/bin:/home/sanket/robot_ws/install/slam_robot/bin:/opt/ros/humble/bin:/home/sanket/.local/bin:/home/sanket/bin:/usr/local/sbin:/usr/local/bin:/usr/sbin:/usr/bin:/sbin:/bin:/usr/games:/usr/local/games:/snap/bin:/snap/bin', 'SESSION_MANAGER': 'local/sanket-Victus-by-HP-Laptop-16-d0xxx:@/tmp/.ICE-unix/2447,unix/sanket-Victus-by-HP-Laptop-16-d0xxx:/tmp/.ICE-unix/2447', 'INVOCATION_ID': '530b9e61374b459c8e9c82ea3b6be2e5', 'XDG_MENU_PREFIX': 'gnome-', 'GNOME_SETUP_DISPLAY': ':1', 'XDG_RUNTIME_DIR': '/run/user/1000', 'GDK_BACKEND': 'wayland', 'DISPLAY': ':0', 'LANG': 'en_US.UTF-8', 'XDG_CURRENT_DESKTOP': 'ubuntu:GNOME', 'XMODIFIERS': '@im=ibus', 'XDG_SESSION_DESKTOP': 'ubuntu', 'XAUTHORITY': '/run/user/1000/.mutter-Xwaylandauth.XV9FT3', 'LS_COLORS': '', 'SSH_AGENT_LAUNCHER': 'gnome-keyring', 'SSH_AUTH_SOCK': '/run/user/1000/keyring/ssh', 'AMENT_PREFIX_PATH': '/home/sanket/stair_robot_ws/install/stair_robot:/home/sanket/ros2_ws/install/qt_gui_ros2:/home/sanket/ros2_ws/install/my_robot_controller:/home/sanket/robot_ws/install/slam_robot:/opt/ros/humble', 'SHELL': '/bin/bash', 'QT_ACCESSIBILITY': '1', 'GDMSESSION': 'ubuntu', 'LESSCLOSE': '/usr/bin/lesspipe %s %s', 'GJS_DEBUG_OUTPUT': 'stderr', 'QT_IM_MODULE': 'ibus', 'ANTIGRAVITY_TRAJECTORY_ID': '51fa2713-362c-42c1-94b5-edc1ea927781', 'PWD': '/home/sanket/Documents/XP_Robotics/StepFile_gazebo/AGV/agv_simulation_workspace/build/agv', 'TURTLEBOT3_MODEL': 'waffle', 'LC_ALL': 'en_US.UTF-8', 'XDG_CONFIG_DIRS': '/etc/xdg/xdg-ubuntu:/etc/xdg', 'VSCODE_CODE_CACHE_PATH': '/home/sanket/.config/Antigravity/CachedData/15487b3041e65228cae24980a3f796c905ef582c', 'NVM_CD_FLAGS': '', 'XDG_DATA_DIRS': '/usr/share/ubuntu:/usr/local/share/:/usr/share/:/var/lib/snapd/desktop', 'PYTHONPATH': '/home/sanket/Documents/XP_Robotics/StepFile_gazebo/AGV/agv_simulation_workspace/build/agv/prefix_override:/usr/lib/python3/dist-packages/colcon_core/task/python/colcon_distutils_commands:/home/sanket/Documents/XP_Robotics/StepFile_gazebo/AGV/agv_simulation_workspace/install/agv/lib/python3.10/site-packages:/home/sanket/ros2_ws/install/my_robot_controller/lib/python3.10/site-packages:/home/sanket/robot_ws/install/slam_robot/lib/python3.10/site-packages:/opt/ros/humble/lib/python3.10/site-packages:/opt/ros/humble/local/lib/python3.10/dist-packages', 'COLCON': '1', 'CMAKE_PREFIX_PATH': '/home/sanket/stair_robot_ws/install/stair_robot:/home/sanket/ros2_ws/install/qt_gui_ros2', 'VSCODE_PID': '13510'}, 'shell': False}
[0.601089] (-) TimerEvent: {}
[0.701356] (-) TimerEvent: {}
[0.794863] (agv) StdoutLine: {'line': b'running egg_info\n'}
[0.795600] (agv) StdoutLine: {'line': b'writing ../../build/agv/agv.egg-info/PKG-INFO\n'}
[0.795793] (agv) StdoutLine: {'line': b'writing dependency_links to ../../build/agv/agv.egg-info/dependency_links.txt\n'}
[0.795864] (agv) StdoutLine: {'line': b'writing entry points to ../../build/agv/agv.egg-info/entry_points.txt\n'}
[0.795947] (agv) StdoutLine: {'line': b'writing requirements to ../../build/agv/agv.egg-info/requires.txt\n'}
[0.796012] (agv) StdoutLine: {'line': b'writing top-level names to ../../build/agv/agv.egg-info/top_level.txt\n'}
[0.797589] (agv) StdoutLine: {'line': b"reading manifest file '../../build/agv/agv.egg-info/SOURCES.txt'\n"}
[0.798455] (agv) StdoutLine: {'line': b"writing manifest file '../../build/agv/agv.egg-info/SOURCES.txt'\n"}
[0.798536] (agv) StdoutLine: {'line': b'running build\n'}
[0.798606] (agv) StdoutLine: {'line': b'running build_py\n'}
[0.798704] (agv) StdoutLine: {'line': b'copying agv/trajectory_visualizer.py -> /home/sanket/Documents/XP_Robotics/StepFile_gazebo/AGV/agv_simulation_workspace/build/agv/build/lib/agv\n'}
[0.800543] (agv) StdoutLine: {'line': b'running install\n'}
[0.800816] (agv) StdoutLine: {'line': b'running install_lib\n'}
[0.801362] (agv) StdoutLine: {'line': b'copying /home/sanket/Documents/XP_Robotics/StepFile_gazebo/AGV/agv_simulation_workspace/build/agv/build/lib/agv/trajectory_visualizer.py -> /home/sanket/Documents/XP_Robotics/StepFile_gazebo/AGV/agv_simulation_workspace/install/agv/lib/python3.10/site-packages/agv\n'}
[0.801407] (-) TimerEvent: {}
[0.802402] (agv) StdoutLine: {'line': b'byte-compiling /home/sanket/Documents/XP_Robotics/StepFile_gazebo/AGV/agv_simulation_workspace/install/agv/lib/python3.10/site-packages/agv/trajectory_visualizer.py to trajectory_visualizer.cpython-310.pyc\n'}
[0.802955] (agv) StdoutLine: {'line': b'running install_data\n'}
[0.803097] (agv) StdoutLine: {'line': b'copying launch/multi_robot_navigation.launch.py -> /home/sanket/Documents/XP_Robotics/StepFile_gazebo/AGV/agv_simulation_workspace/install/agv/share/agv/launch\n'}
[0.804157] (agv) StdoutLine: {'line': b'running install_egg_info\n'}
[0.805686] (agv) StdoutLine: {'line': b"removing '/home/sanket/Documents/XP_Robotics/StepFile_gazebo/AGV/agv_simulation_workspace/install/agv/lib/python3.10/site-packages/agv-0.0.0-py3.10.egg-info' (and everything under it)\n"}
[0.805877] (agv) StdoutLine: {'line': b'Copying ../../build/agv/agv.egg-info to /home/sanket/Documents/XP_Robotics/StepFile_gazebo/AGV/agv_simulation_workspace/install/agv/lib/python3.10/site-packages/agv-0.0.0-py3.10.egg-info\n'}
[0.806628] (agv) StdoutLine: {'line': b'running install_scripts\n'}
[0.820864] (agv) StdoutLine: {'line': b'Installing analyze_results script to /home/sanket/Documents/XP_Robotics/StepFile_gazebo/AGV/agv_simulation_workspace/install/agv/lib/agv\n'}
[0.822800] (agv) StdoutLine: {'line': b'Installing goal_pid_controller script to /home/sanket/Documents/XP_Robotics/StepFile_gazebo/AGV/agv_simulation_workspace/install/agv/lib/agv\n'}
[0.823009] (agv) StdoutLine: {'line': b'Installing random_orchestrator script to /home/sanket/Documents/XP_Robotics/StepFile_gazebo/AGV/agv_simulation_workspace/install/agv/lib/agv\n'}
[0.823058] (agv) StdoutLine: {'line': b'Installing run_tests script to /home/sanket/Documents/XP_Robotics/StepFile_gazebo/AGV/agv_simulation_workspace/install/agv/lib/agv\n'}
[0.823097] (agv) StdoutLine: {'line': b'Installing test_orchestrator script to /home/sanket/Documents/XP_Robotics/StepFile_gazebo/AGV/agv_simulation_workspace/install/agv/lib/agv\n'}
[0.823133] (agv) StdoutLine: {'line': b'Installing tf_to_odom script to /home/sanket/Documents/XP_Robotics/StepFile_gazebo/AGV/agv_simulation_workspace/install/agv/lib/agv\n'}
[0.823177] (agv) StdoutLine: {'line': b'Installing trajectory_visualizer script to /home/sanket/Documents/XP_Robotics/StepFile_gazebo/AGV/agv_simulation_workspace/install/agv/lib/agv\n'}
[0.823212] (agv) StdoutLine: {'line': b"writing list of installed files to '/home/sanket/Documents/XP_Robotics/StepFile_gazebo/AGV/agv_simulation_workspace/build/agv/install.log'\n"}
[0.844964] (agv) CommandEnded: {'returncode': 0}
[0.854298] (agv) JobEnded: {'identifier': 'agv', 'rc': 0}
[0.854748] (-) EventReactorShutdown: {}
