[0.551s] Invoking command in '/home/sanket/Documents/XP_Robotics/StepFile_gazebo/AGV': PYTHONPATH=/home/sanket/Documents/XP_Robotics/StepFile_gazebo/AGV/build/agv/prefix_override:/usr/lib/python3/dist-packages/colcon_core/task/python/colcon_distutils_commands:/home/sanket/Documents/XP_Robotics/StepFile_gazebo/AGV/install/agv/lib/python3.10/site-packages:${PYTHONPATH} /usr/bin/python3 -W ignore:setup.py install is deprecated -W ignore:easy_install command is deprecated setup.py egg_info --egg-base build/agv build --build-base /home/sanket/Documents/XP_Robotics/StepFile_gazebo/AGV/build/agv/build install --record /home/sanket/Documents/XP_Robotics/StepFile_gazebo/AGV/build/agv/install.log --install-scripts $base/lib/agv --single-version-externally-managed install_data
[0.753s] running egg_info
[0.753s] writing build/agv/agv.egg-info/PKG-INFO
[0.753s] writing dependency_links to build/agv/agv.egg-info/dependency_links.txt
[0.754s] writing entry points to build/agv/agv.egg-info/entry_points.txt
[0.754s] writing requirements to build/agv/agv.egg-info/requires.txt
[0.754s] writing top-level names to build/agv/agv.egg-info/top_level.txt
[0.755s] reading manifest file 'build/agv/agv.egg-info/SOURCES.txt'
[0.759s] writing manifest file 'build/agv/agv.egg-info/SOURCES.txt'
[0.759s] running build
[0.759s] running build_py
[0.759s] copying agv/analyze_results.py -> /home/sanket/Documents/XP_Robotics/StepFile_gazebo/AGV/build/agv/build/lib/agv
[0.759s] running install
[0.759s] running install_lib
[0.760s] copying /home/sanket/Documents/XP_Robotics/StepFile_gazebo/AGV/build/agv/build/lib/agv/analyze_results.py -> /home/sanket/Documents/XP_Robotics/StepFile_gazebo/AGV/install/agv/lib/python3.10/site-packages/agv
[0.761s] byte-compiling /home/sanket/Documents/XP_Robotics/StepFile_gazebo/AGV/install/agv/lib/python3.10/site-packages/agv/analyze_results.py to analyze_results.cpython-310.pyc
[0.762s] running install_data
[0.762s] copying AGV.urdf -> /home/sanket/Documents/XP_Robotics/StepFile_gazebo/AGV/install/agv/share/agv
[0.762s] running install_egg_info
[0.764s] removing '/home/sanket/Documents/XP_Robotics/StepFile_gazebo/AGV/install/agv/lib/python3.10/site-packages/agv-0.0.0-py3.10.egg-info' (and everything under it)
[0.764s] Copying build/agv/agv.egg-info to /home/sanket/Documents/XP_Robotics/StepFile_gazebo/AGV/install/agv/lib/python3.10/site-packages/agv-0.0.0-py3.10.egg-info
[0.764s] running install_scripts
[0.780s] Installing analyze_results script to /home/sanket/Documents/XP_Robotics/StepFile_gazebo/AGV/install/agv/lib/agv
[0.780s] Installing goal_pid_controller script to /home/sanket/Documents/XP_Robotics/StepFile_gazebo/AGV/install/agv/lib/agv
[0.780s] Installing run_tests script to /home/sanket/Documents/XP_Robotics/StepFile_gazebo/AGV/install/agv/lib/agv
[0.780s] writing list of installed files to '/home/sanket/Documents/XP_Robotics/StepFile_gazebo/AGV/build/agv/install.log'
[0.800s] Invoked command in '/home/sanket/Documents/XP_Robotics/StepFile_gazebo/AGV' returned '0': PYTHONPATH=/home/sanket/Documents/XP_Robotics/StepFile_gazebo/AGV/build/agv/prefix_override:/usr/lib/python3/dist-packages/colcon_core/task/python/colcon_distutils_commands:/home/sanket/Documents/XP_Robotics/StepFile_gazebo/AGV/install/agv/lib/python3.10/site-packages:${PYTHONPATH} /usr/bin/python3 -W ignore:setup.py install is deprecated -W ignore:easy_install command is deprecated setup.py egg_info --egg-base build/agv build --build-base /home/sanket/Documents/XP_Robotics/StepFile_gazebo/AGV/build/agv/build install --record /home/sanket/Documents/XP_Robotics/StepFile_gazebo/AGV/build/agv/install.log --install-scripts $base/lib/agv --single-version-externally-managed install_data
