[0.000000] (-) TimerEvent: {}
[0.000461] (agv) JobQueued: {'identifier': 'agv', 'dependencies': OrderedDict()}
[0.000792] (agv) JobStarted: {'identifier': 'agv'}
[0.099829] (-) TimerEvent: {}
[0.200503] (-) TimerEvent: {}
[0.300815] (-) TimerEvent: {}
[0.401218] (-) TimerEvent: {}
[0.501622] (-) TimerEvent: {}
[0.601918] (-) TimerEvent: {}
[0.702226] (-) TimerEvent: {}
[0.802603] (-) TimerEvent: {}
[0.902946] (-) TimerEvent: {}
[1.003312] (-) TimerEvent: {}
[1.103665] (-) TimerEvent: {}
[1.204204] (-) TimerEvent: {}
[1.304689] (-) TimerEvent: {}
[1.405092] (-) TimerEvent: {}
[1.506089] (-) TimerEvent: {}
[1.508249] (agv) Command: {'cmd': ['/usr/bin/python3', '-W', 'ignore:setup.py install is deprecated', '-W', 'ignore:easy_install command is deprecated', 'setup.py', 'develop', '--editable', '--build-directory', '/home/sanket/Documents/XP_Robotics/StepFile_gazebo/AGV/agv_simulation_workspace/build/agv/build', '--no-deps', 'symlink_data'], 'cwd': '/home/sanket/Documents/XP_Robotics/StepFile_gazebo/AGV/agv_simulation_workspace/build/agv', 'env': {'GJS_DEBUG_TOPICS': 'JS ERROR;JS LOG', 'LESSOPEN': '| /usr/bin/lesspipe %s', 'VSCODE_CWD': '/home/sanket', 'LANGUAGE': 'en_IN:en', 'USER': 'sanket', 'VSCODE_NLS_CONFIG': '{"userLocale":"en-gb","osLocale":"en-in","resolvedLanguage":"en","defaultMessagesFile":"/usr/share/antigravity/resources/app/out/nls.messages.json","locale":"en-gb","availableLanguages":{}}', 'XDG_SESSION_TYPE': 'x11', 'SHLVL': '0', 'LD_LIBRARY_PATH': '/usr/lib/x86_64-linux-gnu/gazebo-11/plugins:/opt/ros/humble/opt/rviz_ogre_vendor/lib:/opt/ros/humble/lib/x86_64-linux-gnu:/opt/ros/humble/lib', 'HOME': '/home/sanket', 'CHROME_DESKTOP': 'antigravity.desktop', 'DESKTOP_SESSION': 'ubuntu', 'NVM_BIN': '/home/sanket/.nvm/versions/node/v20.19.4/bin', 'NVM_INC': '/home/sanket/.nvm/versions/node/v20.19.4/include/node', 'VSCODE_IPC_HOOK': '/run/user/1000/vscode-bf2a475c-1.10-main.sock', 'GIO_LAUNCHED_DESKTOP_FILE': '/usr/share/applications/antigravity.desktop', 'ROS_PYTHON_VERSION': '3', 'GNOME_SHELL_SESSION_MODE': 'ubuntu', 'GTK_MODULES': 'gail:atk-bridge', 'PAGER': 'cat', 'MANAGERPID': '2369', 'SYSTEMD_EXEC_PID': '2703', 'DBUS_SESSION_BUS_ADDRESS': 'unix:path=/run/user/1000/bus', 'ANTIGRAVITY_AGENT': '1', 'GIO_LAUNCHED_DESKTOP_FILE_PID': '7488', 'NVM_DIR': '/home/sanket/.nvm', 'MANDATORY_PATH': '/usr/share/gconf/ubuntu.mandatory.path', 'IM_CONFIG_PHASE': '1', 'WAYLAND_DISPLAY': '', 'COLCON_PREFIX_PATH': '/home/sanket/stair_robot_ws/install:/home/sanket/ros2_ws/install:/home/sanket/robot_ws/install', 'ROS_DISTRO': 'humble', 'GTK_IM_MODULE': 'ibus', 'LOGNAME': 'sanket', '_': '/usr/bin/colcon', 'JOURNAL_STREAM': '8:24629', 'ROS_VERSION': '2', 'XDG_SESSION_CLASS': 'user', 'DEFAULTS_PATH': '/usr/share/gconf/ubuntu.default.path', 'USERNAME': 'sanket', 'TERM': 'dumb', 'GNOME_DESKTOP_SESSION_ID': 'this-is-deprecated', 'FC_FONTATIONS': '1', 'ROS_LOCALHOST_ONLY': '0', 'WINDOWPATH': '2', 'ANTIGRAVITY_EDITOR_APP_ROOT': '/usr/share/antigravity/resources/app', 'PATH': '/home/sanket/.local/bin:/home/sanket/bin:/home/sanket/.npm-global/bin:/home/sanket/.nvm/versions/node/v20.19.4/bin:/home/sanket/robot_ws/install/slam_robot/bin:/opt/ros/humble/bin:/home/sanket/.local/bin:/home/sanket/bin:/usr/local/sbin:/usr/local/bin:/usr/sbin:/usr/bin:/sbin:/bin:/usr/games:/usr/local/games:/snap/bin:/snap/bin', 'SESSION_MANAGER': 'local/sanket-Victus-by-HP-Laptop-16-d0xxx:@/tmp/.ICE-unix/2670,unix/sanket-Victus-by-HP-Laptop-16-d0xxx:/tmp/.ICE-unix/2670', 'INVOCATION_ID': 'ea6a2bca89b24ab4ba76817a3543b337', 'XDG_MENU_PREFIX': 'gnome-', 'XDG_RUNTIME_DIR': '/run/user/1000', 'GDK_BACKEND': 'x11', 'DISPLAY': ':0', 'LANG': 'en_US.UTF-8', 'XDG_CURRENT_DESKTOP': 'ubuntu:GNOME', 'XMODIFIERS': '@im=ibus', 'XDG_SESSION_DESKTOP': 'ubuntu', 'XAUTHORITY': '/run/user/1000/gdm/Xauthority', 'LS_COLORS': '', 'SSH_AGENT_LAUNCHER': 'gnome-keyring', 'SSH_AUTH_SOCK': '/run/user/1000/keyring/ssh', 'AMENT_PREFIX_PATH': '/home/sanket/stair_robot_ws/install/stair_robot:/home/sanket/ros2_ws/install/qt_gui_ros2:/home/sanket/ros2_ws/install/my_robot_controller:/home/sanket/robot_ws/install/slam_robot:/opt/ros/humble', 'SHELL': '/bin/bash', 'QT_ACCESSIBILITY': '1', 'GDMSESSION': 'ubuntu', 'LESSCLOSE': '/usr/bin/lesspipe %s %s', 'GPG_AGENT_INFO': '/run/user/1000/gnupg/S.gpg-agent:0:1', 'GJS_DEBUG_OUTPUT': 'stderr', 'QT_IM_MODULE': 'ibus', 'ANTIGRAVITY_TRAJECTORY_ID': '51dfee7b-c424-4737-b78f-49bd12ebfd00', 'PWD': '/home/sanket/Documents/XP_Robotics/StepFile_gazebo/AGV/agv_simulation_workspace/build/agv', 'QT_QPA_PLATFORM': 'xcb', 'TURTLEBOT3_MODEL': 'waffle', 'LC_ALL': 'en_US.UTF-8', 'XDG_CONFIG_DIRS': '/etc/xdg/xdg-ubuntu:/etc/xdg', 'VSCODE_CODE_CACHE_PATH': '/home/sanket/.config/Antigravity/CachedData/15487b3041e65228cae24980a3f796c905ef582c', 'NVM_CD_FLAGS': '', 'XDG_DATA_DIRS': '/usr/share/ubuntu:/usr/share/gnome:/usr/local/share/:/usr/share/:/var/lib/snapd/desktop', 'PYTHONPATH': '/home/sanket/Documents/XP_Robotics/StepFile_gazebo/AGV/agv_simulation_workspace/build/agv/prefix_override:/usr/lib/python3/dist-packages/colcon_core/task/python/colcon_distutils_commands:/home/sanket/Documents/XP_Robotics/StepFile_gazebo/AGV/agv_simulation_workspace/install/agv/lib/python3.10/site-packages:/home/sanket/ros2_ws/install/my_robot_controller/lib/python3.10/site-packages:/home/sanket/robot_ws/install/slam_robot/lib/python3.10/site-packages:/opt/ros/humble/lib/python3.10/site-packages:/opt/ros/humble/local/lib/python3.10/dist-packages', 'COLCON': '1', 'CMAKE_PREFIX_PATH': '/home/sanket/stair_robot_ws/install/stair_robot:/home/sanket/ros2_ws/install/qt_gui_ros2', 'VSCODE_PID': '7488'}, 'shell': False}
[1.606306] (-) TimerEvent: {}
[1.707038] (-) TimerEvent: {}
[1.807351] (-) TimerEvent: {}
[1.907815] (-) TimerEvent: {}
[1.913047] (agv) StdoutLine: {'line': b'running develop\n'}
[2.007934] (-) TimerEvent: {}
[2.108315] (-) TimerEvent: {}
[2.208604] (-) TimerEvent: {}
[2.210296] (agv) StdoutLine: {'line': b'running egg_info\n'}
[2.210674] (agv) StdoutLine: {'line': b'writing agv.egg-info/PKG-INFO\n'}
[2.211106] (agv) StdoutLine: {'line': b'writing dependency_links to agv.egg-info/dependency_links.txt\n'}
[2.211374] (agv) StdoutLine: {'line': b'writing entry points to agv.egg-info/entry_points.txt\n'}
[2.211486] (agv) StdoutLine: {'line': b'writing requirements to agv.egg-info/requires.txt\n'}
[2.211603] (agv) StdoutLine: {'line': b'writing top-level names to agv.egg-info/top_level.txt\n'}
[2.214415] (agv) StdoutLine: {'line': b"reading manifest file 'agv.egg-info/SOURCES.txt'\n"}
[2.216806] (agv) StdoutLine: {'line': b"writing manifest file 'agv.egg-info/SOURCES.txt'\n"}
[2.218390] (agv) StdoutLine: {'line': b'running build_ext\n'}
[2.218583] (agv) StdoutLine: {'line': b'Creating /home/sanket/Documents/XP_Robotics/StepFile_gazebo/AGV/agv_simulation_workspace/install/agv/lib/python3.10/site-packages/agv.egg-link (link to .)\n'}
[2.219356] (agv) StdoutLine: {'line': b'Installing analyze_results script to /home/sanket/Documents/XP_Robotics/StepFile_gazebo/AGV/agv_simulation_workspace/install/agv/lib/agv\n'}
[2.219539] (agv) StdoutLine: {'line': b'Installing goal_pid_controller script to /home/sanket/Documents/XP_Robotics/StepFile_gazebo/AGV/agv_simulation_workspace/install/agv/lib/agv\n'}
[2.219785] (agv) StdoutLine: {'line': b'Installing random_orchestrator script to /home/sanket/Documents/XP_Robotics/StepFile_gazebo/AGV/agv_simulation_workspace/install/agv/lib/agv\n'}
[2.219895] (agv) StdoutLine: {'line': b'Installing run_tests script to /home/sanket/Documents/XP_Robotics/StepFile_gazebo/AGV/agv_simulation_workspace/install/agv/lib/agv\n'}
[2.220024] (agv) StdoutLine: {'line': b'Installing test_orchestrator script to /home/sanket/Documents/XP_Robotics/StepFile_gazebo/AGV/agv_simulation_workspace/install/agv/lib/agv\n'}
[2.220148] (agv) StdoutLine: {'line': b'Installing tf_to_odom script to /home/sanket/Documents/XP_Robotics/StepFile_gazebo/AGV/agv_simulation_workspace/install/agv/lib/agv\n'}
[2.220299] (agv) StdoutLine: {'line': b'\n'}
[2.220403] (agv) StdoutLine: {'line': b'Installed /home/sanket/Documents/XP_Robotics/StepFile_gazebo/AGV/agv_simulation_workspace/build/agv\n'}
[2.220490] (agv) StdoutLine: {'line': b'running symlink_data\n'}
[2.220752] (agv) StdoutLine: {'line': b'symbolically linking /home/sanket/Documents/XP_Robotics/StepFile_gazebo/AGV/agv_simulation_workspace/build/agv/config/nav2_params.yaml -> /home/sanket/Documents/XP_Robotics/StepFile_gazebo/AGV/agv_simulation_workspace/install/agv/share/agv/config\n'}
[2.295360] (agv) CommandEnded: {'returncode': 0}
[2.308891] (-) TimerEvent: {}
[2.312084] (agv) JobEnded: {'identifier': 'agv', 'rc': 0}
[2.312764] (-) EventReactorShutdown: {}
