[0.000000] (-) TimerEvent: {}
[0.000373] (agv) JobQueued: {'identifier': 'agv', 'dependencies': OrderedDict()}
[0.004490] (agv) JobStarted: {'identifier': 'agv'}
[0.095928] (-) TimerEvent: {}
[0.196385] (-) TimerEvent: {}
[0.296822] (-) TimerEvent: {}
[0.397234] (-) TimerEvent: {}
[0.498759] (-) TimerEvent: {}
[0.600852] (-) TimerEvent: {}
[0.701547] (-) TimerEvent: {}
[0.801933] (-) TimerEvent: {}
[0.902348] (-) TimerEvent: {}
[1.002750] (-) TimerEvent: {}
[1.103178] (-) TimerEvent: {}
[1.209135] (-) TimerEvent: {}
[1.309614] (-) TimerEvent: {}
[1.410034] (-) TimerEvent: {}
[1.512501] (-) TimerEvent: {}
[1.613784] (-) TimerEvent: {}
[1.717342] (-) TimerEvent: {}
[1.818929] (-) TimerEvent: {}
[1.919372] (-) TimerEvent: {}
[2.004005] (agv) Command: {'cmd': ['/usr/bin/python3', '-W', 'ignore:setup.py install is deprecated', '-W', 'ignore:easy_install command is deprecated', 'setup.py', 'develop', '--editable', '--build-directory', '/home/sanket/Documents/XP_Robotics/StepFile_gazebo/AGV/agv_simulation_workspace/build/agv/build', '--no-deps', 'symlink_data'], 'cwd': '/home/sanket/Documents/XP_Robotics/StepFile_gazebo/AGV/agv_simulation_workspace/build/agv', 'env': {'GJS_DEBUG_TOPICS': 'JS ERROR;JS LOG', 'LESSOPEN': '| /usr/bin/lesspipe %s', 'VSCODE_CWD': '/home/sanket', 'LANGUAGE': 'en_IN:en', 'USER': 'sanket', 'VSCODE_NLS_CONFIG': '{"userLocale":"en-gb","osLocale":"en-in","resolvedLanguage":"en","defaultMessagesFile":"/usr/share/antigravity/resources/app/out/nls.messages.json","locale":"en-gb","availableLanguages":{}}', 'XDG_SESSION_TYPE': 'x11', 'SHLVL': '0', 'LD_LIBRARY_PATH': '/usr/lib/x86_64-linux-gnu/gazebo-11/plugins:/opt/ros/humble/opt/rviz_ogre_vendor/lib:/opt/ros/humble/lib/x86_64-linux-gnu:/opt/ros/humble/lib', 'HOME': '/home/sanket', 'CHROME_DESKTOP': 'antigravity.desktop', 'DESKTOP_SESSION': 'ubuntu', 'NVM_BIN': '/home/sanket/.nvm/versions/node/v20.19.4/bin', 'NVM_INC': '/home/sanket/.nvm/versions/node/v20.19.4/include/node', 'VSCODE_IPC_HOOK': '/run/user/1000/vscode-bf2a475c-1.10-main.sock', 'GIO_LAUNCHED_DESKTOP_FILE': '/usr/share/applications/antigravity.desktop', 'ROS_PYTHON_VERSION': '3', 'GNOME_SHELL_SESSION_MODE': 'ubuntu', 'GTK_MODULES': 'gail:atk-bridge', 'PAGER': 'cat', 'MANAGERPID': '2369', 'SYSTEMD_EXEC_PID': '2703', 'DBUS_SESSION_BUS_ADDRESS': 'unix:path=/run/user/1000/bus', 'ANTIGRAVITY_AGENT': '1', 'GIO_LAUNCHED_DESKTOP_FILE_PID': '7488', 'NVM_DIR': '/home/sanket/.nvm', 'MANDATORY_PATH': '/usr/share/gconf/ubuntu.mandatory.path', 'IM_CONFIG_PHASE': '1', 'WAYLAND_DISPLAY': '', 'COLCON_PREFIX_PATH': '/home/sanket/stair_robot_ws/install:/home/sanket/ros2_ws/install:/home/sanket/robot_ws/install', 'ROS_DISTRO': 'humble', 'GTK_IM_MODULE': 'ibus', 'LOGNAME': 'sanket', '_': '/usr/bin/colcon', 'JOURNAL_STREAM': '8:24629', 'ROS_VERSION': '2', 'XDG_SESSION_CLASS': 'user', 'DEFAULTS_PATH': '/usr/share/gconf/ubuntu.default.path', 'USERNAME': 'sanket', 'TERM': 'dumb', 'GNOME_DESKTOP_SESSION_ID': 'this-is-deprecated', 'FC_FONTATIONS': '1', 'ROS_LOCALHOST_ONLY': '0', 'WINDOWPATH': '2', 'ANTIGRAVITY_EDITOR_APP_ROOT': '/usr/share/antigravity/resources/app', 'PATH': '/home/sanket/.local/bin:/home/sanket/bin:/home/sanket/.npm-global/bin:/home/sanket/.nvm/versions/node/v20.19.4/bin:/home/sanket/robot_ws/install/slam_robot/bin:/opt/ros/humble/bin:/home/sanket/.local/bin:/home/sanket/bin:/usr/local/sbin:/usr/local/bin:/usr/sbin:/usr/bin:/sbin:/bin:/usr/games:/usr/local/games:/snap/bin:/snap/bin', 'SESSION_MANAGER': 'local/sanket-Victus-by-HP-Laptop-16-d0xxx:@/tmp/.ICE-unix/2670,unix/sanket-Victus-by-HP-Laptop-16-d0xxx:/tmp/.ICE-unix/2670', 'INVOCATION_ID': 'ea6a2bca89b24ab4ba76817a3543b337', 'XDG_MENU_PREFIX': 'gnome-', 'XDG_RUNTIME_DIR': '/run/user/1000', 'GDK_BACKEND': 'x11', 'DISPLAY': ':0', 'LANG': 'en_US.UTF-8', 'XDG_CURRENT_DESKTOP': 'ubuntu:GNOME', 'XMODIFIERS': '@im=ibus', 'XDG_SESSION_DESKTOP': 'ubuntu', 'XAUTHORITY': '/run/user/1000/gdm/Xauthority', 'LS_COLORS': '', 'SSH_AGENT_LAUNCHER': 'gnome-keyring', 'SSH_AUTH_SOCK': '/run/user/1000/keyring/ssh', 'AMENT_PREFIX_PATH': '/home/sanket/stair_robot_ws/install/stair_robot:/home/sanket/ros2_ws/install/qt_gui_ros2:/home/sanket/ros2_ws/install/my_robot_controller:/home/sanket/robot_ws/install/slam_robot:/opt/ros/humble', 'SHELL': '/bin/bash', 'QT_ACCESSIBILITY': '1', 'GDMSESSION': 'ubuntu', 'LESSCLOSE': '/usr/bin/lesspipe %s %s', 'GPG_AGENT_INFO': '/run/user/1000/gnupg/S.gpg-agent:0:1', 'GJS_DEBUG_OUTPUT': 'stderr', 'QT_IM_MODULE': 'ibus', 'ANTIGRAVITY_TRAJECTORY_ID': '2c1a709f-8139-4379-837f-b39ef7d48acd', 'PWD': '/home/sanket/Documents/XP_Robotics/StepFile_gazebo/AGV/agv_simulation_workspace/build/agv', 'QT_QPA_PLATFORM': 'xcb', 'TURTLEBOT3_MODEL': 'waffle', 'LC_ALL': 'en_US.UTF-8', 'XDG_CONFIG_DIRS': '/etc/xdg/xdg-ubuntu:/etc/xdg', 'VSCODE_CODE_CACHE_PATH': '/home/sanket/.config/Antigravity/CachedData/15487b3041e65228cae24980a3f796c905ef582c', 'NVM_CD_FLAGS': '', 'XDG_DATA_DIRS': '/usr/share/ubuntu:/usr/share/gnome:/usr/local/share/:/usr/share/:/var/lib/snapd/desktop', 'PYTHONPATH': '/home/sanket/Documents/XP_Robotics/StepFile_gazebo/AGV/agv_simulation_workspace/build/agv/prefix_override:/usr/lib/python3/dist-packages/colcon_core/task/python/colcon_distutils_commands:/home/sanket/Documents/XP_Robotics/StepFile_gazebo/AGV/agv_simulation_workspace/install/agv/lib/python3.10/site-packages:/home/sanket/ros2_ws/install/my_robot_controller/lib/python3.10/site-packages:/home/sanket/robot_ws/install/slam_robot/lib/python3.10/site-packages:/opt/ros/humble/lib/python3.10/site-packages:/opt/ros/humble/local/lib/python3.10/dist-packages', 'COLCON': '1', 'CMAKE_PREFIX_PATH': '/home/sanket/stair_robot_ws/install/stair_robot:/home/sanket/ros2_ws/install/qt_gui_ros2', 'VSCODE_PID': '7488'}, 'shell': False}
[2.020239] (-) TimerEvent: {}
[2.120705] (-) TimerEvent: {}
[2.221506] (-) TimerEvent: {}
[2.321969] (-) TimerEvent: {}
[2.422392] (-) TimerEvent: {}
[2.522794] (-) TimerEvent: {}
[2.623215] (-) TimerEvent: {}
[2.635196] (agv) StdoutLine: {'line': b'running develop\n'}
[2.723541] (-) TimerEvent: {}
[2.826097] (-) TimerEvent: {}
[2.927166] (-) TimerEvent: {}
[3.027698] (-) TimerEvent: {}
[3.038037] (agv) StdoutLine: {'line': b'running egg_info\n'}
[3.039118] (agv) StdoutLine: {'line': b'writing agv.egg-info/PKG-INFO\n'}
[3.039251] (agv) StdoutLine: {'line': b'writing dependency_links to agv.egg-info/dependency_links.txt\n'}
[3.039349] (agv) StdoutLine: {'line': b'writing entry points to agv.egg-info/entry_points.txt\n'}
[3.039438] (agv) StdoutLine: {'line': b'writing requirements to agv.egg-info/requires.txt\n'}
[3.039525] (agv) StdoutLine: {'line': b'writing top-level names to agv.egg-info/top_level.txt\n'}
[3.045142] (agv) StdoutLine: {'line': b"reading manifest file 'agv.egg-info/SOURCES.txt'\n"}
[3.045467] (agv) StdoutLine: {'line': b"writing manifest file 'agv.egg-info/SOURCES.txt'\n"}
[3.045933] (agv) StdoutLine: {'line': b'running build_ext\n'}
[3.046153] (agv) StdoutLine: {'line': b'Creating /home/sanket/Documents/XP_Robotics/StepFile_gazebo/AGV/agv_simulation_workspace/install/agv/lib/python3.10/site-packages/agv.egg-link (link to .)\n'}
[3.046314] (agv) StdoutLine: {'line': b'Installing analyze_results script to /home/sanket/Documents/XP_Robotics/StepFile_gazebo/AGV/agv_simulation_workspace/install/agv/lib/agv\n'}
[3.046389] (agv) StdoutLine: {'line': b'Installing goal_pid_controller script to /home/sanket/Documents/XP_Robotics/StepFile_gazebo/AGV/agv_simulation_workspace/install/agv/lib/agv\n'}
[3.046457] (agv) StdoutLine: {'line': b'Installing random_orchestrator script to /home/sanket/Documents/XP_Robotics/StepFile_gazebo/AGV/agv_simulation_workspace/install/agv/lib/agv\n'}
[3.046536] (agv) StdoutLine: {'line': b'Installing run_tests script to /home/sanket/Documents/XP_Robotics/StepFile_gazebo/AGV/agv_simulation_workspace/install/agv/lib/agv\n'}
[3.046702] (agv) StdoutLine: {'line': b'Installing test_orchestrator script to /home/sanket/Documents/XP_Robotics/StepFile_gazebo/AGV/agv_simulation_workspace/install/agv/lib/agv\n'}
[3.046803] (agv) StdoutLine: {'line': b'Installing tf_to_odom script to /home/sanket/Documents/XP_Robotics/StepFile_gazebo/AGV/agv_simulation_workspace/install/agv/lib/agv\n'}
[3.046922] (agv) StdoutLine: {'line': b'\n'}
[3.047016] (agv) StdoutLine: {'line': b'Installed /home/sanket/Documents/XP_Robotics/StepFile_gazebo/AGV/agv_simulation_workspace/build/agv\n'}
[3.047105] (agv) StdoutLine: {'line': b'running symlink_data\n'}
[3.127850] (-) TimerEvent: {}
[3.154072] (agv) CommandEnded: {'returncode': 0}
[3.185861] (agv) JobEnded: {'identifier': 'agv', 'rc': 0}
[3.186823] (-) EventReactorShutdown: {}
